ARM Linker, 4.1 [Build 481] [Professional]

==============================================================================

Section Cross References

    stm32f10x_startup.o(STACK) refers (Special) to heapauxi.o(.text) for __use_two_region_memory
    stm32f10x_startup.o(HEAP) refers (Special) to heapauxi.o(.text) for __use_two_region_memory
    stm32f10x_startup.o(RESET) refers (Special) to heapauxi.o(.text) for __use_two_region_memory
    stm32f10x_startup.o(RESET) refers to stm32f10x_startup.o(STACK) for Stack
    stm32f10x_startup.o(RESET) refers to os_cpu_a.o(.text) for OSPendSV
    stm32f10x_startup.o(RESET) refers to stm32f10x_it.o(i.SysTickHandler) for SysTickHandler
    stm32f10x_startup.o(RESET) refers to stm32f10x_it.o(i.WWDG_IRQHandler) for WWDG_IRQHandler
    stm32f10x_startup.o(RESET) refers to stm32f10x_it.o(i.PVD_IRQHandler) for PVD_IRQHandler
    stm32f10x_startup.o(RESET) refers to stm32f10x_it.o(i.TAMPER_IRQHandler) for TAMPER_IRQHandler
    stm32f10x_startup.o(RESET) refers to stm32f10x_it.o(i.RTC_IRQHandler) for RTC_IRQHandler
    stm32f10x_startup.o(RESET) refers to stm32f10x_it.o(i.FLASH_IRQHandler) for FLASH_IRQHandler
    stm32f10x_startup.o(RESET) refers to stm32f10x_it.o(i.RCC_IRQHandler) for RCC_IRQHandler
    stm32f10x_startup.o(RESET) refers to stm32f10x_it.o(i.EXTI0_IRQHandler) for EXTI0_IRQHandler
    stm32f10x_startup.o(RESET) refers to stm32f10x_it.o(i.EXTI1_IRQHandler) for EXTI1_IRQHandler
    stm32f10x_startup.o(RESET) refers to stm32f10x_it.o(i.EXTI2_IRQHandler) for EXTI2_IRQHandler
    stm32f10x_startup.o(RESET) refers to stm32f10x_it.o(i.EXTI3_IRQHandler) for EXTI3_IRQHandler
    stm32f10x_startup.o(RESET) refers to stm32f10x_it.o(i.EXTI4_IRQHandler) for EXTI4_IRQHandler
    stm32f10x_startup.o(RESET) refers to stm32f10x_it.o(i.DMAChannel1_IRQHandler) for DMAChannel1_IRQHandler
    stm32f10x_startup.o(RESET) refers to stm32f10x_it.o(i.DMAChannel2_IRQHandler) for DMAChannel2_IRQHandler
    stm32f10x_startup.o(RESET) refers to stm32f10x_it.o(i.DMAChannel3_IRQHandler) for DMAChannel3_IRQHandler
    stm32f10x_startup.o(RESET) refers to stm32f10x_it.o(i.DMAChannel4_IRQHandler) for DMAChannel4_IRQHandler
    stm32f10x_startup.o(RESET) refers to stm32f10x_it.o(i.DMAChannel5_IRQHandler) for DMAChannel5_IRQHandler
    stm32f10x_startup.o(RESET) refers to stm32f10x_it.o(i.DMAChannel6_IRQHandler) for DMAChannel6_IRQHandler
    stm32f10x_startup.o(RESET) refers to stm32f10x_it.o(i.DMAChannel7_IRQHandler) for DMAChannel7_IRQHandler
    stm32f10x_startup.o(RESET) refers to stm32f10x_it.o(i.ADC_IRQHandler) for ADC_IRQHandler
    stm32f10x_startup.o(RESET) refers to stm32f10x_it.o(i.USB_HP_CAN_TX_IRQHandler) for USB_HP_CAN_TX_IRQHandler
    stm32f10x_startup.o(RESET) refers to stm32f10x_it.o(i.USB_LP_CAN_RX0_IRQHandler) for USB_LP_CAN_RX0_IRQHandler
    stm32f10x_startup.o(RESET) refers to stm32f10x_it.o(i.CAN_RX1_IRQHandler) for CAN_RX1_IRQHandler
    stm32f10x_startup.o(RESET) refers to stm32f10x_it.o(i.CAN_SCE_IRQHandler) for CAN_SCE_IRQHandler
    stm32f10x_startup.o(RESET) refers to stm32f10x_it.o(i.EXTI9_5_IRQHandler) for EXTI9_5_IRQHandler
    stm32f10x_startup.o(RESET) refers to stm32f10x_it.o(i.TIM1_BRK_IRQHandler) for TIM1_BRK_IRQHandler
    stm32f10x_startup.o(RESET) refers to stm32f10x_it.o(i.TIM1_UP_IRQHandler) for TIM1_UP_IRQHandler
    stm32f10x_startup.o(RESET) refers to stm32f10x_it.o(i.TIM1_TRG_COM_IRQHandler) for TIM1_TRG_COM_IRQHandler
    stm32f10x_startup.o(RESET) refers to stm32f10x_it.o(i.TIM1_CC_IRQHandler) for TIM1_CC_IRQHandler
    stm32f10x_startup.o(RESET) refers to stm32f10x_it.o(i.TIM2_IRQHandler) for TIM2_IRQHandler
    stm32f10x_startup.o(RESET) refers to stm32f10x_it.o(i.TIM3_IRQHandler) for TIM3_IRQHandler
    stm32f10x_startup.o(RESET) refers to stm32f10x_it.o(i.TIM4_IRQHandler) for TIM4_IRQHandler
    stm32f10x_startup.o(RESET) refers to stm32f10x_it.o(i.I2C1_EV_IRQHandler) for I2C1_EV_IRQHandler
    stm32f10x_startup.o(RESET) refers to stm32f10x_it.o(i.I2C1_ER_IRQHandler) for I2C1_ER_IRQHandler
    stm32f10x_startup.o(RESET) refers to stm32f10x_it.o(i.I2C2_EV_IRQHandler) for I2C2_EV_IRQHandler
    stm32f10x_startup.o(RESET) refers to stm32f10x_it.o(i.I2C2_ER_IRQHandler) for I2C2_ER_IRQHandler
    stm32f10x_startup.o(RESET) refers to stm32f10x_it.o(i.SPI1_IRQHandler) for SPI1_IRQHandler
    stm32f10x_startup.o(RESET) refers to stm32f10x_it.o(i.SPI2_IRQHandler) for SPI2_IRQHandler
    stm32f10x_startup.o(RESET) refers to stm32f10x_it.o(i.USART1_IRQHandler) for USART1_IRQHandler
    stm32f10x_startup.o(RESET) refers to stm32f10x_it.o(i.USART2_IRQHandler) for USART2_IRQHandler
    stm32f10x_startup.o(RESET) refers to stm32f10x_it.o(i.USART3_IRQHandler) for USART3_IRQHandler
    stm32f10x_startup.o(RESET) refers to stm32f10x_it.o(i.EXTI15_10_IRQHandler) for EXTI15_10_IRQHandler
    stm32f10x_startup.o(RESET) refers to stm32f10x_it.o(i.RTCAlarm_IRQHandler) for RTCAlarm_IRQHandler
[...]
    i.SetSysClockTo72                        0x08002790   Section        0  system_stm32f10x.o(i.SetSysClockTo72)
    SetSysClockTo72                          0x08002791   Thumb Code   146  system_stm32f10x.o(i.SetSysClockTo72)
    i.Start_I2c                              0x0800282c   Section        0  i2c.o(i.Start_I2c)
    i.Stop_I2c                               0x08002898   Section        0  i2c.o(i.Stop_I2c)
    i.SysTickHandler                         0x080028f0   Section        0  stm32f10x_it.o(i.SysTickHandler)
    i.SystemInit                             0x08002914   Section        0  system_stm32f10x.o(i.SystemInit)
    i.TAMPER_IRQHandler                      0x08002954   Section        0  stm32f10x_it.o(i.TAMPER_IRQHandler)
    i.TIM1_BRK_IRQHandler                    0x08002956   Section        0  stm32f10x_it.o(i.TIM1_BRK_IRQHandler)
    i.TIM1_CC_IRQHandler                     0x08002958   Section        0  stm32f10x_it.o(i.TIM1_CC_IRQHandler)
    i.TIM1_TRG_COM_IRQHandler                0x0800295a   Section        0  stm32f10x_it.o(i.TIM1_TRG_COM_IRQHandler)
    i.TIM1_UP_IRQHandler                     0x0800295c   Section        0  stm32f10x_it.o(i.TIM1_UP_IRQHandler)
    i.TIM2_Configeration                     0x0800295e   Section        0  bsp.o(i.TIM2_Configeration)
    i.TIM2_IRQHandler                        0x080029b0   Section        0  stm32f10x_it.o(i.TIM2_IRQHandler)
    i.TIM3_Configeration                     0x080029e4   Section        0  bsp.o(i.TIM3_Configeration)
    i.TIM3_IRQHandler                        0x08002a38   Section        0  stm32f10x_it.o(i.TIM3_IRQHandler)
    i.TIM4_Configeration                     0x08002a70   Section        0  bsp.o(i.TIM4_Configeration)
    i.TIM4_IRQHandler                        0x08002ac4   Section        0  stm32f10x_it.o(i.TIM4_IRQHandler)
    i.TIM_ARRPreloadConfig                   0x08002afc   Section        0  stm32f10x_tim.o(i.TIM_ARRPreloadConfig)
    i.TIM_ClearITPendingBit                  0x08002b12   Section        0  stm32f10x_tim.o(i.TIM_ClearITPendingBit)
    i.TIM_Cmd                                0x08002b18   Section        0  stm32f10x_tim.o(i.TIM_Cmd)
    i.TIM_DeInit                             0x08002b30   Section        0  stm32f10x_tim.o(i.TIM_DeInit)
    i.TIM_GetITStatus                        0x08002d40   Section        0  stm32f10x_tim.o(i.TIM_GetITStatus)
    i.TIM_ITConfig                           0x08002d58   Section        0  stm32f10x_tim.o(i.TIM_ITConfig)
    i.TIM_SetCounter                         0x08002d6a   Section        0  stm32f10x_tim.o(i.TIM_SetCounter)
    i.TIM_TimeBaseInit                       0x08002d70   Section        0  stm32f10x_tim.o(i.TIM_TimeBaseInit)
    i.Task_barcode                           0x08002e0c   Section        0  app.o(i.Task_barcode)
    Task_barcode                             0x08002e0d   Thumb Code    96  app.o(i.Task_barcode)
    i.Task_calendar                          0x08002e78   Section        0  app.o(i.Task_calendar)
    Task_calendar                            0x08002e79   Thumb Code   428  app.o(i.Task_calendar)
    i.Task_gprs                              0x0800306c   Section        0  app.o(i.Task_gprs)
    Task_gprs                                0x0800306d   Thumb Code   736  app.o(i.Task_gprs)
    i.Task_guizi                             0x0800342c   Section        0  app.o(i.Task_guizi)
    Task_guizi                               0x0800342d   Thumb Code   272  app.o(i.Task_guizi)
    i.Task_icread                            0x08003554   Section        0  app.o(i.Task_icread)
    Task_icread                              0x08003555   Thumb Code   382  app.o(i.Task_icread)
    i.Task_keyboard                          0x08003720   Section        0  app.o(i.Task_keyboard)
    Task_keyboard                            0x08003721   Thumb Code   106  app.o(i.Task_keyboard)
    i.Task_main                              0x08003794   Section        0  app.o(i.Task_main)
    Task_main                                0x08003795   Thumb Code  1092  app.o(i.Task_main)
    i.Task_savedata                          0x08003bf0   Section        0  app.o(i.Task_savedata)
    Task_savedata                            0x08003bf1   Thumb Code    28  app.o(i.Task_savedata)
    i.TimeDelay                              0x08003c10   Section        0  lcd_dis.o(i.TimeDelay)
    i.USART1_Config                          0x08003c28   Section        0  bsp.o(i.USART1_Config)
    i.USART1_IRQHandler                      0x08003c9c   Section        0  stm32f10x_it.o(i.USART1_IRQHandler)
    i.USART2_Config                          0x08003d3c   Section        0  bsp.o(i.USART2_Config)
    i.USART2_IRQHandler                      0x08003db4   Section        0  stm32f10x_it.o(i.USART2_IRQHandler)
    i.USART3_Config                          0x08003e54   Section        0  bsp.o(i.USART3_Config)
    i.USART3_IRQHandler                      0x08003ed0   Section        0  stm32f10x_it.o(i.USART3_IRQHandler)
    i.USART_ClearITPendingBit                0x08003f6c   Section        0  stm32f10x_usart.o(i.USART_ClearITPendingBit)
    i.USART_Cmd                              0x08003f7c   Section        0  stm32f10x_usart.o(i.USART_Cmd)
    i.USART_GetITStatus                      0x08003f92   Section        0  stm32f10x_usart.o(i.USART_GetITStatus)
    i.USART_ITConfig                         0x08003fd2   Section        0  stm32f10x_usart.o(i.USART_ITConfig)
    i.USART_Init                             0x08004008   Section        0  stm32f10x_usart.o(i.USART_Init)
    i.USART_ReceiveData                      0x080040c4   Section        0  stm32f10x_usart.o(i.USART_ReceiveData)
    i.USART_SendData                         0x080040cc   Section        0  stm32f10x_usart.o(i.USART_SendData)
    i.USBWakeUp_IRQHandler                   0x080040d4   Section        0  stm32f10x_it.o(i.USBWakeUp_IRQHandler)
    i.USB_HP_CAN_TX_IRQHandler               0x080040d6   Section        0  stm32f10x_it.o(i.USB_HP_CAN_TX_IRQHandler)
    i.USB_LP_CAN_RX0_IRQHandler              0x080040d8   Section        0  stm32f10x_it.o(i.USB_LP_CAN_RX0_IRQHandler)
    i.WWDG_IRQHandler                        0x080040da   Section        0  stm32f10x_it.o(i.WWDG_IRQHandler)
    i.adjust_screen_light                    0x080040dc   Section        0  app.o(i.adjust_screen_light)
    i.cal_signal                             0x08004134   Section        0  app.o(i.cal_signal)
    i.chk_cops                               0x080041a4   Section        0  app.o(i.chk_cops)
    i.clearData                              0x08004228   Section        0  app.o(i.clearData)
    i.delay2                                 0x08004328   Section        0  lcd_dis.o(i.delay2)
    i.delay_ms                               0x08004332   Section        0  app.o(i.delay_ms)
    i.delay_us                               0x08004350   Section        0  app.o(i.delay_us)
    i.device_init                            0x0800436c   Section        0  app.o(i.device_init)
    i.draw_adminMenu                         0x08004484   Section        0  app.o(i.draw_adminMenu)
    i.draw_gprs_sig                          0x080047c8   Section        0  app.o(i.draw_gprs_sig)
    i.draw_gprs_status                       0x08004830   Section        0  app.o(i.draw_gprs_status)
    i.draw_guizi_door                        0x0800486c   Section        0  app.o(i.draw_guizi_door)
    i.draw_main_BG                           0x080048ec   Section        0  app.o(i.draw_main_BG)
    i.gprs_send                              0x0800495c   Section        0  app.o(i.gprs_send)
    i.ic_command                             0x080049c4   Section        0  app.o(i.ic_command)
    i.jump_modAdminMenu                      0x08004a34   Section        0  app.o(i.jump_modAdminMenu)
    i.jump_modAdminPwdIn                     0x08004a60   Section        0  app.o(i.jump_modAdminPwdIn)
    i.jump_modMain                           0x08004a98   Section        0  app.o(i.jump_modMain)
    i.jump_modOpenDoor                       0x08004ae8   Section        0  app.o(i.jump_modOpenDoor)
    i.jump_modResetBar                       0x08004b64   Section        0  app.o(i.jump_modResetBar)
    i.jump_modResetGPRS                      0x08004c40   Section        0  app.o(i.jump_modResetGPRS)
    i.jump_modResetIC                        0x08004d3c   Section        0  app.o(i.jump_modResetIC)
    i.jump_modSetGuiziID                     0x08004e10   Section        0  app.o(i.jump_modSetGuiziID)
    i.keyScan                                0x08004ec8   Section        0  app.o(i.keyScan)
    i.main                                   0x080050e8   Section        0  app.o(i.main)
    i.moveMenu                               0x08005188   Section        0  app.o(i.moveMenu)
    i.opendoor                               0x080051fa   Section        0  app.o(i.opendoor)
    i.opendoorAll                            0x08005294   Section        0  app.o(i.opendoorAll)
    i.packDecode                             0x080052bc   Section        0  app.o(i.packDecode)
    i.packMake                               0x08005378   Section        0  app.o(i.packMake)
    i.rdsr                                   0x080053e4   Section        0  spi_flash.o(i.rdsr)
    i.sect_clr                               0x0800540c   Section        0  spi_flash.o(i.sect_clr)
    i.sim900a_send_cmd                       0x08005454   Section        0  app.o(i.sim900a_send_cmd)
    i.sysInit                                0x08005508   Section        0  app.o(i.sysInit)
    i.tp_Config                              0x08005558   Section        0  bsp.o(i.tp_Config)
    i.wdis                                   0x080055ec   Section        0  spi_flash.o(i.wdis)
    i.wen                                    0x08005614   Section        0  spi_flash.o(i.wen)
    i.wip                                    0x08005638   Section        0  spi_flash.o(i.wip)
    i.wsr                                    0x08005648   Section        0  spi_flash.o(i.wsr)
    x$fpl$fpinit                             0x0800568c   Section       14  fpinit.o(x$fpl$fpinit)
    .constdata                               0x0800569a   Section      256  os_core.o(.constdata)
    .constdata                               0x0800579a   Section       40  _printf_hex_int.o(.constdata)
    uc_hextab                                0x0800579a   Data          20  _printf_hex_int.o(.constdata)
    lc_hextab                                0x080057ae   Data          20  _printf_hex_int.o(.constdata)
    .constdata                               0x080057c2   Section       17  __printf_flags_wp.o(.constdata)
    maptable                                 0x080057c2   Data          17  __printf_flags_wp.o(.constdata)
    .data                                    0x20000000   Section      120  app.o(.data)
    .data                                    0x20000078   Section       20  stm32f10x_rcc.o(.data)
    ADCPrescTable                            0x20000078   Data           4  stm32f10x_rcc.o(.data)
    APBAHBPrescTable                         0x2000007c   Data          16  stm32f10x_rcc.o(.data)
    .data                                    0x2000008c   Section       56  os_core.o(.data)
    .data                                    0x200000c4   Section        4  os_core.o(.data)
    .data                                    0x200000c8   Section        4  os_core.o(.data)
    .data                                    0x200000cc   Section        2  i2c.o(.data)
    .bss                                     0x200000d0   Section     9056  app.o(.bss)
    App_TaskStartStk                         0x20000430   Data         512  app.o(.bss)
    Task_mainStk                             0x20000630   Data        2048  app.o(.bss)
    Task_calendarStk                         0x20000e30   Data         512  app.o(.bss)
    Task_savedataStk                         0x20001030   Data         512  app.o(.bss)
    Task_guiziStk                            0x20001230   Data         512  app.o(.bss)
    Task_keyboardStk                         0x20001430   Data         512  app.o(.bss)
    Task_icreadStk                           0x20001630   Data         512  app.o(.bss)
    Task_gprsStk                             0x20001830   Data        2048  app.o(.bss)
    Task_barcodeStk                          0x20002030   Data        1024  app.o(.bss)
    .bss                                     0x20002430   Section     2528  os_core.o(.bss)
    .bss                                     0x20002e10   Section      140  os_core.o(.bss)
    .bss                                     0x20002e9c   Section       96  os_core.o(.bss)
    .bss                                     0x20002efc   Section      140  fifo4serial.o(.bss)
    .bss                                     0x20002f88   Section      140  fifo4serial.o(.bss)
    .bss                                     0x20003014   Section      140  fifo4serial.o(.bss)
    .bss                                     0x200030a0   Section      140  fifo4serial.o(.bss)
    .bss                                     0x2000312c   Section      140  fifo4serial.o(.bss)
    .bss                                     0x200031b8   Section      140  fifo4serial.o(.bss)
    .bss                                     0x20003244   Section       96  libspace.o(.bss)
    HEAP                                     0x200032a8   Section     1024  stm32f10x_startup.o(HEAP)
    Heap                                     0x200032a8   Data           0  stm32f10x_startup.o(HEAP)
    STACK                                    0x200036a8   Section     1024  stm32f10x_startup.o(STACK)
    Stack                                    0x200036a8   Data           0  stm32f10x_startup.o(STACK)

    Global Symbols

    Symbol Name                              Value     Ov Type        Size  Object(Section)

    BuildAttributes$$THM_ISAv4$P$D$K$B$S$PE$A:L22UL41UL21$X:L11$S22US41US21$IEEE1$IW$USESV6$~STKCKD$USESV7$~SHL$OSPACE$ROPI$EBA8$UX$STANDARDLIB$REQ8$PRES8$EABIv2 0x00000000   Number         0  anon$$obj.o ABSOLUTE
    __ARM_use_no_argv                        0x00000000   Number         0  app.o ABSOLUTE
    _printf_flags                            0x00000000   Number         0  printf_stubs.o ABSOLUTE
    _printf_return_value                     0x00000000   Number         0  printf_stubs.o ABSOLUTE
    _printf_sizespec                         0x00000000   Number         0  printf_stubs.o ABSOLUTE
    _printf_widthprec                        0x00000000   Number         0  printf_stubs.o ABSOLUTE
    __ARM_exceptions_init                     - Undefined Weak Reference
    __alloca_initialize                       - Undefined Weak Reference
    __cpp_initialize__aeabi_                  - Undefined Weak Reference
    __cxa_finalize                            - Undefined Weak Reference
    __rt_locale                               - Undefined Weak Reference
    __sigvec_lookup                           - Undefined Weak Reference
    _atexit_init                              - Undefined Weak Reference
    _call_atexit_fns                          - Undefined Weak Reference
    _clock_init                               - Undefined Weak Reference
    _fp_trap_init                             - Undefined Weak Reference
    _fp_trap_shutdown                         - Undefined Weak Reference
    _get_lc_collate                           - Undefined Weak Reference
    _get_lc_ctype                             - Undefined Weak Reference
    _get_lc_monetary                          - Undefined Weak Reference
    _get_lc_numeric                           - Undefined Weak Reference
    _get_lc_time                              - Undefined Weak Reference
    _getenv_init                              - Undefined Weak Reference
    _handle_redirection                       - Undefined Weak Reference
    _init_alloc                               - Undefined Weak Reference
    _init_user_alloc                          - Undefined Weak Reference
    _initio                                   - Undefined Weak Reference
    _printf_mbtowc                            - Undefined Weak Reference
    _printf_truncate_signed                   - Undefined Weak Reference
    _printf_truncate_unsigned                 - Undefined Weak Reference
    _rand_init                                - Undefined Weak Reference
    _signal_finish                            - Undefined Weak Reference
    _signal_init                              - Undefined Weak Reference
    _terminate_alloc                          - Undefined Weak Reference
    _terminate_user_alloc                     - Undefined Weak Reference
    _terminateio                              - Undefined Weak Reference
    __Vectors                                0x08000000   Data           0  stm32f10x_startup.o(RESET)
    Reset_Handler                            0x08000101   Thumb Code     0  stm32f10x_startup.o(RESET)
    __main                                   0x08000119   Thumb Code     8  __main.o(!!!main)
    __scatterload                            0x08000121   Thumb Code     0  __scatter.o(!!!scatter)
    __scatterload_rt2                        0x08000121   Thumb Code    44  __scatter.o(!!!scatter)
    __scatterload_rt2_thumb_only             0x08000121   Thumb Code     0  __scatter.o(!!!scatter)
    __scatterload_null                       0x0800012f   Thumb Code     0  __scatter.o(!!!scatter)
    __scatterload_copy                       0x08000155   Thumb Code    26  __scatter_copy.o(!!handler_copy)
    __scatterload_zeroinit                   0x08000171   Thumb Code    28  __scatter_zi.o(!!handler_zi)
    _printf_d                                0x0800018d   Thumb Code     0  _printf_d.o(.ARM.Collect$$_printf_percent$$00000009)
    _printf_percent                          0x0800018d   Thumb Code     0  _printf_percent.o(.ARM.Collect$$_printf_percent$$00000000)
    _printf_x                                0x08000193   Thumb Code     0  _printf_x.o(.ARM.Collect$$_printf_percent$$0000000C)
    _printf_s                                0x08000199   Thumb Code     0  _printf_s.o(.ARM.Collect$$_printf_percent$$00000014)
    _printf_percent_end                      0x0800019f   Thumb Code     0  _printf_percent_end.o(.ARM.Collect$$_printf_percent$$00000017)
    __rt_lib_init                            0x080001a3   Thumb Code     0  libinit.o(.ARM.Collect$$libinit$$00000000)
    __rt_lib_init_alloca_1                   0x080001a9   Thumb Code     0  libinit2.o(.ARM.Collect$$libinit$$0000002A)
    __rt_lib_init_argv_1                     0x080001a9   Thumb Code     0  libinit2.o(.ARM.Collect$$libinit$$00000028)
    __rt_lib_init_atexit_1                   0x080001a9   Thumb Code     0  libinit2.o(.ARM.Collect$$libinit$$00000017)
    __rt_lib_init_clock_1                    0x080001a9   Thumb Code     0  libinit2.o(.ARM.Collect$$libinit$$0000001D)
    __rt_lib_init_cpp_1                      0x080001a9   Thumb Code     0  libinit2.o(.ARM.Collect$$libinit$$0000002E)
    __rt_lib_init_exceptions_1               0x080001a9   Thumb Code     0  libinit2.o(.ARM.Collect$$libinit$$0000002C)
    __rt_lib_init_fp_trap_1                  0x080001a9   Thumb Code     0  libinit2.o(.ARM.Collect$$libinit$$0000001B)
    __rt_lib_init_getenv_1                   0x080001a9   Thumb Code     0  libinit2.o(.ARM.Collect$$libinit$$0000001F)
    __rt_lib_init_heap_1                     0x080001a9   Thumb Code     0  libinit2.o(.ARM.Collect$$libinit$$00000006)
    __rt_lib_init_lc_collate_1               0x080001a9   Thumb Code     0  libinit2.o(.ARM.Collect$$libinit$$0000000D)
    __rt_lib_init_lc_ctype_1                 0x080001a9   Thumb Code     0  libinit2.o(.ARM.Collect$$libinit$$0000000F)
    __rt_lib_init_lc_monetary_1              0x080001a9   Thumb Code     0  libinit2.o(.ARM.Collect$$libinit$$00000011)
    __rt_lib_init_lc_numeric_1               0x080001a9   Thumb Code     0  libinit2.o(.ARM.Collect$$libinit$$00000013)
    __rt_lib_init_lc_time_1                  0x080001a9   Thumb Code     0  libinit2.o(.ARM.Collect$$libinit$$00000015)
    __rt_lib_init_rand_1                     0x080001a9   Thumb Code     0  libinit2.o(.ARM.Collect$$libinit$$0000000A)
    __rt_lib_init_return                     0x080001a9   Thumb Code     0  libinit2.o(.ARM.Collect$$libinit$$0000002F)
    __rt_lib_init_signal_1                   0x080001a9   Thumb Code     0  libinit2.o(.ARM.Collect$$libinit$$00000019)
    __rt_lib_init_stdio_1                    0x080001a9   Thumb Code     0  libinit2.o(.ARM.Collect$$libinit$$00000021)
    __rt_lib_init_user_alloc_1               0x080001a9   Thumb Code     0  libinit2.o(.ARM.Collect$$libinit$$00000008)
    __rt_lib_shutdown                        0x080001ab   Thumb Code     0  libshutdown.o(.ARM.Collect$$libshutdown$$00000000)
    __rt_lib_shutdown_fp_trap_1              0x080001ad   Thumb Code     0  libshutdown2.o(.ARM.Collect$$libshutdown$$00000006)
    __rt_lib_shutdown_heap_1                 0x080001ad   Thumb Code     0  libshutdown2.o(.ARM.Collect$$libshutdown$$0000000E)
    __rt_lib_shutdown_return                 0x080001ad   Thumb Code     0  libshutdown2.o(.ARM.Collect$$libshutdown$$0000000F)
    __rt_lib_shutdown_signal_1               0x080001ad   Thumb Code     0  libshutdown2.o(.ARM.Collect$$libshutdown$$00000009)
    __rt_lib_shutdown_stdio_1                0x080001ad   Thumb Code     0  libshutdown2.o(.ARM.Collect$$libshutdown$$00000003)
    __rt_lib_shutdown_user_alloc_1           0x080001ad   Thumb Code     0  libshutdown2.o(.ARM.Collect$$libshutdown$$0000000B)
    __rt_entry                               0x080001af   Thumb Code     0  rtentry.o(.ARM.Collect$$rtentry$$00000000)
    __rt_entry_presh_1                       0x080001af   Thumb Code     0  rtentry2.o(.ARM.Collect$$rtentry$$00000002)
    __rt_entry_sh                            0x080001af   Thumb Code     0  rtentry4.o(.ARM.Collect$$rtentry$$00000004)
    __rt_entry_li                            0x080001b5   Thumb Code     0  rtentry2.o(.ARM.Collect$$rtentry$$0000000A)
    __rt_entry_postsh_1                      0x080001b5   Thumb Code     0  rtentry2.o(.ARM.Collect$$rtentry$$00000009)
    __rt_entry_main                          0x080001b9   Thumb Code     0  rtentry2.o(.ARM.Collect$$rtentry$$0000000D)
    __rt_entry_postli_1                      0x080001b9   Thumb Code     0  rtentry2.o(.ARM.Collect$$rtentry$$0000000C)
    __rt_exit                                0x080001c1   Thumb Code     0  rtexit.o(.ARM.Collect$$rtexit$$00000000)
    __rt_exit_ls                             0x080001c3   Thumb Code     0  rtexit2.o(.ARM.Collect$$rtexit$$00000003)
    __rt_exit_prels_1                        0x080001c3   Thumb Code     0  rtexit2.o(.ARM.Collect$$rtexit$$00000002)
    __rt_exit_exit                           0x080001c7   Thumb Code     0  rtexit2.o(.ARM.Collect$$rtexit$$00000004)
    __user_initial_stackheap                 0x080001cd   Thumb Code     0  stm32f10x_startup.o(.text)
    OS_CPU_SR_Save                           0x080001e9   Thumb Code     0  os_cpu_a.o(.text)
    OS_CPU_SR_Restore                        0x080001f1   Thumb Code     0  os_cpu_a.o(.text)
    OSStartHighRdy                           0x080001f7   Thumb Code     0  os_cpu_a.o(.text)
    OSCtxSw                                  0x08000217   Thumb Code     0  os_cpu_a.o(.text)
    OSIntCtxSw                               0x08000221   Thumb Code     0  os_cpu_a.o(.text)
    OSPendSV                                 0x0800022b   Thumb Code     0  os_cpu_a.o(.text)
    CPU_IntDis                               0x08000291   Thumb Code     0  cpu_a.o(.text)
    CPU_IntEn                                0x08000295   Thumb Code     0  cpu_a.o(.text)
    CPU_SR_Save                              0x08000299   Thumb Code     0  cpu_a.o(.text)
    CPU_SR_Restore                           0x080002a1   Thumb Code     0  cpu_a.o(.text)
    __2sprintf                               0x080002a9   Thumb Code    34  noretval__2sprintf.o(.text)
    _printf_pre_padding                      0x080002d1   Thumb Code    44  _printf_pad.o(.text)
    _printf_post_padding                     0x080002fd   Thumb Code    36  _printf_pad.o(.text)
    _printf_str                              0x08000321   Thumb Code    82  _printf_str.o(.text)
    _printf_int_dec                          0x08000375   Thumb Code    98  _printf_dec.o(.text)
    _printf_int_hex                          0x080003e9   Thumb Code    88  _printf_hex_int.o(.text)
    _printf_longlong_hex                     0x080003e9   Thumb Code     0  _printf_hex_int.o(.text)
    __printf                                 0x08000445   Thumb Code   320  __printf_flags_wp.o(.text)
    strstr                                   0x08000589   Thumb Code    36  strstr.o(.text)
    strcpy                                   0x080005ad   Thumb Code    72  strcpy.o(.text)
    strlen                                   0x080005f5   Thumb Code    62  strlen.o(.text)
    strcmp                                   0x08000635   Thumb Code   128  strcmpv7m.o(.text)
    __use_two_region_memory                  0x080006b5   Thumb Code     2  heapauxi.o(.text)
    __rt_heap_escrow$2region                 0x080006b7   Thumb Code     2  heapauxi.o(.text)
    __rt_heap_expand$2region                 0x080006b9   Thumb Code     2  heapauxi.o(.text)
    _printf_int_common                       0x080006bb   Thumb Code   180  _printf_intcommon.o(.text)
    _printf_char_common                      0x0800077b   Thumb Code    32  _printf_char_common.o(.text)
    _sputc                                   0x080007a1   Thumb Code    10  _sputc.o(.text)
    _printf_cs_common                        0x080007ab   Thumb Code    20  _printf_char.o(.text)
    _printf_char                             0x080007bf   Thumb Code    16  _printf_char.o(.text)
    _printf_string                           0x080007cf   Thumb Code     8  _printf_char.o(.text)
    __rt_udiv10                              0x080007d7   Thumb Code    16  rtudiv10.o(.text)
    __user_setup_stackheap                   0x080007e7   Thumb Code    74  sys_stackheap_outer.o(.text)
    exit                                     0x08000831   Thumb Code    12  exit.o(.text)
    __user_libspace                          0x0800083d   Thumb Code     8  libspace.o(.text)
    __user_perproc_libspace                  0x0800083d   Thumb Code     0  libspace.o(.text)
    __user_perthread_libspace                0x0800083d   Thumb Code     0  libspace.o(.text)
    __rt_fp_status_addr                      0x08000845   Thumb Code    12  rt_fp_status_addr_intlibspace.o(.text)
    _sys_exit                                0x08000851   Thumb Code     8  sys_exit.o(.text)
    __I$use$semihosting                      0x0800085d   Thumb Code     0  use_no_semi.o(.text)
    __use_no_semihosting_swi                 0x0800085d   Thumb Code     2  use_no_semi.o(.text)
    ADC_IRQHandler                           0x0800085f   Thumb Code     2  stm32f10x_it.o(i.ADC_IRQHandler)
    Ack_I2c                                  0x08000861   Thumb Code    96  i2c.o(i.Ack_I2c)
    App_TCBInitHook                          0x080008c5   Thumb Code     2  app.o(i.App_TCBInitHook)
    App_TaskCreateHook                       0x08000a45   Thumb Code     2  app.o(i.App_TaskCreateHook)
    App_TaskIdleHook                         0x08000a47   Thumb Code     2  app.o(i.App_TaskIdleHook)
    App_TaskStatHook                         0x08000a67   Thumb Code     2  app.o(i.App_TaskStatHook)
    App_TaskSwHook                           0x08000a69   Thumb Code     2  app.o(i.App_TaskSwHook)
    BSP_Init                                 0x08000a6b   Thumb Code    56  bsp.o(i.BSP_Init)
    CAN_RX1_IRQHandler                       0x08000aa3   Thumb Code     2  stm32f10x_it.o(i.CAN_RX1_IRQHandler)
    CAN_SCE_IRQHandler                       0x08000aa5   Thumb Code     2  stm32f10x_it.o(i.CAN_SCE_IRQHandler)
    ClrScreen                                0x08000aa9   Thumb Code    24  lcd_dis.o(i.ClrScreen)
    DMAChannel1_IRQHandler                   0x08000ac5   Thumb Code     2  stm32f10x_it.o(i.DMAChannel1_IRQHandler)
    DMAChannel2_IRQHandler                   0x08000ac7   Thumb Code     2  stm32f10x_it.o(i.DMAChannel2_IRQHandler)
    DMAChannel3_IRQHandler                   0x08000ac9   Thumb Code     2  stm32f10x_it.o(i.DMAChannel3_IRQHandler)
    DMAChannel4_IRQHandler                   0x08000acb   Thumb Code     2  stm32f10x_it.o(i.DMAChannel4_IRQHandler)
    DMAChannel5_IRQHandler                   0x08000acd   Thumb Code     2  stm32f10x_it.o(i.DMAChannel5_IRQHandler)
    DMAChannel6_IRQHandler                   0x08000acf   Thumb Code     2  stm32f10x_it.o(i.DMAChannel6_IRQHandler)
    DMAChannel7_IRQHandler                   0x08000ad1   Thumb Code     2  stm32f10x_it.o(i.DMAChannel7_IRQHandler)
    EXTI0_IRQHandler                         0x08000ad3   Thumb Code     2  stm32f10x_it.o(i.EXTI0_IRQHandler)
    EXTI15_10_IRQHandler                     0x08000ad5   Thumb Code     2  stm32f10x_it.o(i.EXTI15_10_IRQHandler)
    EXTI1_IRQHandler                         0x08000ad7   Thumb Code     2  stm32f10x_it.o(i.EXTI1_IRQHandler)
    EXTI2_IRQHandler                         0x08000ad9   Thumb Code     2  stm32f10x_it.o(i.EXTI2_IRQHandler)
    EXTI3_IRQHandler                         0x08000adb   Thumb Code     2  stm32f10x_it.o(i.EXTI3_IRQHandler)
    EXTI4_IRQHandler                         0x08000add   Thumb Code     2  stm32f10x_it.o(i.EXTI4_IRQHandler)
    EXTI9_5_IRQHandler                       0x08000adf   Thumb Code     2  stm32f10x_it.o(i.EXTI9_5_IRQHandler)
    FLASH_IRQHandler                         0x08000ae1   Thumb Code     2  stm32f10x_it.o(i.FLASH_IRQHandler)
    GPIO_Configuration                       0x08000ae5   Thumb Code   220  bsp.o(i.GPIO_Configuration)
    GPIO_Init                                0x08000bd5   Thumb Code   166  stm32f10x_gpio.o(i.GPIO_Init)
    GPIO_ReadInputDataBit                    0x08000c7b   Thumb Code    14  stm32f10x_gpio.o(i.GPIO_ReadInputDataBit)
    GPIO_ResetBits                           0x08000c89   Thumb Code     4  stm32f10x_gpio.o(i.GPIO_ResetBits)
    GPIO_SetBits                             0x08000c8d   Thumb Code     4  stm32f10x_gpio.o(i.GPIO_SetBits)
    I2C1_ER_IRQHandler                       0x08000c91   Thumb Code     2  stm32f10x_it.o(i.I2C1_ER_IRQHandler)
    I2C1_EV_IRQHandler                       0x08000c93   Thumb Code     2  stm32f10x_it.o(i.I2C1_EV_IRQHandler)
    I2C2_ER_IRQHandler                       0x08000c95   Thumb Code     2  stm32f10x_it.o(i.I2C2_ER_IRQHandler)
    I2C2_EV_IRQHandler                       0x08000c97   Thumb Code     2  stm32f10x_it.o(i.I2C2_EV_IRQHandler)
    IRcvStr                                  0x08000c99   Thumb Code   116  i2c.o(i.IRcvStr)
    ISendStr                                 0x08000d11   Thumb Code    84  i2c.o(i.ISendStr)
    LCD_Init                                 0x08000d69   Thumb Code    22  lcd_dis.o(i.LCD_Init)
    NVIC_Configuration                       0x08000d85   Thumb Code   172  bsp.o(i.NVIC_Configuration)
    NVIC_Init                                0x08000e31   Thumb Code    92  misc.o(i.NVIC_Init)
    NVIC_PriorityGroupConfig                 0x08000e8d   Thumb Code    10  misc.o(i.NVIC_PriorityGroupConfig)
    NVIC_SetVectorTable                      0x08000ea1   Thumb Code    12  misc.o(i.NVIC_SetVectorTable)
    OSInit                                   0x08000eb5   Thumb Code    46  os_core.o(i.OSInit)
    OSInitHookBegin                          0x08000ee3   Thumb Code     2  os_cpu_c.o(i.OSInitHookBegin)
    OSInitHookEnd                            0x08000ee5   Thumb Code     2  os_cpu_c.o(i.OSInitHookEnd)
    OSIntExit                                0x08000ee9   Thumb Code    80  os_core.o(i.OSIntExit)
    OSMboxCreate                             0x08000f41   Thumb Code    60  os_mbox.o(i.OSMboxCreate)
    OSMboxPend                               0x08000f85   Thumb Code   196  os_mbox.o(i.OSMboxPend)
    OSMboxPost                               0x08001055   Thumb Code    78  os_mbox.o(i.OSMboxPost)
    OSMutexCreate                            0x080010a5   Thumb Code   122  os_mutex.o(i.OSMutexCreate)
    OSMutexPend                              0x0800112d   Thumb Code   454  os_mutex.o(i.OSMutexPend)
    OSMutexPost                              0x0800130d   Thumb Code   166  os_mutex.o(i.OSMutexPost)
    OSQCreate                                0x08001425   Thumb Code   116  os_q.o(i.OSQCreate)
    OSQPend                                  0x080014a5   Thumb Code   198  os_q.o(i.OSQPend)
    OSQPost                                  0x08001579   Thumb Code   108  os_q.o(i.OSQPost)
    OSStart                                  0x080015e5   Thumb Code    38  os_core.o(i.OSStart)
    OSStatInit                               0x08001615   Thumb Code    48  os_core.o(i.OSStatInit)
    OSTCBInitHook                            0x08001649   Thumb Code     4  os_cpu_c.o(i.OSTCBInitHook)
    OSTaskCreate                             0x0800164d   Thumb Code   124  os_task.o(i.OSTaskCreate)
    OSTaskCreateExt                          0x080016d5   Thumb Code   146  os_task.o(i.OSTaskCreateExt)
    OSTaskCreateHook                         0x08001775   Thumb Code     4  os_cpu_c.o(i.OSTaskCreateHook)
    OSTaskIdleHook                           0x08001779   Thumb Code     4  os_cpu_c.o(i.OSTaskIdleHook)
    OSTaskNameSet                            0x0800177d   Thumb Code   126  os_task.o(i.OSTaskNameSet)
    OSTaskStatHook                           0x08001809   Thumb Code     4  os_cpu_c.o(i.OSTaskStatHook)
    OSTaskStkChk                             0x0800180d   Thumb Code   108  os_task.o(i.OSTaskStkChk)
    OSTaskStkInit                            0x08001881   Thumb Code   100  os_cpu_c.o(i.OSTaskStkInit)
    OSTaskSwHook                             0x080018e5   Thumb Code     4  os_cpu_c.o(i.OSTaskSwHook)
    OSTimeDly                                0x080018e9   Thumb Code    70  os_time.o(i.OSTimeDly)
    OSTimeDlyHMSM                            0x08001941   Thumb Code    92  os_time.o(i.OSTimeDlyHMSM)
    OSTimeSet                                0x080019a1   Thumb Code    20  os_time.o(i.OSTimeSet)
    OSTimeTick                               0x080019b9   Thumb Code   174  os_core.o(i.OSTimeTick)
    OSTimeTickHook                           0x08001a6d   Thumb Code     2  os_cpu_c.o(i.OSTimeTickHook)
    OS_CPU_SysTickInit                       0x08001a71   Thumb Code    58  bsp.o(i.OS_CPU_SysTickInit)
    OS_EventTOAbort                          0x08001ab1   Thumb Code    50  os_core.o(i.OS_EventTOAbort)
    OS_EventTaskRdy                          0x08001ae9   Thumb Code   126  os_core.o(i.OS_EventTaskRdy)
    OS_EventTaskWait                         0x08001b75   Thumb Code    68  os_core.o(i.OS_EventTaskWait)
    OS_EventWaitListInit                     0x08001bbd   Thumb Code    22  os_core.o(i.OS_EventWaitListInit)
    OS_FlagInit                              0x08001bd5   Thumb Code    58  os_flag.o(i.OS_FlagInit)
    OS_MemClr                                0x08001d99   Thumb Code    18  os_core.o(i.OS_MemClr)
    OS_QInit                                 0x08001dad   Thumb Code    44  os_q.o(i.OS_QInit)
    OS_Sched                                 0x08001de1   Thumb Code    64  os_core.o(i.OS_Sched)
    OS_StrCopy                               0x08001e49   Thumb Code    28  os_core.o(i.OS_StrCopy)
    OS_StrLen                                0x08001e65   Thumb Code    20  os_core.o(i.OS_StrLen)
    OS_TCBInit                               0x08001e79   Thumb Code   230  os_core.o(i.OS_TCBInit)
    OS_TaskIdle                              0x08001f69   Thumb Code    22  os_core.o(i.OS_TaskIdle)
    OS_TaskStat                              0x08001f85   Thumb Code    92  os_core.o(i.OS_TaskStat)
    OS_TaskStatStkChk                        0x08001fe5   Thumb Code    50  os_core.o(i.OS_TaskStatStkChk)
    OS_TaskStkClr                            0x0800201d   Thumb Code    22  os_task.o(i.OS_TaskStkClr)
    PVD_IRQHandler                           0x08002033   Thumb Code     2  stm32f10x_it.o(i.PVD_IRQHandler)
    PutBitmap                                0x08002035   Thumb Code   106  lcd_dis.o(i.PutBitmap)
    PutChar                                  0x080020a5   Thumb Code    88  lcd_dis.o(i.PutChar)
    PutChar_cn                               0x08002101   Thumb Code   100  lcd_dis.o(i.PutChar_cn)
    PutString                                0x08002169   Thumb Code    72  lcd_dis.o(i.PutString)
    PutString_cn                             0x080021b1   Thumb Code    76  lcd_dis.o(i.PutString_cn)
    QueueIn                                  0x080021fd   Thumb Code    62  fifo4serial.o(i.QueueIn)
    QueueInit                                0x0800223b   Thumb Code    14  fifo4serial.o(i.QueueInit)
    QueueOut                                 0x08002249   Thumb Code    52  fifo4serial.o(i.QueueOut)
    RCC_APB1PeriphClockCmd                   0x0800227d   Thumb Code    20  stm32f10x_rcc.o(i.RCC_APB1PeriphClockCmd)
    RCC_APB1PeriphResetCmd                   0x08002295   Thumb Code    20  stm32f10x_rcc.o(i.RCC_APB1PeriphResetCmd)
    RCC_APB2PeriphClockCmd                   0x080022ad   Thumb Code    20  stm32f10x_rcc.o(i.RCC_APB2PeriphClockCmd)
    RCC_APB2PeriphResetCmd                   0x080022c5   Thumb Code    20  stm32f10x_rcc.o(i.RCC_APB2PeriphResetCmd)
    RCC_Configuration                        0x080022dd   Thumb Code    74  bsp.o(i.RCC_Configuration)
    RCC_GetClocksFreq                        0x08002329   Thumb Code   152  stm32f10x_rcc.o(i.RCC_GetClocksFreq)
    RCC_IRQHandler                           0x080023d1   Thumb Code     2  stm32f10x_it.o(i.RCC_IRQHandler)
    RTCAlarm_IRQHandler                      0x080023d3   Thumb Code     2  stm32f10x_it.o(i.RTCAlarm_IRQHandler)
    RTC_IRQHandler                           0x080023d5   Thumb Code     2  stm32f10x_it.o(i.RTC_IRQHandler)
    RcvByte                                  0x080023d9   Thumb Code   134  i2c.o(i.RcvByte)
    SPI1_IRQHandler                          0x08002465   Thumb Code     2  stm32f10x_it.o(i.SPI1_IRQHandler)
    SPI2_IRQHandler                          0x08002467   Thumb Code     2  stm32f10x_it.o(i.SPI2_IRQHandler)
    SPI_Cmd                                  0x08002469   Thumb Code    22  stm32f10x_spi.o(i.SPI_Cmd)
    SPI_Flash_ReadByte                       0x0800247f   Thumb Code     6  spi_flash.o(i.SPI_Flash_ReadByte)
    SPI_Flash_SendByte                       0x08002485   Thumb Code    48  spi_flash.o(i.SPI_Flash_SendByte)
    SPI_I2S_GetFlagStatus                    0x080024b9   Thumb Code    14  stm32f10x_spi.o(i.SPI_I2S_GetFlagStatus)
    SPI_I2S_ReceiveData                      0x080024c7   Thumb Code     4  stm32f10x_spi.o(i.SPI_I2S_ReceiveData)
    SPI_I2S_SendData                         0x080024cb   Thumb Code     4  stm32f10x_spi.o(i.SPI_I2S_SendData)
    SPI_Init                                 0x080024cf   Thumb Code    56  stm32f10x_spi.o(i.SPI_Init)
    SPI_Send                                 0x08002509   Thumb Code    64  lcd_dis.o(i.SPI_Send)
    SST25_R_BLOCK                            0x0800254d   Thumb Code    84  spi_flash.o(i.SST25_R_BLOCK)
    SST25_W_BLOCK                            0x080025a5   Thumb Code   164  spi_flash.o(i.SST25_W_BLOCK)
    SendByte                                 0x0800264d   Thumb Code   176  i2c.o(i.SendByte)
    SetBG_Color                              0x08002705   Thumb Code    44  lcd_dis.o(i.SetBG_Color)
    SetBackLight                             0x08002735   Thumb Code    34  lcd_dis.o(i.SetBackLight)
    SetFG_Color                              0x0800275d   Thumb Code    44  lcd_dis.o(i.SetFG_Color)
    Start_I2c                                0x0800282d   Thumb Code   102  i2c.o(i.Start_I2c)
    Stop_I2c                                 0x08002899   Thumb Code    82  i2c.o(i.Stop_I2c)
    SysTickHandler                           0x080028f1   Thumb Code    30  stm32f10x_it.o(i.SysTickHandler)
    SystemInit                               0x08002915   Thumb Code    52  system_stm32f10x.o(i.SystemInit)
    TAMPER_IRQHandler                        0x08002955   Thumb Code     2  stm32f10x_it.o(i.TAMPER_IRQHandler)
    TIM1_BRK_IRQHandler                      0x08002957   Thumb Code     2  stm32f10x_it.o(i.TIM1_BRK_IRQHandler)
    TIM1_CC_IRQHandler                       0x08002959   Thumb Code     2  stm32f10x_it.o(i.TIM1_CC_IRQHandler)
    TIM1_TRG_COM_IRQHandler                  0x0800295b   Thumb Code     2  stm32f10x_it.o(i.TIM1_TRG_COM_IRQHandler)
    TIM1_UP_IRQHandler                       0x0800295d   Thumb Code     2  stm32f10x_it.o(i.TIM1_UP_IRQHandler)
    TIM2_Configeration                       0x0800295f   Thumb Code    82  bsp.o(i.TIM2_Configeration)
    TIM2_IRQHandler                          0x080029b1   Thumb Code    48  stm32f10x_it.o(i.TIM2_IRQHandler)
    TIM3_Configeration                       0x080029e5   Thumb Code    80  bsp.o(i.TIM3_Configeration)
    TIM3_IRQHandler                          0x08002a39   Thumb Code    48  stm32f10x_it.o(i.TIM3_IRQHandler)
    TIM4_Configeration                       0x08002a71   Thumb Code    80  bsp.o(i.TIM4_Configeration)
    TIM4_IRQHandler                          0x08002ac5   Thumb Code    48  stm32f10x_it.o(i.TIM4_IRQHandler)
    TIM_ARRPreloadConfig                     0x08002afd   Thumb Code    22  stm32f10x_tim.o(i.TIM_ARRPreloadConfig)
    TIM_ClearITPendingBit                    0x08002b13   Thumb Code     6  stm32f10x_tim.o(i.TIM_ClearITPendingBit)
    TIM_Cmd                                  0x08002b19   Thumb Code    22  stm32f10x_tim.o(i.TIM_Cmd)
    TIM_DeInit                               0x08002b31   Thumb Code   464  stm32f10x_tim.o(i.TIM_DeInit)
    TIM_GetITStatus                          0x08002d41   Thumb Code    24  stm32f10x_tim.o(i.TIM_GetITStatus)
    TIM_ITConfig                             0x08002d59   Thumb Code    18  stm32f10x_tim.o(i.TIM_ITConfig)
    TIM_SetCounter                           0x08002d6b   Thumb Code     4  stm32f10x_tim.o(i.TIM_SetCounter)
    TIM_TimeBaseInit                         0x08002d71   Thumb Code   114  stm32f10x_tim.o(i.TIM_TimeBaseInit)
    TimeDelay                                0x08003c11   Thumb Code    22  lcd_dis.o(i.TimeDelay)
    USART1_Config                            0x08003c29   Thumb Code   108  bsp.o(i.USART1_Config)
    USART1_IRQHandler                        0x08003c9d   Thumb Code   140  stm32f10x_it.o(i.USART1_IRQHandler)
    USART2_Config                            0x08003d3d   Thumb Code   112  bsp.o(i.USART2_Config)
    USART2_IRQHandler                        0x08003db5   Thumb Code   140  stm32f10x_it.o(i.USART2_IRQHandler)
    USART3_Config                            0x08003e55   Thumb Code   116  bsp.o(i.USART3_Config)
    USART3_IRQHandler                        0x08003ed1   Thumb Code   138  stm32f10x_it.o(i.USART3_IRQHandler)
    USART_ClearITPendingBit                  0x08003f6d   Thumb Code    16  stm32f10x_usart.o(i.USART_ClearITPendingBit)
    USART_Cmd                                0x08003f7d   Thumb Code    22  stm32f10x_usart.o(i.USART_Cmd)
    USART_GetITStatus                        0x08003f93   Thumb Code    64  stm32f10x_usart.o(i.USART_GetITStatus)
    USART_ITConfig                           0x08003fd3   Thumb Code    54  stm32f10x_usart.o(i.USART_ITConfig)
    USART_Init                               0x08004009   Thumb Code   184  stm32f10x_usart.o(i.USART_Init)
    USART_ReceiveData                        0x080040c5   Thumb Code     8  stm32f10x_usart.o(i.USART_ReceiveData)
    USART_SendData                           0x080040cd   Thumb Code     8  stm32f10x_usart.o(i.USART_SendData)
    USBWakeUp_IRQHandler                     0x080040d5   Thumb Code     2  stm32f10x_it.o(i.USBWakeUp_IRQHandler)
    USB_HP_CAN_TX_IRQHandler                 0x080040d7   Thumb Code     2  stm32f10x_it.o(i.USB_HP_CAN_TX_IRQHandler)
    USB_LP_CAN_RX0_IRQHandler                0x080040d9   Thumb Code     2  stm32f10x_it.o(i.USB_LP_CAN_RX0_IRQHandler)
    WWDG_IRQHandler                          0x080040db   Thumb Code     2  stm32f10x_it.o(i.WWDG_IRQHandler)
    adjust_screen_light                      0x080040dd   Thumb Code    78  app.o(i.adjust_screen_light)
    cal_signal                               0x08004135   Thumb Code    88  app.o(i.cal_signal)
    chk_cops                                 0x080041a5   Thumb Code    86  app.o(i.chk_cops)
    clearData                                0x08004229   Thumb Code   162  app.o(i.clearData)
    delay2                                   0x08004329   Thumb Code    10  lcd_dis.o(i.delay2)
    delay_ms                                 0x08004333   Thumb Code    30  app.o(i.delay_ms)
    delay_us                                 0x08004351   Thumb Code    26  app.o(i.delay_us)
    device_init                              0x0800436d   Thumb Code   264  app.o(i.device_init)
    draw_adminMenu                           0x08004485   Thumb Code   592  app.o(i.draw_adminMenu)
    draw_gprs_sig                            0x080047c9   Thumb Code    98  app.o(i.draw_gprs_sig)
    draw_gprs_status                         0x08004831   Thumb Code    56  app.o(i.draw_gprs_status)
    draw_guizi_door                          0x0800486d   Thumb Code   124  app.o(i.draw_guizi_door)
    draw_main_BG                             0x080048ed   Thumb Code   108  app.o(i.draw_main_BG)
    gprs_send                                0x0800495d   Thumb Code    74  app.o(i.gprs_send)
    ic_command                               0x080049c5   Thumb Code    94  app.o(i.ic_command)
    jump_modAdminMenu                        0x08004a35   Thumb Code    38  app.o(i.jump_modAdminMenu)
    jump_modAdminPwdIn                       0x08004a61   Thumb Code    32  app.o(i.jump_modAdminPwdIn)
    jump_modMain                             0x08004a99   Thumb Code    72  app.o(i.jump_modMain)
    jump_modOpenDoor                         0x08004ae9   Thumb Code    68  app.o(i.jump_modOpenDoor)
    jump_modResetBar                         0x08004b65   Thumb Code   172  app.o(i.jump_modResetBar)
    jump_modResetGPRS                        0x08004c41   Thumb Code   210  app.o(i.jump_modResetGPRS)
    jump_modResetIC                          0x08004d3d   Thumb Code   162  app.o(i.jump_modResetIC)
    jump_modSetGuiziID                       0x08004e11   Thumb Code   116  app.o(i.jump_modSetGuiziID)
    keyScan                                  0x08004ec9   Thumb Code   536  app.o(i.keyScan)
    main                                     0x080050e9   Thumb Code   122  app.o(i.main)
    moveMenu                                 0x08005189   Thumb Code   114  app.o(i.moveMenu)
    opendoor                                 0x080051fb   Thumb Code   154  app.o(i.opendoor)
    opendoorAll                              0x08005295   Thumb Code    36  app.o(i.opendoorAll)
    packDecode                               0x080052bd   Thumb Code   182  app.o(i.packDecode)
    packMake                                 0x08005379   Thumb Code   104  app.o(i.packMake)
    rdsr                                     0x080053e5   Thumb Code    36  spi_flash.o(i.rdsr)
    sect_clr                                 0x0800540d   Thumb Code    66  spi_flash.o(i.sect_clr)
    sim900a_send_cmd                         0x08005455   Thumb Code   162  app.o(i.sim900a_send_cmd)
    sysInit                                  0x08005509   Thumb Code    74  app.o(i.sysInit)
    tp_Config                                0x08005559   Thumb Code   140  bsp.o(i.tp_Config)
    wdis                                     0x080055ed   Thumb Code    34  spi_flash.o(i.wdis)
    wen                                      0x08005615   Thumb Code    30  spi_flash.o(i.wen)
    wip                                      0x08005639   Thumb Code    16  spi_flash.o(i.wip)
    wsr                                      0x08005649   Thumb Code    62  spi_flash.o(i.wsr)
    _fp_init                                 0x0800568d   Thumb Code    14  fpinit.o(x$fpl$fpinit)
    __fplib_config_pureend_doubles           0x08005699   Thumb Code     0  fpinit.o(x$fpl$fpinit)
    OSUnMapTbl                               0x0800569a   Data         256  os_core.o(.constdata)
    Region$$Table$$Base                      0x080057d4   Number         0  anon$$obj.o(Region$$Table)
    Region$$Table$$Limit                     0x080057f4   Number         0  anon$$obj.o(Region$$Table)
    gprs_strength                            0x20000000   Data           1  app.o(.data)
    gprs_strength_dis                        0x20000001   Data           1  app.o(.data)
    gprs_cops                                0x20000002   Data           1  app.o(.data)
    barcode_on                               0x20000003   Data           1  app.o(.data)
    barcodeShutCount                         0x20000004   Data           1  app.o(.data)
    noOperateCount                           0x20000005   Data           1  app.o(.data)
    noOperateCountPage                       0x20000006   Data           1  app.o(.data)
    scrBackLight                             0x20000007   Data           1  app.o(.data)
    gprs_send_go                             0x20000008   Data           2  app.o(.data)
    mode                                     0x2000000a   Data           2  app.o(.data)
    gprs_status                              0x2000000c   Data           2  app.o(.data)
    strGprsStatus                            0x20000010   Data           4  app.o(.data)
    Screen_OSQ                               0x20000014   Data           4  app.o(.data)
    main_OSQ                                 0x20000018   Data           4  app.o(.data)
    iccard_rev_MBOX                          0x2000001c   Data           4  app.o(.data)
    barcode_rev_MBOX                         0x20000020   Data           4  app.o(.data)
    gprs_rev_MBOX                            0x20000024   Data           4  app.o(.data)
    keyEventMBOX                             0x20000028   Data           4  app.o(.data)
    screenMutexSem                           0x2000002c   Data           4  app.o(.data)
    adminEnterCode                           0x20000030   Data           7  app.o(.data)
    time_data                                0x20000037   Data          20  app.o(.data)
    str_test_gprs                            0x2000004b   Data           9  app.o(.data)
    str_no_card                              0x20000054   Data           9  app.o(.data)
    str_con_ing                              0x2000005d   Data           9  app.o(.data)
    str_CMCC                                 0x20000066   Data           9  app.o(.data)
    str_unicom                               0x2000006f   Data           9  app.o(.data)
    OSCPUUsage                               0x2000008c   Data           1  os_core.o(.data)
    OSStatRdy                                0x2000008d   Data           1  os_core.o(.data)
    OSIntNesting                             0x2000008e   Data           1  os_core.o(.data)
    OSLockNesting                            0x2000008f   Data           1  os_core.o(.data)
    OSPrioCur                                0x20000090   Data           1  os_core.o(.data)
    OSPrioHighRdy                            0x20000091   Data           1  os_core.o(.data)
    OSRdyGrp                                 0x20000092   Data           1  os_core.o(.data)
    OSRunning                                0x20000093   Data           1  os_core.o(.data)
    OSTaskCtr                                0x20000094   Data           1  os_core.o(.data)
    OSTickStepState                          0x20000095   Data           1  os_core.o(.data)
    OSCtxSwCtr                               0x20000098   Data           4  os_core.o(.data)
    OSEventFreeList                          0x2000009c   Data           4  os_core.o(.data)
    OSIdleCtrMax                             0x200000a0   Data           4  os_core.o(.data)
    OSIdleCtrRun                             0x200000a4   Data           4  os_core.o(.data)
    OSRdyTbl                                 0x200000a8   Data           4  os_core.o(.data)
    OSIdleCtr                                0x200000ac   Data           4  os_core.o(.data)
    OSTCBCur                                 0x200000b0   Data           4  os_core.o(.data)
    OSTCBFreeList                            0x200000b4   Data           4  os_core.o(.data)
    OSTCBHighRdy                             0x200000b8   Data           4  os_core.o(.data)
    OSTCBList                                0x200000bc   Data           4  os_core.o(.data)
    OSTime                                   0x200000c0   Data           4  os_core.o(.data)
    OSFlagFreeList                           0x200000c4   Data           4  os_core.o(.data)
    OSQFreeList                              0x200000c8   Data           4  os_core.o(.data)
    ack                                      0x200000cc   Data           1  i2c.o(.data)
    FRAM_ADDRESS                             0x200000cd   Data           1  i2c.o(.data)
    MsgGrp                                   0x200000d0   Data         128  app.o(.bss)
    MsgMainGrp                               0x20000150   Data         128  app.o(.bss)
    sysInfo                                  0x200001d0   Data         608  app.o(.bss)
    OSEventTbl                               0x20002430   Data         320  os_core.o(.bss)
    OSTaskStatStk                            0x20002570   Data         512  os_core.o(.bss)
    OSTaskIdleStk                            0x20002770   Data         512  os_core.o(.bss)
    OSTCBPrioTbl                             0x20002970   Data         128  os_core.o(.bss)
    OSTCBTbl                                 0x200029f0   Data        1056  os_core.o(.bss)
    OSFlagTbl                                0x20002e10   Data         140  os_core.o(.bss)
    OSQTbl                                   0x20002e9c   Data          96  os_core.o(.bss)
    USART1Send                               0x20002efc   Data         140  fifo4serial.o(.bss)
    USART1Recieve                            0x20002f88   Data         140  fifo4serial.o(.bss)
    USART2Send                               0x20003014   Data         140  fifo4serial.o(.bss)
    USART2Recieve                            0x200030a0   Data         140  fifo4serial.o(.bss)
    USART3Send                               0x2000312c   Data         140  fifo4serial.o(.bss)
    USART3Recieve                            0x200031b8   Data         140  fifo4serial.o(.bss)
    __libspace_start                         0x20003244   Data          96  libspace.o(.bss)
    __temporary_stack_top$libspace           0x200032a4   Data           0  libspace.o(.bss)



==============================================================================

Memory Map of the image

  Image Entry point : 0x08000119

  Load Region LR_IROM1 (Base: 0x08000000, Size: 0x000058c4, Max: 0x00080000, ABSOLUTE)

    Execution Region ER_IROM1 (Base: 0x08000000, Size: 0x000057f4, Max: 0x00080000, ABSOLUTE)

    Base Addr    Size         Type   Attr      Idx    E Section Name        Object

    0x08000000   0x00000118   Code   RO            3    RESET               stm32f10x_startup.o
    0x08000118   0x00000008   Code   RO         3621  * !!!main             c_w.l(__main.o)(c_w.l)
    0x08000120   0x00000034   Code   RO         3796    !!!scatter          c_w.l(__scatter.o)(c_w.l)
    0x08000154   0x0000001a   Code   RO         3798    !!handler_copy      c_w.l(__scatter_copy.o)(c_w.l)
    0x0800016e   0x00000002   PAD
    0x08000170   0x0000001c   Code   RO         3800    !!handler_zi        c_w.l(__scatter_zi.o)(c_w.l)
    0x0800018c   0x00000000   Code   RO         3610    .ARM.Collect$$_printf_percent$$00000000  c_w.l(_printf_percent.o)(c_w.l)
    0x0800018c   0x00000006   Code   RO         3609    .ARM.Collect$$_printf_percent$$00000009  c_w.l(_printf_d.o)(c_w.l)
    0x08000192   0x00000006   Code   RO         3608    .ARM.Collect$$_printf_percent$$0000000C  c_w.l(_printf_x.o)(c_w.l)
    0x08000198   0x00000006   Code   RO         3607    .ARM.Collect$$_printf_percent$$00000014  c_w.l(_printf_s.o)(c_w.l)
    0x0800019e   0x00000004   Code   RO         3633    .ARM.Collect$$_printf_percent$$00000017  c_w.l(_printf_percent_end.o)(c_w.l)
    0x080001a2   0x00000006   Code   RO         3666    .ARM.Collect$$libinit$$00000000  c_w.l(libinit.o)(c_w.l)
    0x080001a8   0x00000000   Code   RO         3674    .ARM.Collect$$libinit$$00000006  c_w.l(libinit2.o)(c_w.l)
    0x080001a8   0x00000000   Code   RO         3676    .ARM.Collect$$libinit$$00000008  c_w.l(libinit2.o)(c_w.l)
    0x080001a8   0x00000000   Code   RO         3678    .ARM.Collect$$libinit$$0000000A  c_w.l(libinit2.o)(c_w.l)
    0x080001a8   0x00000000   Code   RO         3681    .ARM.Collect$$libinit$$0000000D  c_w.l(libinit2.o)(c_w.l)
    0x080001a8   0x00000000   Code   RO         3683    .ARM.Collect$$libinit$$0000000F  c_w.l(libinit2.o)(c_w.l)
    0x080001a8   0x00000000   Code   RO         3685    .ARM.Collect$$libinit$$00000011  c_w.l(libinit2.o)(c_w.l)
    0x080001a8   0x00000000   Code   RO         3687    .ARM.Collect$$libinit$$00000013  c_w.l(libinit2.o)(c_w.l)
    0x080001a8   0x00000000   Code   RO         3689    .ARM.Collect$$libinit$$00000015  c_w.l(libinit2.o)(c_w.l)
    0x080001a8   0x00000000   Code   RO         3691    .ARM.Collect$$libinit$$00000017  c_w.l(libinit2.o)(c_w.l)
    0x080001a8   0x00000000   Code   RO         3693    .ARM.Collect$$libinit$$00000019  c_w.l(libinit2.o)(c_w.l)
    0x080001a8   0x00000000   Code   RO         3695    .ARM.Collect$$libinit$$0000001B  c_w.l(libinit2.o)(c_w.l)
    0x080001a8   0x00000000   Code   RO         3697    .ARM.Collect$$libinit$$0000001D  c_w.l(libinit2.o)(c_w.l)
    0x080001a8   0x00000000   Code   RO         3699    .ARM.Collect$$libinit$$0000001F  c_w.l(libinit2.o)(c_w.l)
    0x080001a8   0x00000000   Code   RO         3701    .ARM.Collect$$libinit$$00000021  c_w.l(libinit2.o)(c_w.l)
    0x080001a8   0x00000000   Code   RO         3705    .ARM.Collect$$libinit$$00000028  c_w.l(libinit2.o)(c_w.l)
    0x080001a8   0x00000000   Code   RO         3707    .ARM.Collect$$libinit$$0000002A  c_w.l(libinit2.o)(c_w.l)
    0x080001a8   0x00000000   Code   RO         3709    .ARM.Collect$$libinit$$0000002C  c_w.l(libinit2.o)(c_w.l)
    0x080001a8   0x00000000   Code   RO         3711    .ARM.Collect$$libinit$$0000002E  c_w.l(libinit2.o)(c_w.l)
    0x080001a8   0x00000002   Code   RO         3712    .ARM.Collect$$libinit$$0000002F  c_w.l(libinit2.o)(c_w.l)
    0x080001aa   0x00000002   Code   RO         3738    .ARM.Collect$$libshutdown$$00000000  c_w.l(libshutdown.o)(c_w.l)
    0x080001ac   0x00000000   Code   RO         3751    .ARM.Collect$$libshutdown$$00000003  c_w.l(libshutdown2.o)(c_w.l)
    0x080001ac   0x00000000   Code   RO         3754    .ARM.Collect$$libshutdown$$00000006  c_w.l(libshutdown2.o)(c_w.l)
    0x080001ac   0x00000000   Code   RO         3757    .ARM.Collect$$libshutdown$$00000009  c_w.l(libshutdown2.o)(c_w.l)
    0x080001ac   0x00000000   Code   RO         3759    .ARM.Collect$$libshutdown$$0000000B  c_w.l(libshutdown2.o)(c_w.l)
    0x080001ac   0x00000000   Code   RO         3762    .ARM.Collect$$libshutdown$$0000000E  c_w.l(libshutdown2.o)(c_w.l)
    0x080001ac   0x00000002   Code   RO         3763    .ARM.Collect$$libshutdown$$0000000F  c_w.l(libshutdown2.o)(c_w.l)
    0x080001ae   0x00000000   Code   RO         3623    .ARM.Collect$$rtentry$$00000000  c_w.l(rtentry.o)(c_w.l)
    0x080001ae   0x00000000   Code   RO         3637    .ARM.Collect$$rtentry$$00000002  c_w.l(rtentry2.o)(c_w.l)
    0x080001ae   0x00000006   Code   RO         3652    .ARM.Collect$$rtentry$$00000004  c_w.l(rtentry4.o)(c_w.l)
    0x080001b4   0x00000000   Code   RO         3639    .ARM.Collect$$rtentry$$00000009  c_w.l(rtentry2.o)(c_w.l)
    0x080001b4   0x00000004   Code   RO         3640    .ARM.Collect$$rtentry$$0000000A  c_w.l(rtentry2.o)(c_w.l)
    0x080001b8   0x00000000   Code   RO         3642    .ARM.Collect$$rtentry$$0000000C  c_w.l(rtentry2.o)(c_w.l)
    0x080001b8   0x00000008   Code   RO         3643    .ARM.Collect$$rtentry$$0000000D  c_w.l(rtentry2.o)(c_w.l)
    0x080001c0   0x00000002   Code   RO         3670    .ARM.Collect$$rtexit$$00000000  c_w.l(rtexit.o)(c_w.l)
    0x080001c2   0x00000000   Code   RO         3716    .ARM.Collect$$rtexit$$00000002  c_w.l(rtexit2.o)(c_w.l)
    0x080001c2   0x00000004   Code   RO         3717    .ARM.Collect$$rtexit$$00000003  c_w.l(rtexit2.o)(c_w.l)
    0x080001c6   0x00000006   Code   RO         3718    .ARM.Collect$$rtexit$$00000004  c_w.l(rtexit2.o)(c_w.l)
    0x080001cc   0x0000001c   Code   RO            4    .text               stm32f10x_startup.o
    0x080001e8   0x000000a8   Code   RO         2398    .text               os_cpu_a.o
    0x08000290   0x00000016   Code   RO         2401    .text               cpu_a.o
    0x080002a6   0x00000002   PAD
    0x080002a8   0x00000028   Code   RO         3558    .text               c_w.l(noretval__2sprintf.o)(c_w.l)
    0x080002d0   0x00000050   Code   RO         3562    .text               c_w.l(_printf_pad.o)(c_w.l)
    0x08000320   0x00000052   Code   RO         3564    .text               c_w.l(_printf_str.o)(c_w.l)
    0x08000372   0x00000002   PAD
    0x08000374   0x00000074   Code   RO         3566    .text               c_w.l(_printf_dec.o)(c_w.l)
    0x080003e8   0x0000005c   Code   RO         3571    .text               c_w.l(_printf_hex_int.o)(c_w.l)
    0x08000444   0x00000144   Code   RO         3599    .text               c_w.l(__printf_flags_wp.o)(c_w.l)
    0x08000588   0x00000024   Code   RO         3611    .text               c_w.l(strstr.o)(c_w.l)
    0x080005ac   0x00000048   Code   RO         3613    .text               c_w.l(strcpy.o)(c_w.l)
    0x080005f4   0x0000003e   Code   RO         3615    .text               c_w.l(strlen.o)(c_w.l)
    0x08000632   0x00000002   PAD
    0x08000634   0x00000080   Code   RO         3617    .text               c_w.l(strcmpv7m.o)(c_w.l)
    0x080006b4   0x00000006   Code   RO         3619    .text               c_w.l(heapauxi.o)(c_w.l)
    0x080006ba   0x000000b4   Code   RO         3625    .text               c_w.l(_printf_intcommon.o)(c_w.l)
    0x0800076e   0x00000002   PAD
    0x08000770   0x00000030   Code   RO         3627    .text               c_w.l(_printf_char_common.o)(c_w.l)
    0x080007a0   0x0000000a   Code   RO         3629    .text               c_w.l(_sputc.o)(c_w.l)
    0x080007aa   0x0000002c   Code   RO         3631    .text               c_w.l(_printf_char.o)(c_w.l)
    0x080007d6   0x00000010   Code   RO         3634    .text               c_w.l(rtudiv10.o)(c_w.l)
    0x080007e6   0x0000004a   Code   RO         3656    .text               c_w.l(sys_stackheap_outer.o)(c_w.l)
    0x08000830   0x0000000c   Code   RO         3658    .text               c_w.l(exit.o)(c_w.l)
    0x0800083c   0x00000008   Code   RO         3667    .text               c_w.l(libspace.o)(c_w.l)
    0x08000844   0x0000000c   Code   RO         3726    .text               c_w.l(rt_fp_status_addr_intlibspace.o)(c_w.l)
    0x08000850   0x0000000c   Code   RO         3730    .text               c_w.l(sys_exit.o)(c_w.l)
    0x0800085c   0x00000002   Code   RO         3741    .text               c_w.l(use_no_semi.o)(c_w.l)
    0x0800085e   0x00000002   Code   RO          509    i.ADC_IRQHandler    stm32f10x_it.o
    0x08000860   0x00000064   Code   RO         3396    i.Ack_I2c           i2c.o
    0x080008c4   0x00000002   Code   RO           11    i.App_TCBInitHook   app.o
    0x080008c6   0x00000002   PAD
    0x080008c8   0x0000017c   Code   RO           12    i.App_TaskCreate    app.o
    0x08000a44   0x00000002   Code   RO           13    i.App_TaskCreateHook  app.o
    0x08000a46   0x00000002   Code   RO           15    i.App_TaskIdleHook  app.o
    0x08000a48   0x0000001e   Code   RO           16    i.App_TaskStart     app.o
    0x08000a66   0x00000002   Code   RO           17    i.App_TaskStatHook  app.o
    0x08000a68   0x00000002   Code   RO           18    i.App_TaskSwHook    app.o
    0x08000a6a   0x00000038   Code   RO          951    i.BSP_Init          bsp.o
    0x08000aa2   0x00000002   Code   RO          511    i.CAN_RX1_IRQHandler  stm32f10x_it.o
    0x08000aa4   0x00000002   Code   RO          512    i.CAN_SCE_IRQHandler  stm32f10x_it.o
    0x08000aa6   0x00000002   PAD
    0x08000aa8   0x0000001c   Code   RO         3112    i.ClrScreen         lcd_dis.o
    0x08000ac4   0x00000002   Code   RO          517    i.DMAChannel1_IRQHandler  stm32f10x_it.o
    0x08000ac6   0x00000002   Code   RO          518    i.DMAChannel2_IRQHandler  stm32f10x_it.o
    0x08000ac8   0x00000002   Code   RO          519    i.DMAChannel3_IRQHandler  stm32f10x_it.o
    0x08000aca   0x00000002   Code   RO          520    i.DMAChannel4_IRQHandler  stm32f10x_it.o
    0x08000acc   0x00000002   Code   RO          521    i.DMAChannel5_IRQHandler  stm32f10x_it.o
    0x08000ace   0x00000002   Code   RO          522    i.DMAChannel6_IRQHandler  stm32f10x_it.o
    0x08000ad0   0x00000002   Code   RO          523    i.DMAChannel7_IRQHandler  stm32f10x_it.o
    0x08000ad2   0x00000002   Code   RO          525    i.EXTI0_IRQHandler  stm32f10x_it.o
    0x08000ad4   0x00000002   Code   RO          526    i.EXTI15_10_IRQHandler  stm32f10x_it.o
    0x08000ad6   0x00000002   Code   RO          527    i.EXTI1_IRQHandler  stm32f10x_it.o
    0x08000ad8   0x00000002   Code   RO          528    i.EXTI2_IRQHandler  stm32f10x_it.o
    0x08000ada   0x00000002   Code   RO          529    i.EXTI3_IRQHandler  stm32f10x_it.o
    0x08000adc   0x00000002   Code   RO          530    i.EXTI4_IRQHandler  stm32f10x_it.o
    0x08000ade   0x00000002   Code   RO          531    i.EXTI9_5_IRQHandler  stm32f10x_it.o
    0x08000ae0   0x00000002   Code   RO          532    i.FLASH_IRQHandler  stm32f10x_it.o
    0x08000ae2   0x00000002   PAD
    0x08000ae4   0x000000f0   Code   RO          952    i.GPIO_Configuration  bsp.o
    0x08000bd4   0x000000a6   Code   RO         1111    i.GPIO_Init         stm32f10x_gpio.o
    0x08000c7a   0x0000000e   Code   RO         1115    i.GPIO_ReadInputDataBit  stm32f10x_gpio.o
    0x08000c88   0x00000004   Code   RO         1118    i.GPIO_ResetBits    stm32f10x_gpio.o
    0x08000c8c   0x00000004   Code   RO         1119    i.GPIO_SetBits      stm32f10x_gpio.o
    0x08000c90   0x00000002   Code   RO          535    i.I2C1_ER_IRQHandler  stm32f10x_it.o
    0x08000c92   0x00000002   Code   RO          536    i.I2C1_EV_IRQHandler  stm32f10x_it.o
    0x08000c94   0x00000002   Code   RO          537    i.I2C2_ER_IRQHandler  stm32f10x_it.o
    0x08000c96   0x00000002   Code   RO          538    i.I2C2_EV_IRQHandler  stm32f10x_it.o
    0x08000c98   0x00000078   Code   RO         3408    i.IRcvStr           i2c.o
    0x08000d10   0x00000058   Code   RO         3410    i.ISendStr          i2c.o
    0x08000d68   0x0000001c   Code   RO         3114    i.LCD_Init          lcd_dis.o
    0x08000d84   0x000000ac   Code   RO          953    i.NVIC_Configuration  bsp.o
    0x08000e30   0x0000005c   Code   RO         1069    i.NVIC_Init         misc.o
    0x08000e8c   0x00000014   Code   RO         1070    i.NVIC_PriorityGroupConfig  misc.o
    0x08000ea0   0x00000014   Code   RO         1071    i.NVIC_SetVectorTable  misc.o
    0x08000eb4   0x0000002e   Code   RO         2406    i.OSInit            os_core.o
    0x08000ee2   0x00000002   Code   RO         2291    i.OSInitHookBegin   os_cpu_c.o
    0x08000ee4   0x00000002   Code   RO         2292    i.OSInitHookEnd     os_cpu_c.o
    0x08000ee6   0x00000002   PAD
    0x08000ee8   0x00000058   Code   RO         2408    i.OSIntExit         os_core.o
    0x08000f40   0x00000044   Code   RO         2715    i.OSMboxCreate      os_mbox.o
    0x08000f84   0x000000d0   Code   RO         2717    i.OSMboxPend        os_mbox.o
    0x08001054   0x0000004e   Code   RO         2719    i.OSMboxPost        os_mbox.o
    0x080010a2   0x00000002   PAD
    0x080010a4   0x00000088   Code   RO         3021    i.OSMutexCreate     os_mutex.o
    0x0800112c   0x000001e0   Code   RO         3023    i.OSMutexPend       os_mutex.o
    0x0800130c   0x000000b4   Code   RO         3024    i.OSMutexPost       os_mutex.o
    0x080013c0   0x00000064   Code   RO         3026    i.OSMutex_RdyAtPrio  os_mutex.o
    0x08001424   0x00000080   Code   RO         2775    i.OSQCreate         os_q.o
    0x080014a4   0x000000d4   Code   RO         2778    i.OSQPend           os_q.o
    0x08001578   0x0000006c   Code   RO         2780    i.OSQPost           os_q.o
    0x080015e4   0x00000030   Code   RO         2411    i.OSStart           os_core.o
    0x08001614   0x00000034   Code   RO         2412    i.OSStatInit        os_core.o
    0x08001648   0x00000004   Code   RO         2293    i.OSTCBInitHook     os_cpu_c.o
    0x0800164c   0x00000088   Code   RO         2901    i.OSTaskCreate      os_task.o
    0x080016d4   0x000000a0   Code   RO         2902    i.OSTaskCreateExt   os_task.o
    0x08001774   0x00000004   Code   RO         2294    i.OSTaskCreateHook  os_cpu_c.o
    0x08001778   0x00000004   Code   RO         2296    i.OSTaskIdleHook    os_cpu_c.o
    0x0800177c   0x0000008c   Code   RO         2906    i.OSTaskNameSet     os_task.o
    0x08001808   0x00000004   Code   RO         2297    i.OSTaskStatHook    os_cpu_c.o
    0x0800180c   0x00000074   Code   RO         2909    i.OSTaskStkChk      os_task.o
    0x08001880   0x00000064   Code   RO         2298    i.OSTaskStkInit     os_cpu_c.o
    0x080018e4   0x00000004   Code   RO         2299    i.OSTaskSwHook      os_cpu_c.o
    0x080018e8   0x00000058   Code   RO         2978    i.OSTimeDly         os_time.o
    0x08001940   0x00000060   Code   RO         2979    i.OSTimeDlyHMSM     os_time.o
    0x080019a0   0x00000018   Code   RO         2982    i.OSTimeSet         os_time.o
    0x080019b8   0x000000b4   Code   RO         2413    i.OSTimeTick        os_core.o
    0x08001a6c   0x00000002   Code   RO         2300    i.OSTimeTickHook    os_cpu_c.o
    0x08001a6e   0x00000002   PAD
    0x08001a70   0x00000040   Code   RO          954    i.OS_CPU_SysTickInit  bsp.o
    0x08001ab0   0x00000038   Code   RO         2416    i.OS_EventTOAbort   os_core.o
    0x08001ae8   0x0000008c   Code   RO         2417    i.OS_EventTaskRdy   os_core.o
    0x08001b74   0x00000048   Code   RO         2418    i.OS_EventTaskWait  os_core.o
    0x08001bbc   0x00000016   Code   RO         2419    i.OS_EventWaitListInit  os_core.o
    0x08001bd2   0x00000002   PAD
    0x08001bd4   0x00000044   Code   RO         2638    i.OS_FlagInit       os_flag.o
    0x08001c18   0x00000044   Code   RO         2420    i.OS_InitEventList  os_core.o
    0x08001c5c   0x00000020   Code   RO         2421    i.OS_InitMisc       os_core.o
    0x08001c7c   0x00000028   Code   RO         2422    i.OS_InitRdyList    os_core.o
    0x08001ca4   0x00000054   Code   RO         2423    i.OS_InitTCBList    os_core.o
    0x08001cf8   0x00000050   Code   RO         2424    i.OS_InitTaskIdle   os_core.o
    0x08001d48   0x00000050   Code   RO         2425    i.OS_InitTaskStat   os_core.o
    0x08001d98   0x00000012   Code   RO         2426    i.OS_MemClr         os_core.o
    0x08001daa   0x00000002   PAD
    0x08001dac   0x00000034   Code   RO         2784    i.OS_QInit          os_q.o
    0x08001de0   0x00000048   Code   RO         2428    i.OS_Sched          os_core.o
    0x08001e28   0x00000020   Code   RO         2429    i.OS_SchedNew       os_core.o
    0x08001e48   0x0000001c   Code   RO         2430    i.OS_StrCopy        os_core.o
    0x08001e64   0x00000014   Code   RO         2431    i.OS_StrLen         os_core.o
    0x08001e78   0x000000f0   Code   RO         2432    i.OS_TCBInit        os_core.o
    0x08001f68   0x0000001c   Code   RO         2433    i.OS_TaskIdle       os_core.o
    0x08001f84   0x00000060   Code   RO         2434    i.OS_TaskStat       os_core.o
    0x08001fe4   0x00000038   Code   RO         2435    i.OS_TaskStatStkChk  os_core.o
    0x0800201c   0x00000016   Code   RO         2911    i.OS_TaskStkClr     os_task.o
    0x08002032   0x00000002   Code   RO          541    i.PVD_IRQHandler    stm32f10x_it.o
    0x08002034   0x00000070   Code   RO         3116    i.PutBitmap         lcd_dis.o
    0x080020a4   0x0000005c   Code   RO         3117    i.PutChar           lcd_dis.o
    0x08002100   0x00000068   Code   RO         3118    i.PutChar_cn        lcd_dis.o
    0x08002168   0x00000048   Code   RO         3120    i.PutString         lcd_dis.o
    0x080021b0   0x0000004c   Code   RO         3121    i.PutString_cn      lcd_dis.o
    0x080021fc   0x0000003e   Code   RO         3519    i.QueueIn           fifo4serial.o
    0x0800223a   0x0000000e   Code   RO         3520    i.QueueInit         fifo4serial.o
    0x08002248   0x00000034   Code   RO         3521    i.QueueOut          fifo4serial.o
    0x0800227c   0x00000018   Code   RO         1221    i.RCC_APB1PeriphClockCmd  stm32f10x_rcc.o
    0x08002294   0x00000018   Code   RO         1222    i.RCC_APB1PeriphResetCmd  stm32f10x_rcc.o
    0x080022ac   0x00000018   Code   RO         1223    i.RCC_APB2PeriphClockCmd  stm32f10x_rcc.o
    0x080022c4   0x00000018   Code   RO         1224    i.RCC_APB2PeriphResetCmd  stm32f10x_rcc.o
    0x080022dc   0x0000004a   Code   RO          955    i.RCC_Configuration  bsp.o
    0x08002326   0x00000002   PAD
    0x08002328   0x000000a8   Code   RO         1231    i.RCC_GetClocksFreq  stm32f10x_rcc.o
    0x080023d0   0x00000002   Code   RO          543    i.RCC_IRQHandler    stm32f10x_it.o
    0x080023d2   0x00000002   Code   RO          544    i.RTCAlarm_IRQHandler  stm32f10x_it.o
    0x080023d4   0x00000002   Code   RO          545    i.RTC_IRQHandler    stm32f10x_it.o
    0x080023d6   0x00000002   PAD
    0x080023d8   0x0000008c   Code   RO         3411    i.RcvByte           i2c.o
    0x08002464   0x00000002   Code   RO          547    i.SPI1_IRQHandler   stm32f10x_it.o
    0x08002466   0x00000002   Code   RO          548    i.SPI2_IRQHandler   stm32f10x_it.o
    0x08002468   0x00000016   Code   RO         1604    i.SPI_Cmd           stm32f10x_spi.o
    0x0800247e   0x00000006   Code   RO         3320    i.SPI_Flash_ReadByte  spi_flash.o
    0x08002484   0x00000034   Code   RO         3321    i.SPI_Flash_SendByte  spi_flash.o
    0x080024b8   0x0000000e   Code   RO         1612    i.SPI_I2S_GetFlagStatus  stm32f10x_spi.o
    0x080024c6   0x00000004   Code   RO         1615    i.SPI_I2S_ReceiveData  stm32f10x_spi.o
    0x080024ca   0x00000004   Code   RO         1616    i.SPI_I2S_SendData  stm32f10x_spi.o
    0x080024ce   0x00000038   Code   RO         1617    i.SPI_Init          stm32f10x_spi.o
    0x08002506   0x00000002   PAD
    0x08002508   0x00000044   Code   RO         3124    i.SPI_Send          lcd_dis.o
    0x0800254c   0x00000058   Code   RO         3322    i.SST25_R_BLOCK     spi_flash.o
    0x080025a4   0x000000a8   Code   RO         3323    i.SST25_W_BLOCK     spi_flash.o
    0x0800264c   0x000000b8   Code   RO         3412    i.SendByte          i2c.o
    0x08002704   0x00000030   Code   RO         3125    i.SetBG_Color       lcd_dis.o
    0x08002734   0x00000028   Code   RO         3126    i.SetBackLight      lcd_dis.o
    0x0800275c   0x00000030   Code   RO         3127    i.SetFG_Color       lcd_dis.o
    0x0800278c   0x00000004   Code   RO         3077    i.SetSysClock       system_stm32f10x.o
    0x08002790   0x0000009c   Code   RO         3078    i.SetSysClockTo72   system_stm32f10x.o
    0x0800282c   0x0000006c   Code   RO         3413    i.Start_I2c         i2c.o
    0x08002898   0x00000058   Code   RO         3414    i.Stop_I2c          i2c.o
    0x080028f0   0x00000024   Code   RO          551    i.SysTickHandler    stm32f10x_it.o
    0x08002914   0x00000040   Code   RO         3080    i.SystemInit        system_stm32f10x.o
    0x08002954   0x00000002   Code   RO          552    i.TAMPER_IRQHandler  stm32f10x_it.o
    0x08002956   0x00000002   Code   RO          553    i.TIM1_BRK_IRQHandler  stm32f10x_it.o
    0x08002958   0x00000002   Code   RO          554    i.TIM1_CC_IRQHandler  stm32f10x_it.o
    0x0800295a   0x00000002   Code   RO          555    i.TIM1_TRG_COM_IRQHandler  stm32f10x_it.o
    0x0800295c   0x00000002   Code   RO          556    i.TIM1_UP_IRQHandler  stm32f10x_it.o
    0x0800295e   0x00000052   Code   RO          956    i.TIM2_Configeration  bsp.o
    0x080029b0   0x00000034   Code   RO          557    i.TIM2_IRQHandler   stm32f10x_it.o
    0x080029e4   0x00000054   Code   RO          957    i.TIM3_Configeration  bsp.o
    0x08002a38   0x00000038   Code   RO          558    i.TIM3_IRQHandler   stm32f10x_it.o
    0x08002a70   0x00000054   Code   RO          958    i.TIM4_Configeration  bsp.o
    0x08002ac4   0x00000038   Code   RO          559    i.TIM4_IRQHandler   stm32f10x_it.o
    0x08002afc   0x00000016   Code   RO         1747    i.TIM_ARRPreloadConfig  stm32f10x_tim.o
    0x08002b12   0x00000006   Code   RO         1754    i.TIM_ClearITPendingBit  stm32f10x_tim.o
    0x08002b18   0x00000016   Code   RO         1759    i.TIM_Cmd           stm32f10x_tim.o
    0x08002b2e   0x00000002   PAD
    0x08002b30   0x00000210   Code   RO         1764    i.TIM_DeInit        stm32f10x_tim.o
    0x08002d40   0x00000018   Code   RO         1780    i.TIM_GetITStatus   stm32f10x_tim.o
    0x08002d58   0x00000012   Code   RO         1784    i.TIM_ITConfig      stm32f10x_tim.o
    0x08002d6a   0x00000004   Code   RO         1824    i.TIM_SetCounter    stm32f10x_tim.o
    0x08002d6e   0x00000002   PAD
    0x08002d70   0x0000009c   Code   RO         1830    i.TIM_TimeBaseInit  stm32f10x_tim.o
    0x08002e0c   0x0000006c   Code   RO           20    i.Task_barcode      app.o
    0x08002e78   0x000001f4   Code   RO           21    i.Task_calendar     app.o
    0x0800306c   0x000003c0   Code   RO           22    i.Task_gprs         app.o
    0x0800342c   0x00000128   Code   RO           23    i.Task_guizi        app.o
    0x08003554   0x000001cc   Code   RO           24    i.Task_icread       app.o
    0x08003720   0x00000074   Code   RO           25    i.Task_keyboard     app.o
    0x08003794   0x0000045c   Code   RO           26    i.Task_main         app.o
    0x08003bf0   0x00000020   Code   RO           27    i.Task_savedata     app.o
    0x08003c10   0x00000016   Code   RO         3128    i.TimeDelay         lcd_dis.o
    0x08003c26   0x00000002   PAD
    0x08003c28   0x00000074   Code   RO          959    i.USART1_Config     bsp.o
    0x08003c9c   0x000000a0   Code   RO          569    i.USART1_IRQHandler  stm32f10x_it.o
    0x08003d3c   0x00000078   Code   RO          960    i.USART2_Config     bsp.o
    0x08003db4   0x000000a0   Code   RO          570    i.USART2_IRQHandler  stm32f10x_it.o
    0x08003e54   0x0000007c   Code   RO          961    i.USART3_Config     bsp.o
    0x08003ed0   0x0000009c   Code   RO          571    i.USART3_IRQHandler  stm32f10x_it.o
    0x08003f6c   0x00000010   Code   RO         1420    i.USART_ClearITPendingBit  stm32f10x_usart.o
    0x08003f7c   0x00000016   Code   RO         1423    i.USART_Cmd         stm32f10x_usart.o
    0x08003f92   0x00000040   Code   RO         1427    i.USART_GetITStatus  stm32f10x_usart.o
    0x08003fd2   0x00000036   Code   RO         1429    i.USART_ITConfig    stm32f10x_usart.o
    0x08004008   0x000000bc   Code   RO         1430    i.USART_Init        stm32f10x_usart.o
    0x080040c4   0x00000008   Code   RO         1437    i.USART_ReceiveData  stm32f10x_usart.o
    0x080040cc   0x00000008   Code   RO         1440    i.USART_SendData    stm32f10x_usart.o
    0x080040d4   0x00000002   Code   RO          572    i.USBWakeUp_IRQHandler  stm32f10x_it.o
    0x080040d6   0x00000002   Code   RO          573    i.USB_HP_CAN_TX_IRQHandler  stm32f10x_it.o
    0x080040d8   0x00000002   Code   RO          574    i.USB_LP_CAN_RX0_IRQHandler  stm32f10x_it.o
    0x080040da   0x00000002   Code   RO          576    i.WWDG_IRQHandler   stm32f10x_it.o
    0x080040dc   0x00000058   Code   RO           29    i.adjust_screen_light  app.o
    0x08004134   0x00000070   Code   RO           30    i.cal_signal        app.o
    0x080041a4   0x00000084   Code   RO           31    i.chk_cops          app.o
    0x08004228   0x00000100   Code   RO           32    i.clearData         app.o
    0x08004328   0x0000000a   Code   RO         3129    i.delay2            lcd_dis.o
    0x08004332   0x0000001e   Code   RO           33    i.delay_ms          app.o
    0x08004350   0x0000001a   Code   RO           34    i.delay_us          app.o
    0x0800436a   0x00000002   PAD
    0x0800436c   0x00000118   Code   RO           35    i.device_init       app.o
    0x08004484   0x00000344   Code   RO           36    i.draw_adminMenu    app.o
    0x080047c8   0x00000068   Code   RO           37    i.draw_gprs_sig     app.o
    0x08004830   0x0000003c   Code   RO           38    i.draw_gprs_status  app.o
    0x0800486c   0x00000080   Code   RO           39    i.draw_guizi_door   app.o
    0x080048ec   0x00000070   Code   RO           40    i.draw_main_BG      app.o
    0x0800495c   0x00000068   Code   RO           41    i.gprs_send         app.o
    0x080049c4   0x00000070   Code   RO           42    i.ic_command        app.o
    0x08004a34   0x0000002c   Code   RO           44    i.jump_modAdminMenu  app.o
    0x08004a60   0x00000038   Code   RO           45    i.jump_modAdminPwdIn  app.o
    0x08004a98   0x00000050   Code   RO           46    i.jump_modMain      app.o
    0x08004ae8   0x0000007c   Code   RO           47    i.jump_modOpenDoor  app.o
    0x08004b64   0x000000dc   Code   RO           48    i.jump_modResetBar  app.o
    0x08004c40   0x000000fc   Code   RO           49    i.jump_modResetGPRS  app.o
    0x08004d3c   0x000000d4   Code   RO           50    i.jump_modResetIC   app.o
    0x08004e10   0x000000b8   Code   RO           51    i.jump_modSetGuiziID  app.o
    0x08004ec8   0x00000220   Code   RO           54    i.keyScan           app.o
    0x080050e8   0x000000a0   Code   RO           55    i.main              app.o
    0x08005188   0x00000072   Code   RO           56    i.moveMenu          app.o
    0x080051fa   0x0000009a   Code   RO           57    i.opendoor          app.o
    0x08005294   0x00000028   Code   RO           58    i.opendoorAll       app.o
    0x080052bc   0x000000bc   Code   RO           59    i.packDecode        app.o
    0x08005378   0x0000006c   Code   RO           61    i.packMake          app.o
    0x080053e4   0x00000028   Code   RO         3324    i.rdsr              spi_flash.o
    0x0800540c   0x00000048   Code   RO         3325    i.sect_clr          spi_flash.o
    0x08005454   0x000000b4   Code   RO           62    i.sim900a_send_cmd  app.o
    0x08005508   0x00000050   Code   RO           63    i.sysInit           app.o
    0x08005558   0x00000094   Code   RO          963    i.tp_Config         bsp.o
    0x080055ec   0x00000028   Code   RO         3326    i.wdis              spi_flash.o
    0x08005614   0x00000024   Code   RO         3327    i.wen               spi_flash.o
    0x08005638   0x00000010   Code   RO         3328    i.wip               spi_flash.o
    0x08005648   0x00000044   Code   RO         3329    i.wsr               spi_flash.o
    0x0800568c   0x0000000e   Code   RO         3713    x$fpl$fpinit        fz_ws.l(fpinit.o)(fz_ws.l)
    0x0800569a   0x00000100   Data   RO         2439    .constdata          os_core.o
    0x0800579a   0x00000028   Data   RO         3572    .constdata          c_w.l(_printf_hex_int.o)(c_w.l)
    0x080057c2   0x00000011   Data   RO         3600    .constdata          c_w.l(__printf_flags_wp.o)(c_w.l)
    0x080057d3   0x00000001   PAD
    0x080057d4   0x00000020   Data   RO         3794    Region$$Table       anon$$obj.o


    Execution Region RW_IRAM1 (Base: 0x20000000, Size: 0x00003aa8, Max: 0x00010000, ABSOLUTE)

    Base Addr    Size         Type   Attr      Idx    E Section Name        Object

    0x20000000   0x00000078   Data   RW           72    .data               app.o
    0x20000078   0x00000014   Data   RW         1251    .data               stm32f10x_rcc.o
    0x2000008c   0x00000038   Data   RW         2440    .data               os_core.o
    0x200000c4   0x00000004   Data   RW         2441    .data               os_core.o
    0x200000c8   0x00000004   Data   RW         2442    .data               os_core.o
    0x200000cc   0x00000002   Data   RW         3415    .data               i2c.o
    0x200000ce   0x00000002   PAD
    0x200000d0   0x00002360   Zero   RW           71    .bss                app.o
    0x20002430   0x000009e0   Zero   RW         2436    .bss                os_core.o
    0x20002e10   0x0000008c   Zero   RW         2437    .bss                os_core.o
    0x20002e9c   0x00000060   Zero   RW         2438    .bss                os_core.o
    0x20002efc   0x0000008c   Zero   RW         3522    .bss                fifo4serial.o
    0x20002f88   0x0000008c   Zero   RW         3523    .bss                fifo4serial.o
    0x20003014   0x0000008c   Zero   RW         3524    .bss                fifo4serial.o
    0x200030a0   0x0000008c   Zero   RW         3525    .bss                fifo4serial.o
    0x2000312c   0x0000008c   Zero   RW         3526    .bss                fifo4serial.o
    0x200031b8   0x0000008c   Zero   RW         3527    .bss                fifo4serial.o
    0x20003244   0x00000060   Zero   RW         3668    .bss                c_w.l(libspace.o)(c_w.l)
    0x200032a4   0x00000004   PAD
    0x200032a8   0x00000400   Zero   RW            2    HEAP                stm32f10x_startup.o
    0x200036a8   0x00000400   Zero   RW            1    STACK               stm32f10x_startup.o


==============================================================================

Image component sizes


      Code (inc. data)   RO Data    RW Data    ZI Data      Debug   Object Name

      9128       1470          0        120       9056          0   app.o
      1364         66          0          0          0          0   bsp.o
        22          0          0          0          0          0   cpu_a.o
       128          0          0          0        840          0   fifo4serial.o
       828         38          0          2          0          0   i2c.o
       748         42          0          0          0          0   lcd_dis.o
       132         18          0          0          0          0   misc.o
      1678        174        256         64       2764          0   os_core.o
       168         40          0          0          0          0   os_cpu_a.o
       126          0          0          0          0          0   os_cpu_c.o
        68         10          0          0          0          0   os_flag.o
       354         20          0          0          0          0   os_mbox.o
       896         66          0          0          0          0   os_mutex.o
       500         34          0          0          0          0   os_q.o
       574         48          0          0          0          0   os_task.o
       208         26          0          0          0          0   os_time.o
       586         40          0          0          0          0   spi_flash.o
       188          0          0          0          0          0   stm32f10x_gpio.o
       750         84          0          0          0          0   stm32f10x_it.o
       264         32          0         20          0          0   stm32f10x_rcc.o
       100          0          0          0          0          0   stm32f10x_spi.o
       308        280          0          0       2048          0   stm32f10x_startup.o
       780        106          0          0          0          0   stm32f10x_tim.o
       360          4          0          0          0          0   stm32f10x_usart.o
       224         22          0          0          0          0   system_stm32f10x.o

    ----------------------------------------------------------------------
     20514       2620        288        208      14708          0   Object Totals
         0          0         32          0          0          0   (incl. Generated)
        32          0          0          2          0          1   (incl. Padding)

    ----------------------------------------------------------------------

      Code (inc. data)   RO Data    RW Data    ZI Data      Debug   Library Member Name

         8          0          0          0          0          0   __main.o
       324          4         17          0          0          0   __printf_flags_wp.o
        52          8          0          0          0          0   __scatter.o
        26          0          0          0          0          0   __scatter_copy.o
        28          0          0          0          0          0   __scatter_zi.o
        44          0          0          0          0          0   _printf_char.o
        48          6          0          0          0          0   _printf_char_common.o
         6          0          0          0          0          0   _printf_d.o
       116         18          0          0          0          0   _printf_dec.o
        92          4         40          0          0          0   _printf_hex_int.o
       180          0          0          0          0          0   _printf_intcommon.o
        80          0          0          0          0          0   _printf_pad.o
         0          0          0          0          0          0   _printf_percent.o
         4          0          0          0          0          0   _printf_percent_end.o
         6          0          0          0          0          0   _printf_s.o
        82          0          0          0          0          0   _printf_str.o
         6          0          0          0          0          0   _printf_x.o
        10          0          0          0          0          0   _sputc.o
        12          0          0          0          0          0   exit.o
         6          0          0          0          0          0   heapauxi.o
         6          0          0          0          0          0   libinit.o
         2          0          0          0          0          0   libinit2.o
         2          0          0          0          0          0   libshutdown.o
         2          0          0          0          0          0   libshutdown2.o
         8          4          0          0         96          0   libspace.o
        40          6          0          0          0          0   noretval__2sprintf.o
        12          4          0          0          0          0   rt_fp_status_addr_intlibspace.o
         0          0          0          0          0          0   rtentry.o
        12          0          0          0          0          0   rtentry2.o
         6          0          0          0          0          0   rtentry4.o
         2          0          0          0          0          0   rtexit.o
        10          0          0          0          0          0   rtexit2.o
        16          0          0          0          0          0   rtudiv10.o
       128          0          0          0          0          0   strcmpv7m.o
        72          0          0          0          0          0   strcpy.o
        62          0          0          0          0          0   strlen.o
        36          0          0          0          0          0   strstr.o
        12          4          0          0          0          0   sys_exit.o
        74          0          0          0          0          0   sys_stackheap_outer.o
         2          0          0          0          0          0   use_no_semi.o
        14          0          0          0          0          0   fpinit.o

    ----------------------------------------------------------------------
      1656         58         58          0        100          0   Library Totals
         8          0          1          0          4          0   (incl. Padding)

    ----------------------------------------------------------------------

      Code (inc. data)   RO Data    RW Data    ZI Data      Debug   Library Name

      1634         58         57          0         96       1916   c_w.l
        14          0          0          0          0         76   fz_ws.l

    ----------------------------------------------------------------------
      1656         58         58          0        100          0   Library Totals

    ----------------------------------------------------------------------

==============================================================================


      Code (inc. data)   RO Data    RW Data    ZI Data      Debug   

     22170       2678        346        208      14808     445488   Grand Totals
     22170       2678        346        208      14808     445488   ELF Image Totals
     22170       2678        346        208          0          0   ROM Totals

==============================================================================

    Total RO  Size (Code + RO Data)                22516 (  21.99kB)
    Total RW  Size (RW Data + ZI Data)             15016 (  14.66kB)
    Total ROM Size (Code + RO Data + RW Data)      22724 (  22.19kB)

==============================================================================

