<html>
<body>
<pre>
<h1>礦ision Build Log</h1>
<h2>Project:</h2>
Z:\Documents\Documents\P_项目\百帮家事系统\柜子\开发\STM32智能柜\APP\STM32-zhinenggui.uvproj
Project File Date:  10/09/2014

<h2>Output:</h2>
Build target 'STM32-FD-LED-ucos'
compiling app.c...
..\BSP\bsp.h(22): warning:  #1295-D: Deprecated declaration TIM2_Configeration - give arg types
..\BSP\bsp.h:   void TIM2_Configeration();
..\BSP\bsp.h:        ^
..\BSP\bsp.h(23): warning:  #1295-D: Deprecated declaration TIM4_Configeration - give arg types
..\BSP\bsp.h:   void TIM4_Configeration();
..\BSP\bsp.h:        ^
..\BSP\bsp.h(24): warning:  #1295-D: Deprecated declaration TIM3_Configeration - give arg types
..\BSP\bsp.h:   void TIM3_Configeration();
..\BSP\bsp.h:        ^
app.c(229): warning:  #1295-D: Deprecated declaration draw_gprs_status - give arg types
app.c:   void draw_gprs_status();
app.c:        ^
app.c(230): warning:  #1295-D: Deprecated declaration draw_adminMenu - give arg types
app.c:   void draw_adminMenu();
app.c:        ^
app.c(243): warning:  #1295-D: Deprecated declaration jump_modMain - give arg types
app.c:   void jump_modMain();
app.c:        ^
app.c(244): warning:  #1295-D: Deprecated declaration jump_modAdminMenu - give arg types
app.c:   void jump_modAdminMenu();
app.c:        ^
app.c(245): warning:  #1295-D: Deprecated declaration jump_modAdminPwdIn - give arg types
app.c:   void jump_modAdminPwdIn();
app.c:        ^
app.c(246): warning:  #1295-D: Deprecated declaration jump_modSetGuiziID - give arg types
app.c:   void jump_modSetGuiziID();
app.c:        ^
app.c(247): warning:  #1295-D: Deprecated declaration jump_modResetGPRS - give arg types
app.c:   void jump_modResetGPRS();
app.c:        ^
app.c(248): warning:  #1295-D: Deprecated declaration jump_modResetBar - give arg types
app.c:   void jump_modResetBar();
app.c:        ^
app.c(249): warning:  #1295-D: Deprecated declaration jump_modResetIC - give arg types
app.c:   void jump_modResetIC();
app.c:        ^
app.c(255): warning:  #1295-D: Deprecated declaration opendoorAll - give arg types
app.c:   void opendoorAll();
app.c:        ^
app.c(258): warning:  #1295-D: Deprecated declaration adjust_screen_light - give arg types
app.c:   void adjust_screen_light();
app.c:        ^
app.c(299): warning:  #550-D: variable "os_err" was set but never used
app.c:      CPU_INT08U os_err;
app.c:                 ^
app.c(456): warning:  #167-D: argument of type "unsigned char *" is incompatible with parameter of type "const char *"
app.c:                                   if(strstr(adminEnter,adminEnterCode)!=NULL){
app.c:                                             ^
app.c(456): warning:  #167-D: argument of type "unsigned char *" is incompatible with parameter of type "const char *"
app.c:                                   if(strstr(adminEnter,adminEnterCode)!=NULL){
app.c:                                                        ^
app.c(484): warning:  #167-D: argument of type "unsigned char *" is incompatible with parameter of type "const char *"
app.c:                           if(strstr(adminEnter,sysInfo.sysData.superAdminPwd)!=NULL){
app.c:                                     ^
app.c(529): error:  #20: identifier "menupos" is undefined
app.c:                               else if(menupos==5)
app.c:                                       ^
app.c(391): warning:  #177-D: variable "doorNum" was declared but never referenced
app.c:       unsigned char doorNum[3];//柜门
app.c:                     ^
app.c(393): warning:  #177-D: variable "i" was declared but never referenced
app.c:       u8 i;
app.c:          ^
app.c(394): warning:  #177-D: variable "msg" was declared but never referenced
app.c:       u8 msg[2];
app.c:          ^
app.c(635): warning:  #167-D: argument of type "unsigned char *" is incompatible with parameter of type "char *restrict"
app.c:           sprintf(time_data, "%d-%02d-%02d %02d %02d %02d", sysInfo.sysData.year, sysInfo.sysData.month, sysInfo.sysData.day, sysInfo.sysData.hour, sysInfo.sysData.minute, sysInfo.sysData.second);
app.c:                   ^
app.c(642): warning:  #167-D: argument of type "unsigned char *" is incompatible with parameter of type "char *restrict"
app.c:           sprintf(time_data, "%d-%02d-%02d %02d:%02d:%02d", sysInfo.sysData.year, sysInfo.sysData.month, sysInfo.sysData.day, sysInfo.sysData.hour, sysInfo.sysData.minute, sysInfo.sysData.second);
app.c:                   ^
app.c(583): warning:  #177-D: variable "msg" was declared but never referenced
app.c:      u8 msg[2]={DIS_TIME, 0x00};
app.c:         ^
app.c(783): warning:  #167-D: argument of type "char *" is incompatible with parameter of type "u8 *"
app.c:           SST25_W_BLOCK(0, sysInfo.dataBuff, SST25_SECTOR_SIZE);
app.c:                            ^
app.c(801): warning:  #223-D: function "IRcvStr" declared implicitly
app.c:       IRcvStr(PCA9555_01W,0x01,&openstatus_01,1);
app.c:       ^
app.c(791): warning:  #177-D: variable "msg" was declared but never referenced
app.c:       unsigned char msg[10];
app.c:                     ^
app.c(796): warning:  #177-D: variable "str" was declared but never referenced
app.c:      unsigned char str[]="this is a test";
app.c:                    ^
app.c(861): warning:  #223-D: function "keyScan" declared implicitly
app.c:           KeyValue=keyScan();
app.c:                    ^
app.c(909): warning:  #167-D: argument of type "unsigned char *" is incompatible with parameter of type "char *"
app.c:               QueueOut(&USART3Recieve, &recv_data[i]);
app.c:                                        ^
app.c(989): warning:  #167-D: argument of type "unsigned char *" is incompatible with parameter of type "char *restrict"
app.c:                       sprintf(cmd, "AT+CIPSTART=\"TCP\",\"%s\",\"%d\"",sysInfo.sysData.servIP,sysInfo.sysData.port);
app.c:                               ^
app.c(1002): warning:  #167-D: argument of type "unsigned char *" is incompatible with parameter of type "char *restrict"
app.c:                   sprintf(cmd, "AT+CIPSTART=\"TCP\",\"%s\",\"%d\"",sysInfo.sysData.servIP,sysInfo.sysData.port);
app.c:                           ^
app.c(1016): warning:  #167-D: argument of type "unsigned char *" is incompatible with parameter of type "char *"
app.c:                           QueueOut(&USART3Recieve, &recv_data[i]);
app.c:                                                    ^
app.c(884): warning:  #177-D: variable "msg" was declared but never referenced
app.c:       u8 msg[8];
app.c:          ^
app.c(886): warning:  #177-D: variable "strength" was declared but never referenced
app.c:       u8 strength=0;
app.c:          ^
app.c(887): warning:  #177-D: variable "strtmp" was declared but never referenced
app.c:       u8 *strtmp;
app.c:           ^
app.c(1050): warning:  #167-D: argument of type "unsigned char *" is incompatible with parameter of type "char *"
app.c:                   QueueOut(&USART1Recieve, &recv_data[i]);
app.c:                                            ^
app.c(1073): warning:  #167-D: argument of type "char *" is incompatible with parameter of type "unsigned char *"
app.c:           len_usart=ic_command(7,request,recv_data);
app.c:                                  ^
app.c(1082): warning:  #167-D: argument of type "char *" is incompatible with parameter of type "unsigned char *"
app.c:               len_usart=ic_command(6,stop,recv_data);
app.c:                                      ^
app.c(1088): warning:  #167-D: argument of type "char *" is incompatible with parameter of type "unsigned char *"
app.c:               len_usart=ic_command(12,crash,recv_data);
app.c:                                       ^
app.c(1100): warning:  #167-D: argument of type "unsigned char *" is incompatible with parameter of type "char *restrict"
app.c:                   sprintf(str, "card:%02X  %02X  %02X %02X ",card[0],card[1],card[2],card[3] );
app.c:                           ^
app.c(1112): warning:  #167-D: argument of type "char *" is incompatible with parameter of type "unsigned char *"
app.c:                       len_usart=ic_command(12,crash,recv_data);
app.c:                                               ^
app.c(1120): warning:  #167-D: argument of type "char *" is incompatible with parameter of type "unsigned char *"
app.c:               len_usart=ic_command(6,stop,recv_data);
app.c:                                      ^
app.c(1060): warning:  #177-D: variable "err" was declared but never referenced
app.c:      INT8U err;
app.c:            ^
app.c(1394): warning:  #177-D: variable "x" was declared but never referenced
app.c:       u8 x=0,y=20;
app.c:          ^
app.c(1406): warning:  #177-D: variable "msg" was declared but never referenced
app.c:       u8 msg[2]; 
app.c:          ^
app.c(1485): warning:  #167-D: argument of type "char *" is incompatible with parameter of type "unsigned char *"
app.c:       PutString(60, 90, sysInfo.sysData.guizi_id,LCD_ASC12_FONT);
app.c:                         ^
app.c(1589): warning:  #550-D: variable "dataLen" was set but never used
app.c:       int i=0,dataLen=0;
app.c:               ^
app.c(1676): warning:  #167-D: argument of type "u8 *" is incompatible with parameter of type "const char *"
app.c:           if(strstr(recv_data,str_cmcc)!=NULL)
app.c:                     ^
app.c(1676): warning:  #167-D: argument of type "u8 *" is incompatible with parameter of type "const char *"
app.c:           if(strstr(recv_data,str_cmcc)!=NULL)
app.c:                               ^
app.c(1680): warning:  #167-D: argument of type "u8 *" is incompatible with parameter of type "const char *"
app.c:           if(strstr(recv_data,str_unicom)!=NULL)
app.c:                     ^
app.c(1680): warning:  #167-D: argument of type "u8 *" is incompatible with parameter of type "const char *"
app.c:           if(strstr(recv_data,str_unicom)!=NULL)
app.c:                               ^
app.c(1664): warning:  #177-D: variable "msg" was declared but never referenced
app.c:       u8 msg[1];
app.c:          ^
app.c(1665): warning:  #177-D: variable "strength" was declared but never referenced
app.c:       u8 strength=0;
app.c:          ^
app.c(1666): warning:  #177-D: variable "strtmp" was declared but never referenced
app.c:       u8 *strtmp;
app.c:           ^
app.c(1671): warning:  #177-D: variable "i" was declared but never referenced
app.c:       int i;
app.c:           ^
app.c(1697): warning:  #167-D: argument of type "u8 *" is incompatible with parameter of type "const char *"
app.c:           strtmp=strstr(recv_data,"CSQ:");
app.c:                         ^
app.c(1697): warning:  #513-D: a value of type "char *" cannot be assigned to an entity of type "u8 *"
app.c:           strtmp=strstr(recv_data,"CSQ:");
app.c:                 ^
app.c(1746): warning:  #223-D: function "ISendStr" declared implicitly
app.c:               ISendStr(PCA9555_01W, 0x02, &buff2, 1);
app.c:               ^
app.c(1753): warning:  #223-D: function "ISendStr" declared implicitly
app.c:               ISendStr(PCA9555_02W, 0x02, &buff2, 1);
app.c:               ^
app.c(1760): warning:  #223-D: function "ISendStr" declared implicitly
app.c:               ISendStr(PCA9555_03W, 0x02, &buff2, 1);
app.c:               ^
app.c(1880): warning:  #167-D: argument of type "unsigned char *" is incompatible with parameter of type "char *"
app.c:               QueueOut(&USART2Recieve, &recv_data[i]);
app.c:                                        ^
app.c(1918): warning:  #167-D: argument of type "unsigned char *" is incompatible with parameter of type "char *"
app.c:               QueueOut(&USART3Recieve, &recv_data[i]);
app.c:                                        ^
app.c(1926): warning:  #513-D: a value of type "char *" cannot be assigned to an entity of type "u8 *"
app.c:           res=strstr((const char*)recv_data,(const char*)ack);   //得到有效数据
app.c:              ^
app.c(2088): warning:  #223-D: function "ISendStr" declared implicitly
app.c:       ISendStr(PCA9555_01W,0x06,&buff,1);// IO0为输出
app.c:       ^
app.c(2177): warning:  #167-D: argument of type "char *" is incompatible with parameter of type "unsigned char *"
app.c:       SST25_R_BLOCK(0, sysInfo.dataBuff, sizeof(sdata));
app.c:                        ^
app.c(2182): warning:  #167-D: argument of type "char *" is incompatible with parameter of type "u8 *"
app.c:           SST25_W_BLOCK(0, sysInfo.dataBuff, SST25_SECTOR_SIZE);
app.c:                            ^
app.c: app.c: 67 warnings, 1 error
Target not created
Build target 'STM32-FD-LED-ucos'
compiling app.c...
..\BSP\bsp.h(22): warning:  #1295-D: Deprecated declaration TIM2_Configeration - give arg types
..\BSP\bsp.h:   void TIM2_Configeration();
..\BSP\bsp.h:        ^
..\BSP\bsp.h(23): warning:  #1295-D: Deprecated declaration TIM4_Configeration - give arg types
..\BSP\bsp.h:   void TIM4_Configeration();
..\BSP\bsp.h:        ^
..\BSP\bsp.h(24): warning:  #1295-D: Deprecated declaration TIM3_Configeration - give arg types
..\BSP\bsp.h:   void TIM3_Configeration();
..\BSP\bsp.h:        ^
app.c(229): warning:  #1295-D: Deprecated declaration draw_gprs_status - give arg types
app.c:   void draw_gprs_status();
app.c:        ^
app.c(230): warning:  #1295-D: Deprecated declaration draw_adminMenu - give arg types
app.c:   void draw_adminMenu();
app.c:        ^
app.c(243): warning:  #1295-D: Deprecated declaration jump_modMain - give arg types
app.c:   void jump_modMain();
app.c:        ^
app.c(244): warning:  #1295-D: Deprecated declaration jump_modAdminMenu - give arg types
app.c:   void jump_modAdminMenu();
app.c:        ^
app.c(245): warning:  #1295-D: Deprecated declaration jump_modAdminPwdIn - give arg types
app.c:   void jump_modAdminPwdIn();
app.c:        ^
app.c(246): warning:  #1295-D: Deprecated declaration jump_modSetGuiziID - give arg types
app.c:   void jump_modSetGuiziID();
app.c:        ^
app.c(247): warning:  #1295-D: Deprecated declaration jump_modResetGPRS - give arg types
app.c:   void jump_modResetGPRS();
app.c:        ^
app.c(248): warning:  #1295-D: Deprecated declaration jump_modResetBar - give arg types
app.c:   void jump_modResetBar();
app.c:        ^
app.c(249): warning:  #1295-D: Deprecated declaration jump_modResetIC - give arg types
app.c:   void jump_modResetIC();
app.c:        ^
app.c(255): warning:  #1295-D: Deprecated declaration opendoorAll - give arg types
app.c:   void opendoorAll();
app.c:        ^
app.c(258): warning:  #1295-D: Deprecated declaration adjust_screen_light - give arg types
app.c:   void adjust_screen_light();
app.c:        ^
app.c(299): warning:  #550-D: variable "os_err" was set but never used
app.c:      CPU_INT08U os_err;
app.c:                 ^
app.c(456): warning:  #167-D: argument of type "unsigned char *" is incompatible with parameter of type "const char *"
app.c:                                   if(strstr(adminEnter,adminEnterCode)!=NULL){
app.c:                                             ^
app.c(456): warning:  #167-D: argument of type "unsigned char *" is incompatible with parameter of type "const char *"
app.c:                                   if(strstr(adminEnter,adminEnterCode)!=NULL){
app.c:                                                        ^
app.c(484): warning:  #167-D: argument of type "unsigned char *" is incompatible with parameter of type "const char *"
app.c:                           if(strstr(adminEnter,sysInfo.sysData.superAdminPwd)!=NULL){
app.c:                                     ^
app.c(529): error:  #20: identifier "menupos" is undefined
app.c:                               else if(menupos==5)
app.c:                                       ^
app.c(391): warning:  #177-D: variable "doorNum" was declared but never referenced
app.c:       unsigned char doorNum[3];//柜门
app.c:                     ^
app.c(393): warning:  #177-D: variable "i" was declared but never referenced
app.c:       u8 i;
app.c:          ^
app.c(394): warning:  #177-D: variable "msg" was declared but never referenced
app.c:       u8 msg[2];
app.c:          ^
app.c(635): warning:  #167-D: argument of type "unsigned char *" is incompatible with parameter of type "char *restrict"
app.c:           sprintf(time_data, "%d-%02d-%02d %02d %02d %02d", sysInfo.sysData.year, sysInfo.sysData.month, sysInfo.sysData.day, sysInfo.sysData.hour, sysInfo.sysData.minute, sysInfo.sysData.second);
app.c:                   ^
app.c(642): warning:  #167-D: argument of type "unsigned char *" is incompatible with parameter of type "char *restrict"
app.c:           sprintf(time_data, "%d-%02d-%02d %02d:%02d:%02d", sysInfo.sysData.year, sysInfo.sysData.month, sysInfo.sysData.day, sysInfo.sysData.hour, sysInfo.sysData.minute, sysInfo.sysData.second);
app.c:                   ^
app.c(583): warning:  #177-D: variable "msg" was declared but never referenced
app.c:      u8 msg[2]={DIS_TIME, 0x00};
app.c:         ^
app.c(783): warning:  #167-D: argument of type "char *" is incompatible with parameter of type "u8 *"
app.c:           SST25_W_BLOCK(0, sysInfo.dataBuff, SST25_SECTOR_SIZE);
app.c:                            ^
app.c(801): warning:  #223-D: function "IRcvStr" declared implicitly
app.c:       IRcvStr(PCA9555_01W,0x01,&openstatus_01,1);
app.c:       ^
app.c(791): warning:  #177-D: variable "msg" was declared but never referenced
app.c:       unsigned char msg[10];
app.c:                     ^
app.c(796): warning:  #177-D: variable "str" was declared but never referenced
app.c:      unsigned char str[]="this is a test";
app.c:                    ^
app.c(861): warning:  #223-D: function "keyScan" declared implicitly
app.c:           KeyValue=keyScan();
app.c:                    ^
app.c(909): warning:  #167-D: argument of type "unsigned char *" is incompatible with parameter of type "char *"
app.c:               QueueOut(&USART3Recieve, &recv_data[i]);
app.c:                                        ^
app.c(989): warning:  #167-D: argument of type "unsigned char *" is incompatible with parameter of type "char *restrict"
app.c:                       sprintf(cmd, "AT+CIPSTART=\"TCP\",\"%s\",\"%d\"",sysInfo.sysData.servIP,sysInfo.sysData.port);
app.c:                               ^
app.c(1002): warning:  #167-D: argument of type "unsigned char *" is incompatible with parameter of type "char *restrict"
app.c:                   sprintf(cmd, "AT+CIPSTART=\"TCP\",\"%s\",\"%d\"",sysInfo.sysData.servIP,sysInfo.sysData.port);
app.c:                           ^
app.c(1016): warning:  #167-D: argument of type "unsigned char *" is incompatible with parameter of type "char *"
app.c:                           QueueOut(&USART3Recieve, &recv_data[i]);
app.c:                                                    ^
app.c(884): warning:  #177-D: variable "msg" was declared but never referenced
app.c:       u8 msg[8];
app.c:          ^
app.c(886): warning:  #177-D: variable "strength" was declared but never referenced
app.c:       u8 strength=0;
app.c:          ^
app.c(887): warning:  #177-D: variable "strtmp" was declared but never referenced
app.c:       u8 *strtmp;
app.c:           ^
app.c(1050): warning:  #167-D: argument of type "unsigned char *" is incompatible with parameter of type "char *"
app.c:                   QueueOut(&USART1Recieve, &recv_data[i]);
app.c:                                            ^
app.c(1073): warning:  #167-D: argument of type "char *" is incompatible with parameter of type "unsigned char *"
app.c:           len_usart=ic_command(7,request,recv_data);
app.c:                                  ^
app.c(1082): warning:  #167-D: argument of type "char *" is incompatible with parameter of type "unsigned char *"
app.c:               len_usart=ic_command(6,stop,recv_data);
app.c:                                      ^
app.c(1088): warning:  #167-D: argument of type "char *" is incompatible with parameter of type "unsigned char *"
app.c:               len_usart=ic_command(12,crash,recv_data);
app.c:                                       ^
app.c(1100): warning:  #167-D: argument of type "unsigned char *" is incompatible with parameter of type "char *restrict"
app.c:                   sprintf(str, "card:%02X  %02X  %02X %02X ",card[0],card[1],card[2],card[3] );
app.c:                           ^
app.c(1112): warning:  #167-D: argument of type "char *" is incompatible with parameter of type "unsigned char *"
app.c:                       len_usart=ic_command(12,crash,recv_data);
app.c:                                               ^
app.c(1120): warning:  #167-D: argument of type "char *" is incompatible with parameter of type "unsigned char *"
app.c:               len_usart=ic_command(6,stop,recv_data);
app.c:                                      ^
app.c(1060): warning:  #177-D: variable "err" was declared but never referenced
app.c:      INT8U err;
app.c:            ^
app.c(1394): warning:  #177-D: variable "x" was declared but never referenced
app.c:       u8 x=0,y=20;
app.c:          ^
app.c(1406): warning:  #177-D: variable "msg" was declared but never referenced
app.c:       u8 msg[2]; 
app.c:          ^
app.c(1485): warning:  #167-D: argument of type "char *" is incompatible with parameter of type "unsigned char *"
app.c:       PutString(60, 90, sysInfo.sysData.guizi_id,LCD_ASC12_FONT);
app.c:                         ^
app.c(1589): warning:  #550-D: variable "dataLen" was set but never used
app.c:       int i=0,dataLen=0;
app.c:               ^
app.c(1676): warning:  #167-D: argument of type "u8 *" is incompatible with parameter of type "const char *"
app.c:           if(strstr(recv_data,str_cmcc)!=NULL)
app.c:                     ^
app.c(1676): warning:  #167-D: argument of type "u8 *" is incompatible with parameter of type "const char *"
app.c:           if(strstr(recv_data,str_cmcc)!=NULL)
app.c:                               ^
app.c(1680): warning:  #167-D: argument of type "u8 *" is incompatible with parameter of type "const char *"
app.c:           if(strstr(recv_data,str_unicom)!=NULL)
app.c:                     ^
app.c(1680): warning:  #167-D: argument of type "u8 *" is incompatible with parameter of type "const char *"
app.c:           if(strstr(recv_data,str_unicom)!=NULL)
app.c:                               ^
app.c(1664): warning:  #177-D: variable "msg" was declared but never referenced
app.c:       u8 msg[1];
app.c:          ^
app.c(1665): warning:  #177-D: variable "strength" was declared but never referenced
app.c:       u8 strength=0;
app.c:          ^
app.c(1666): warning:  #177-D: variable "strtmp" was declared but never referenced
app.c:       u8 *strtmp;
app.c:           ^
app.c(1671): warning:  #177-D: variable "i" was declared but never referenced
app.c:       int i;
app.c:           ^
app.c(1697): warning:  #167-D: argument of type "u8 *" is incompatible with parameter of type "const char *"
app.c:           strtmp=strstr(recv_data,"CSQ:");
app.c:                         ^
app.c(1697): warning:  #513-D: a value of type "char *" cannot be assigned to an entity of type "u8 *"
app.c:           strtmp=strstr(recv_data,"CSQ:");
app.c:                 ^
app.c(1746): warning:  #223-D: function "ISendStr" declared implicitly
app.c:               ISendStr(PCA9555_01W, 0x02, &buff2, 1);
app.c:               ^
app.c(1753): warning:  #223-D: function "ISendStr" declared implicitly
app.c:               ISendStr(PCA9555_02W, 0x02, &buff2, 1);
app.c:               ^
app.c(1760): warning:  #223-D: function "ISendStr" declared implicitly
app.c:               ISendStr(PCA9555_03W, 0x02, &buff2, 1);
app.c:               ^
app.c(1880): warning:  #167-D: argument of type "unsigned char *" is incompatible with parameter of type "char *"
app.c:               QueueOut(&USART2Recieve, &recv_data[i]);
app.c:                                        ^
app.c(1918): warning:  #167-D: argument of type "unsigned char *" is incompatible with parameter of type "char *"
app.c:               QueueOut(&USART3Recieve, &recv_data[i]);
app.c:                                        ^
app.c(1926): warning:  #513-D: a value of type "char *" cannot be assigned to an entity of type "u8 *"
app.c:           res=strstr((const char*)recv_data,(const char*)ack);   //得到有效数据
app.c:              ^
app.c(2088): warning:  #223-D: function "ISendStr" declared implicitly
app.c:       ISendStr(PCA9555_01W,0x06,&buff,1);// IO0为输出
app.c:       ^
app.c(2177): warning:  #167-D: argument of type "char *" is incompatible with parameter of type "unsigned char *"
app.c:       SST25_R_BLOCK(0, sysInfo.dataBuff, sizeof(sdata));
app.c:                        ^
app.c(2182): warning:  #167-D: argument of type "char *" is incompatible with parameter of type "u8 *"
app.c:           SST25_W_BLOCK(0, sysInfo.dataBuff, SST25_SECTOR_SIZE);
app.c:                            ^
app.c: app.c: 67 warnings, 1 error
Target not created
Build target 'STM32-FD-LED-ucos'
compiling app.c...
..\BSP\bsp.h(22): warning:  #1295-D: Deprecated declaration TIM2_Configeration - give arg types
..\BSP\bsp.h:   void TIM2_Configeration();
..\BSP\bsp.h:        ^
..\BSP\bsp.h(23): warning:  #1295-D: Deprecated declaration TIM4_Configeration - give arg types
..\BSP\bsp.h:   void TIM4_Configeration();
..\BSP\bsp.h:        ^
..\BSP\bsp.h(24): warning:  #1295-D: Deprecated declaration TIM3_Configeration - give arg types
..\BSP\bsp.h:   void TIM3_Configeration();
..\BSP\bsp.h:        ^
app.c(229): warning:  #1295-D: Deprecated declaration draw_gprs_status - give arg types
app.c:   void draw_gprs_status();
app.c:        ^
app.c(230): warning:  #1295-D: Deprecated declaration draw_adminMenu - give arg types
app.c:   void draw_adminMenu();
app.c:        ^
app.c(243): warning:  #1295-D: Deprecated declaration jump_modMain - give arg types
app.c:   void jump_modMain();
app.c:        ^
app.c(244): warning:  #1295-D: Deprecated declaration jump_modAdminMenu - give arg types
app.c:   void jump_modAdminMenu();
app.c:        ^
app.c(245): warning:  #1295-D: Deprecated declaration jump_modAdminPwdIn - give arg types
app.c:   void jump_modAdminPwdIn();
app.c:        ^
app.c(246): warning:  #1295-D: Deprecated declaration jump_modSetGuiziID - give arg types
app.c:   void jump_modSetGuiziID();
app.c:        ^
app.c(247): warning:  #1295-D: Deprecated declaration jump_modResetGPRS - give arg types
app.c:   void jump_modResetGPRS();
app.c:        ^
app.c(248): warning:  #1295-D: Deprecated declaration jump_modResetBar - give arg types
app.c:   void jump_modResetBar();
app.c:        ^
app.c(249): warning:  #1295-D: Deprecated declaration jump_modResetIC - give arg types
app.c:   void jump_modResetIC();
app.c:        ^
app.c(255): warning:  #1295-D: Deprecated declaration opendoorAll - give arg types
app.c:   void opendoorAll();
app.c:        ^
app.c(258): warning:  #1295-D: Deprecated declaration adjust_screen_light - give arg types
app.c:   void adjust_screen_light();
app.c:        ^
app.c(299): warning:  #550-D: variable "os_err" was set but never used
app.c:      CPU_INT08U os_err;
app.c:                 ^
app.c(456): warning:  #167-D: argument of type "unsigned char *" is incompatible with parameter of type "const char *"
app.c:                                   if(strstr(adminEnter,adminEnterCode)!=NULL){
app.c:                                             ^
app.c(456): warning:  #167-D: argument of type "unsigned char *" is incompatible with parameter of type "const char *"
app.c:                                   if(strstr(adminEnter,adminEnterCode)!=NULL){
app.c:                                                        ^
app.c(484): warning:  #167-D: argument of type "unsigned char *" is incompatible with parameter of type "const char *"
app.c:                           if(strstr(adminEnter,sysInfo.sysData.superAdminPwd)!=NULL){
app.c:                                     ^
app.c(391): warning:  #177-D: variable "doorNum" was declared but never referenced
app.c:       unsigned char doorNum[3];//柜门
app.c:                     ^
app.c(393): warning:  #177-D: variable "i" was declared but never referenced
app.c:       u8 i;
app.c:          ^
app.c(394): warning:  #177-D: variable "msg" was declared but never referenced
app.c:       u8 msg[2];
app.c:          ^
app.c(635): warning:  #167-D: argument of type "unsigned char *" is incompatible with parameter of type "char *restrict"
app.c:           sprintf(time_data, "%d-%02d-%02d %02d %02d %02d", sysInfo.sysData.year, sysInfo.sysData.month, sysInfo.sysData.day, sysInfo.sysData.hour, sysInfo.sysData.minute, sysInfo.sysData.second);
app.c:                   ^
app.c(642): warning:  #167-D: argument of type "unsigned char *" is incompatible with parameter of type "char *restrict"
app.c:           sprintf(time_data, "%d-%02d-%02d %02d:%02d:%02d", sysInfo.sysData.year, sysInfo.sysData.month, sysInfo.sysData.day, sysInfo.sysData.hour, sysInfo.sysData.minute, sysInfo.sysData.second);
app.c:                   ^
app.c(583): warning:  #177-D: variable "msg" was declared but never referenced
app.c:      u8 msg[2]={DIS_TIME, 0x00};
app.c:         ^
app.c(783): warning:  #167-D: argument of type "char *" is incompatible with parameter of type "u8 *"
app.c:           SST25_W_BLOCK(0, sysInfo.dataBuff, SST25_SECTOR_SIZE);
app.c:                            ^
app.c(801): warning:  #223-D: function "IRcvStr" declared implicitly
app.c:       IRcvStr(PCA9555_01W,0x01,&openstatus_01,1);
app.c:       ^
app.c(791): warning:  #177-D: variable "msg" was declared but never referenced
app.c:       unsigned char msg[10];
app.c:                     ^
app.c(796): warning:  #177-D: variable "str" was declared but never referenced
app.c:      unsigned char str[]="this is a test";
app.c:                    ^
app.c(861): warning:  #223-D: function "keyScan" declared implicitly
app.c:           KeyValue=keyScan();
app.c:                    ^
app.c(909): warning:  #167-D: argument of type "unsigned char *" is incompatible with parameter of type "char *"
app.c:               QueueOut(&USART3Recieve, &recv_data[i]);
app.c:                                        ^
app.c(989): warning:  #167-D: argument of type "unsigned char *" is incompatible with parameter of type "char *restrict"
app.c:                       sprintf(cmd, "AT+CIPSTART=\"TCP\",\"%s\",\"%d\"",sysInfo.sysData.servIP,sysInfo.sysData.port);
app.c:                               ^
app.c(1002): warning:  #167-D: argument of type "unsigned char *" is incompatible with parameter of type "char *restrict"
app.c:                   sprintf(cmd, "AT+CIPSTART=\"TCP\",\"%s\",\"%d\"",sysInfo.sysData.servIP,sysInfo.sysData.port);
app.c:                           ^
app.c(1016): warning:  #167-D: argument of type "unsigned char *" is incompatible with parameter of type "char *"
app.c:                           QueueOut(&USART3Recieve, &recv_data[i]);
app.c:                                                    ^
app.c(884): warning:  #177-D: variable "msg" was declared but never referenced
app.c:       u8 msg[8];
app.c:          ^
app.c(886): warning:  #177-D: variable "strength" was declared but never referenced
app.c:       u8 strength=0;
app.c:          ^
app.c(887): warning:  #177-D: variable "strtmp" was declared but never referenced
app.c:       u8 *strtmp;
app.c:           ^
app.c(1050): warning:  #167-D: argument of type "unsigned char *" is incompatible with parameter of type "char *"
app.c:                   QueueOut(&USART1Recieve, &recv_data[i]);
app.c:                                            ^
app.c(1073): warning:  #167-D: argument of type "char *" is incompatible with parameter of type "unsigned char *"
app.c:           len_usart=ic_command(7,request,recv_data);
app.c:                                  ^
app.c(1082): warning:  #167-D: argument of type "char *" is incompatible with parameter of type "unsigned char *"
app.c:               len_usart=ic_command(6,stop,recv_data);
app.c:                                      ^
app.c(1088): warning:  #167-D: argument of type "char *" is incompatible with parameter of type "unsigned char *"
app.c:               len_usart=ic_command(12,crash,recv_data);
app.c:                                       ^
app.c(1100): warning:  #167-D: argument of type "unsigned char *" is incompatible with parameter of type "char *restrict"
app.c:                   sprintf(str, "card:%02X  %02X  %02X %02X ",card[0],card[1],card[2],card[3] );
app.c:                           ^
app.c(1112): warning:  #167-D: argument of type "char *" is incompatible with parameter of type "unsigned char *"
app.c:                       len_usart=ic_command(12,crash,recv_data);
app.c:                                               ^
app.c(1120): warning:  #167-D: argument of type "char *" is incompatible with parameter of type "unsigned char *"
app.c:               len_usart=ic_command(6,stop,recv_data);
app.c:                                      ^
app.c(1060): warning:  #177-D: variable "err" was declared but never referenced
app.c:      INT8U err;
app.c:            ^
app.c(1394): warning:  #177-D: variable "x" was declared but never referenced
app.c:       u8 x=0,y=20;
app.c:          ^
app.c(1406): warning:  #177-D: variable "msg" was declared but never referenced
app.c:       u8 msg[2]; 
app.c:          ^
app.c(1485): warning:  #167-D: argument of type "char *" is incompatible with parameter of type "unsigned char *"
app.c:       PutString(60, 90, sysInfo.sysData.guizi_id,LCD_ASC12_FONT);
app.c:                         ^
app.c(1589): warning:  #550-D: variable "dataLen" was set but never used
app.c:       int i=0,dataLen=0;
app.c:               ^
app.c(1676): warning:  #167-D: argument of type "u8 *" is incompatible with parameter of type "const char *"
app.c:           if(strstr(recv_data,str_cmcc)!=NULL)
app.c:                     ^
app.c(1676): warning:  #167-D: argument of type "u8 *" is incompatible with parameter of type "const char *"
app.c:           if(strstr(recv_data,str_cmcc)!=NULL)
app.c:                               ^
app.c(1680): warning:  #167-D: argument of type "u8 *" is incompatible with parameter of type "const char *"
app.c:           if(strstr(recv_data,str_unicom)!=NULL)
app.c:                     ^
app.c(1680): warning:  #167-D: argument of type "u8 *" is incompatible with parameter of type "const char *"
app.c:           if(strstr(recv_data,str_unicom)!=NULL)
app.c:                               ^
app.c(1664): warning:  #177-D: variable "msg" was declared but never referenced
app.c:       u8 msg[1];
app.c:          ^
app.c(1665): warning:  #177-D: variable "strength" was declared but never referenced
app.c:       u8 strength=0;
app.c:          ^
app.c(1666): warning:  #177-D: variable "strtmp" was declared but never referenced
app.c:       u8 *strtmp;
app.c:           ^
app.c(1671): warning:  #177-D: variable "i" was declared but never referenced
app.c:       int i;
app.c:           ^
app.c(1697): warning:  #167-D: argument of type "u8 *" is incompatible with parameter of type "const char *"
app.c:           strtmp=strstr(recv_data,"CSQ:");
app.c:                         ^
app.c(1697): warning:  #513-D: a value of type "char *" cannot be assigned to an entity of type "u8 *"
app.c:           strtmp=strstr(recv_data,"CSQ:");
app.c:                 ^
app.c(1746): warning:  #223-D: function "ISendStr" declared implicitly
app.c:               ISendStr(PCA9555_01W, 0x02, &buff2, 1);
app.c:               ^
app.c(1753): warning:  #223-D: function "ISendStr" declared implicitly
app.c:               ISendStr(PCA9555_02W, 0x02, &buff2, 1);
app.c:               ^
app.c(1760): warning:  #223-D: function "ISendStr" declared implicitly
app.c:               ISendStr(PCA9555_03W, 0x02, &buff2, 1);
app.c:               ^
app.c(1880): warning:  #167-D: argument of type "unsigned char *" is incompatible with parameter of type "char *"
app.c:               QueueOut(&USART2Recieve, &recv_data[i]);
app.c:                                        ^
app.c(1918): warning:  #167-D: argument of type "unsigned char *" is incompatible with parameter of type "char *"
app.c:               QueueOut(&USART3Recieve, &recv_data[i]);
app.c:                                        ^
app.c(1926): warning:  #513-D: a value of type "char *" cannot be assigned to an entity of type "u8 *"
app.c:           res=strstr((const char*)recv_data,(const char*)ack);   //得到有效数据
app.c:              ^
app.c(2088): warning:  #223-D: function "ISendStr" declared implicitly
app.c:       ISendStr(PCA9555_01W,0x06,&buff,1);// IO0为输出
app.c:       ^
app.c(2177): warning:  #167-D: argument of type "char *" is incompatible with parameter of type "unsigned char *"
app.c:       SST25_R_BLOCK(0, sysInfo.dataBuff, sizeof(sdata));
app.c:                        ^
app.c(2182): warning:  #167-D: argument of type "char *" is incompatible with parameter of type "u8 *"
app.c:           SST25_W_BLOCK(0, sysInfo.dataBuff, SST25_SECTOR_SIZE);
app.c:                            ^
app.c: app.c: 67 warnings, 0 errors
linking...
Program Size: Code=21502 RO-data=346 RW-data=208 ZI-data=14808  
FromELF: creating hex file...
"..\ObjFlash\STM32-FD-ucos.axf" - 0 Error(s), 67 Warning(s).
Load "..\\ObjFlash\\STM32-FD-ucos.AXF" 
Set JLink Project File to "Z:\Documents\Documents\P_项目\百帮家事系统\柜子\开发\STM32智能柜\APP\JLinkSettings.ini"
 
JLink info:
------------
DLL: V4.15n, compiled Jun 18 2010 19:55:09
Firmware: J-Link ARM V8 compiled May 20 2010 17:07:46
Hardware: V8.00
S/N : 286370559 
Feature(s) : RDI,FlashDL,FlashBP,JFlash 
 
* JLink Info: TotalIRLen = 9, IRPrint = 0x0011
* JLink Info: Found Cortex-M3 r1p1, Little endian.
* JLink Info: TPIU fitted.
* JLink Info: ETM fitted.
* JLink Info:   FPUnit: 6 code (BP) slots and 2 literal slots
ROMTableAddr = 0xE00FF003
 
Target info:
------------
Device: STM32F103VE
VTarget = 3.325V
State of Pins: 
TCK: 1, TDI: 0, TDO: 0, TMS: 0, TRES: 1, TRST: 1
* JLink Info: TotalIRLen = 9, IRPrint = 0x0011
* JLink Info: Found Cortex-M3 r1p1, Little endian.
* JLink Info: TPIU fitted.
* JLink Info: ETM fitted.
* JLink Info:   FPUnit: 6 code (BP) slots and 2 literal slots
Hardware-Breakpoints: 6
Software-Breakpoints: 2048
Watchpoints:          4
JTAG speed: 2000 kHz
 
Erase Done.
Programming Done.
Verify OK.
Build target 'STM32-FD-LED-ucos'
compiling app.c...
..\BSP\bsp.h(22): warning:  #1295-D: Deprecated declaration TIM2_Configeration - give arg types
..\BSP\bsp.h:   void TIM2_Configeration();
..\BSP\bsp.h:        ^
..\BSP\bsp.h(23): warning:  #1295-D: Deprecated declaration TIM4_Configeration - give arg types
..\BSP\bsp.h:   void TIM4_Configeration();
..\BSP\bsp.h:        ^
..\BSP\bsp.h(24): warning:  #1295-D: Deprecated declaration TIM3_Configeration - give arg types
..\BSP\bsp.h:   void TIM3_Configeration();
..\BSP\bsp.h:        ^
app.c(229): warning:  #1295-D: Deprecated declaration draw_gprs_status - give arg types
app.c:   void draw_gprs_status();
app.c:        ^
app.c(230): warning:  #1295-D: Deprecated declaration draw_adminMenu - give arg types
app.c:   void draw_adminMenu();
app.c:        ^
app.c(243): warning:  #1295-D: Deprecated declaration jump_modMain - give arg types
app.c:   void jump_modMain();
app.c:        ^
app.c(244): warning:  #1295-D: Deprecated declaration jump_modAdminMenu - give arg types
app.c:   void jump_modAdminMenu();
app.c:        ^
app.c(245): warning:  #1295-D: Deprecated declaration jump_modAdminPwdIn - give arg types
app.c:   void jump_modAdminPwdIn();
app.c:        ^
app.c(246): warning:  #1295-D: Deprecated declaration jump_modSetGuiziID - give arg types
app.c:   void jump_modSetGuiziID();
app.c:        ^
app.c(247): warning:  #1295-D: Deprecated declaration jump_modResetGPRS - give arg types
app.c:   void jump_modResetGPRS();
app.c:        ^
app.c(248): warning:  #1295-D: Deprecated declaration jump_modResetBar - give arg types
app.c:   void jump_modResetBar();
app.c:        ^
app.c(249): warning:  #1295-D: Deprecated declaration jump_modResetIC - give arg types
app.c:   void jump_modResetIC();
app.c:        ^
app.c(255): warning:  #1295-D: Deprecated declaration opendoorAll - give arg types
app.c:   void opendoorAll();
app.c:        ^
app.c(258): warning:  #1295-D: Deprecated declaration adjust_screen_light - give arg types
app.c:   void adjust_screen_light();
app.c:        ^
app.c(299): warning:  #550-D: variable "os_err" was set but never used
app.c:      CPU_INT08U os_err;
app.c:                 ^
app.c(456): warning:  #167-D: argument of type "unsigned char *" is incompatible with parameter of type "const char *"
app.c:                                   if(strstr(adminEnter,adminEnterCode)!=NULL){
app.c:                                             ^
app.c(456): warning:  #167-D: argument of type "unsigned char *" is incompatible with parameter of type "const char *"
app.c:                                   if(strstr(adminEnter,adminEnterCode)!=NULL){
app.c:                                                        ^
app.c(484): warning:  #167-D: argument of type "unsigned char *" is incompatible with parameter of type "const char *"
app.c:                           if(strstr(adminEnter,sysInfo.sysData.superAdminPwd)!=NULL){
app.c:                                     ^
app.c(571): warning:  #167-D: argument of type "unsigned char *" is incompatible with parameter of type "const char *restrict"
app.c:                               strcpy(sysInfo.sysData.guizi_id,guiziNum);
app.c:                                                               ^
app.c(575): warning:  #174-D: expression has no effect
app.c:                           else(msgrev[1]==KEY_CANCEL)
app.c:                               ^
app.c(576): error:  #65: expected a ";"
app.c:                           {
app.c:                           ^
app.c(580): warning:  #12-D: parsing restarts here after previous syntax error
app.c:                       }
app.c:                       ^
app.c(391): warning:  #177-D: variable "doorNum" was declared but never referenced
app.c:       unsigned char doorNum[3];//柜门
app.c:                     ^
app.c(393): warning:  #177-D: variable "i" was declared but never referenced
app.c:       u8 i;
app.c:          ^
app.c(394): warning:  #177-D: variable "msg" was declared but never referenced
app.c:       u8 msg[2];
app.c:          ^
app.c(656): warning:  #167-D: argument of type "unsigned char *" is incompatible with parameter of type "char *restrict"
app.c:           sprintf(time_data, "%d-%02d-%02d %02d %02d %02d", sysInfo.sysData.year, sysInfo.sysData.month, sysInfo.sysData.day, sysInfo.sysData.hour, sysInfo.sysData.minute, sysInfo.sysData.second);
app.c:                   ^
app.c(663): warning:  #167-D: argument of type "unsigned char *" is incompatible with parameter of type "char *restrict"
app.c:           sprintf(time_data, "%d-%02d-%02d %02d:%02d:%02d", sysInfo.sysData.year, sysInfo.sysData.month, sysInfo.sysData.day, sysInfo.sysData.hour, sysInfo.sysData.minute, sysInfo.sysData.second);
app.c:                   ^
app.c(604): warning:  #177-D: variable "msg" was declared but never referenced
app.c:      u8 msg[2]={DIS_TIME, 0x00};
app.c:         ^
app.c(804): warning:  #167-D: argument of type "char *" is incompatible with parameter of type "u8 *"
app.c:           SST25_W_BLOCK(0, sysInfo.dataBuff, SST25_SECTOR_SIZE);
app.c:                            ^
app.c(822): warning:  #223-D: function "IRcvStr" declared implicitly
app.c:       IRcvStr(PCA9555_01W,0x01,&openstatus_01,1);
app.c:       ^
app.c(812): warning:  #177-D: variable "msg" was declared but never referenced
app.c:       unsigned char msg[10];
app.c:                     ^
app.c(817): warning:  #177-D: variable "str" was declared but never referenced
app.c:      unsigned char str[]="this is a test";
app.c:                    ^
app.c(882): warning:  #223-D: function "keyScan" declared implicitly
app.c:           KeyValue=keyScan();
app.c:                    ^
app.c(930): warning:  #167-D: argument of type "unsigned char *" is incompatible with parameter of type "char *"
app.c:               QueueOut(&USART3Recieve, &recv_data[i]);
app.c:                                        ^
app.c(1010): warning:  #167-D: argument of type "unsigned char *" is incompatible with parameter of type "char *restrict"
app.c:                       sprintf(cmd, "AT+CIPSTART=\"TCP\",\"%s\",\"%d\"",sysInfo.sysData.servIP,sysInfo.sysData.port);
app.c:                               ^
app.c(1023): warning:  #167-D: argument of type "unsigned char *" is incompatible with parameter of type "char *restrict"
app.c:                   sprintf(cmd, "AT+CIPSTART=\"TCP\",\"%s\",\"%d\"",sysInfo.sysData.servIP,sysInfo.sysData.port);
app.c:                           ^
app.c(1037): warning:  #167-D: argument of type "unsigned char *" is incompatible with parameter of type "char *"
app.c:                           QueueOut(&USART3Recieve, &recv_data[i]);
app.c:                                                    ^
app.c(905): warning:  #177-D: variable "msg" was declared but never referenced
app.c:       u8 msg[8];
app.c:          ^
app.c(907): warning:  #177-D: variable "strength" was declared but never referenced
app.c:       u8 strength=0;
app.c:          ^
app.c(908): warning:  #177-D: variable "strtmp" was declared but never referenced
app.c:       u8 *strtmp;
app.c:           ^
app.c(1071): warning:  #167-D: argument of type "unsigned char *" is incompatible with parameter of type "char *"
app.c:                   QueueOut(&USART1Recieve, &recv_data[i]);
app.c:                                            ^
app.c(1094): warning:  #167-D: argument of type "char *" is incompatible with parameter of type "unsigned char *"
app.c:           len_usart=ic_command(7,request,recv_data);
app.c:                                  ^
app.c(1103): warning:  #167-D: argument of type "char *" is incompatible with parameter of type "unsigned char *"
app.c:               len_usart=ic_command(6,stop,recv_data);
app.c:                                      ^
app.c(1109): warning:  #167-D: argument of type "char *" is incompatible with parameter of type "unsigned char *"
app.c:               len_usart=ic_command(12,crash,recv_data);
app.c:                                       ^
app.c(1121): warning:  #167-D: argument of type "unsigned char *" is incompatible with parameter of type "char *restrict"
app.c:                   sprintf(str, "card:%02X  %02X  %02X %02X ",card[0],card[1],card[2],card[3] );
app.c:                           ^
app.c(1133): warning:  #167-D: argument of type "char *" is incompatible with parameter of type "unsigned char *"
app.c:                       len_usart=ic_command(12,crash,recv_data);
app.c:                                               ^
app.c(1141): warning:  #167-D: argument of type "char *" is incompatible with parameter of type "unsigned char *"
app.c:               len_usart=ic_command(6,stop,recv_data);
app.c:                                      ^
app.c(1081): warning:  #177-D: variable "err" was declared but never referenced
app.c:      INT8U err;
app.c:            ^
app.c(1415): warning:  #177-D: variable "x" was declared but never referenced
app.c:       u8 x=0,y=20;
app.c:          ^
app.c(1427): warning:  #177-D: variable "msg" was declared but never referenced
app.c:       u8 msg[2]; 
app.c:          ^
app.c(1506): warning:  #167-D: argument of type "char *" is incompatible with parameter of type "unsigned char *"
app.c:       PutString(60, 90, sysInfo.sysData.guizi_id,LCD_ASC12_FONT);
app.c:                         ^
app.c(1610): warning:  #550-D: variable "dataLen" was set but never used
app.c:       int i=0,dataLen=0;
app.c:               ^
app.c(1697): warning:  #167-D: argument of type "u8 *" is incompatible with parameter of type "const char *"
app.c:           if(strstr(recv_data,str_cmcc)!=NULL)
app.c:                     ^
app.c(1697): warning:  #167-D: argument of type "u8 *" is incompatible with parameter of type "const char *"
app.c:           if(strstr(recv_data,str_cmcc)!=NULL)
app.c:                               ^
app.c(1701): warning:  #167-D: argument of type "u8 *" is incompatible with parameter of type "const char *"
app.c:           if(strstr(recv_data,str_unicom)!=NULL)
app.c:                     ^
app.c(1701): warning:  #167-D: argument of type "u8 *" is incompatible with parameter of type "const char *"
app.c:           if(strstr(recv_data,str_unicom)!=NULL)
app.c:                               ^
app.c(1685): warning:  #177-D: variable "msg" was declared but never referenced
app.c:       u8 msg[1];
app.c:          ^
app.c(1686): warning:  #177-D: variable "strength" was declared but never referenced
app.c:       u8 strength=0;
app.c:          ^
app.c(1687): warning:  #177-D: variable "strtmp" was declared but never referenced
app.c:       u8 *strtmp;
app.c:           ^
app.c(1692): warning:  #177-D: variable "i" was declared but never referenced
app.c:       int i;
app.c:           ^
app.c(1718): warning:  #167-D: argument of type "u8 *" is incompatible with parameter of type "const char *"
app.c:           strtmp=strstr(recv_data,"CSQ:");
app.c:                         ^
app.c(1718): warning:  #513-D: a value of type "char *" cannot be assigned to an entity of type "u8 *"
app.c:           strtmp=strstr(recv_data,"CSQ:");
app.c:                 ^
app.c(1767): warning:  #223-D: function "ISendStr" declared implicitly
app.c:               ISendStr(PCA9555_01W, 0x02, &buff2, 1);
app.c:               ^
app.c(1774): warning:  #223-D: function "ISendStr" declared implicitly
app.c:               ISendStr(PCA9555_02W, 0x02, &buff2, 1);
app.c:               ^
app.c(1781): warning:  #223-D: function "ISendStr" declared implicitly
app.c:               ISendStr(PCA9555_03W, 0x02, &buff2, 1);
app.c:               ^
app.c(1901): warning:  #167-D: argument of type "unsigned char *" is incompatible with parameter of type "char *"
app.c:               QueueOut(&USART2Recieve, &recv_data[i]);
app.c:                                        ^
app.c(1939): warning:  #167-D: argument of type "unsigned char *" is incompatible with parameter of type "char *"
app.c:               QueueOut(&USART3Recieve, &recv_data[i]);
app.c:                                        ^
app.c(1947): warning:  #513-D: a value of type "char *" cannot be assigned to an entity of type "u8 *"
app.c:           res=strstr((const char*)recv_data,(const char*)ack);   //得到有效数据
app.c:              ^
app.c(2109): warning:  #223-D: function "ISendStr" declared implicitly
app.c:       ISendStr(PCA9555_01W,0x06,&buff,1);// IO0为输出
app.c:       ^
app.c(2198): warning:  #167-D: argument of type "char *" is incompatible with parameter of type "unsigned char *"
app.c:       SST25_R_BLOCK(0, sysInfo.dataBuff, sizeof(sdata));
app.c:                        ^
app.c(2203): warning:  #167-D: argument of type "char *" is incompatible with parameter of type "u8 *"
app.c:           SST25_W_BLOCK(0, sysInfo.dataBuff, SST25_SECTOR_SIZE);
app.c:                            ^
app.c: app.c: 70 warnings, 1 error
Target not created
Build target 'STM32-FD-LED-ucos'
compiling app.c...
..\BSP\bsp.h(22): warning:  #1295-D: Deprecated declaration TIM2_Configeration - give arg types
..\BSP\bsp.h:   void TIM2_Configeration();
..\BSP\bsp.h:        ^
..\BSP\bsp.h(23): warning:  #1295-D: Deprecated declaration TIM4_Configeration - give arg types
..\BSP\bsp.h:   void TIM4_Configeration();
..\BSP\bsp.h:        ^
..\BSP\bsp.h(24): warning:  #1295-D: Deprecated declaration TIM3_Configeration - give arg types
..\BSP\bsp.h:   void TIM3_Configeration();
..\BSP\bsp.h:        ^
app.c(229): warning:  #1295-D: Deprecated declaration draw_gprs_status - give arg types
app.c:   void draw_gprs_status();
app.c:        ^
app.c(230): warning:  #1295-D: Deprecated declaration draw_adminMenu - give arg types
app.c:   void draw_adminMenu();
app.c:        ^
app.c(243): warning:  #1295-D: Deprecated declaration jump_modMain - give arg types
app.c:   void jump_modMain();
app.c:        ^
app.c(244): warning:  #1295-D: Deprecated declaration jump_modAdminMenu - give arg types
app.c:   void jump_modAdminMenu();
app.c:        ^
app.c(245): warning:  #1295-D: Deprecated declaration jump_modAdminPwdIn - give arg types
app.c:   void jump_modAdminPwdIn();
app.c:        ^
app.c(246): warning:  #1295-D: Deprecated declaration jump_modSetGuiziID - give arg types
app.c:   void jump_modSetGuiziID();
app.c:        ^
app.c(247): warning:  #1295-D: Deprecated declaration jump_modResetGPRS - give arg types
app.c:   void jump_modResetGPRS();
app.c:        ^
app.c(248): warning:  #1295-D: Deprecated declaration jump_modResetBar - give arg types
app.c:   void jump_modResetBar();
app.c:        ^
app.c(249): warning:  #1295-D: Deprecated declaration jump_modResetIC - give arg types
app.c:   void jump_modResetIC();
app.c:        ^
app.c(255): warning:  #1295-D: Deprecated declaration opendoorAll - give arg types
app.c:   void opendoorAll();
app.c:        ^
app.c(258): warning:  #1295-D: Deprecated declaration adjust_screen_light - give arg types
app.c:   void adjust_screen_light();
app.c:        ^
app.c(299): warning:  #550-D: variable "os_err" was set but never used
app.c:      CPU_INT08U os_err;
app.c:                 ^
app.c(456): warning:  #167-D: argument of type "unsigned char *" is incompatible with parameter of type "const char *"
app.c:                                   if(strstr(adminEnter,adminEnterCode)!=NULL){
app.c:                                             ^
app.c(456): warning:  #167-D: argument of type "unsigned char *" is incompatible with parameter of type "const char *"
app.c:                                   if(strstr(adminEnter,adminEnterCode)!=NULL){
app.c:                                                        ^
app.c(484): warning:  #167-D: argument of type "unsigned char *" is incompatible with parameter of type "const char *"
app.c:                           if(strstr(adminEnter,sysInfo.sysData.superAdminPwd)!=NULL){
app.c:                                     ^
app.c(571): warning:  #167-D: argument of type "unsigned char *" is incompatible with parameter of type "const char *restrict"
app.c:                               strcpy(sysInfo.sysData.guizi_id,guiziNum);
app.c:                                                               ^
app.c(391): warning:  #177-D: variable "doorNum" was declared but never referenced
app.c:       unsigned char doorNum[3];//柜门
app.c:                     ^
app.c(393): warning:  #177-D: variable "i" was declared but never referenced
app.c:       u8 i;
app.c:          ^
app.c(394): warning:  #177-D: variable "msg" was declared but never referenced
app.c:       u8 msg[2];
app.c:          ^
app.c(656): warning:  #167-D: argument of type "unsigned char *" is incompatible with parameter of type "char *restrict"
app.c:           sprintf(time_data, "%d-%02d-%02d %02d %02d %02d", sysInfo.sysData.year, sysInfo.sysData.month, sysInfo.sysData.day, sysInfo.sysData.hour, sysInfo.sysData.minute, sysInfo.sysData.second);
app.c:                   ^
app.c(663): warning:  #167-D: argument of type "unsigned char *" is incompatible with parameter of type "char *restrict"
app.c:           sprintf(time_data, "%d-%02d-%02d %02d:%02d:%02d", sysInfo.sysData.year, sysInfo.sysData.month, sysInfo.sysData.day, sysInfo.sysData.hour, sysInfo.sysData.minute, sysInfo.sysData.second);
app.c:                   ^
app.c(604): warning:  #177-D: variable "msg" was declared but never referenced
app.c:      u8 msg[2]={DIS_TIME, 0x00};
app.c:         ^
app.c(804): warning:  #167-D: argument of type "char *" is incompatible with parameter of type "u8 *"
app.c:           SST25_W_BLOCK(0, sysInfo.dataBuff, SST25_SECTOR_SIZE);
app.c:                            ^
app.c(822): warning:  #223-D: function "IRcvStr" declared implicitly
app.c:       IRcvStr(PCA9555_01W,0x01,&openstatus_01,1);
app.c:       ^
app.c(812): warning:  #177-D: variable "msg" was declared but never referenced
app.c:       unsigned char msg[10];
app.c:                     ^
app.c(817): warning:  #177-D: variable "str" was declared but never referenced
app.c:      unsigned char str[]="this is a test";
app.c:                    ^
app.c(882): warning:  #223-D: function "keyScan" declared implicitly
app.c:           KeyValue=keyScan();
app.c:                    ^
app.c(930): warning:  #167-D: argument of type "unsigned char *" is incompatible with parameter of type "char *"
app.c:               QueueOut(&USART3Recieve, &recv_data[i]);
app.c:                                        ^
app.c(1010): warning:  #167-D: argument of type "unsigned char *" is incompatible with parameter of type "char *restrict"
app.c:                       sprintf(cmd, "AT+CIPSTART=\"TCP\",\"%s\",\"%d\"",sysInfo.sysData.servIP,sysInfo.sysData.port);
app.c:                               ^
app.c(1023): warning:  #167-D: argument of type "unsigned char *" is incompatible with parameter of type "char *restrict"
app.c:                   sprintf(cmd, "AT+CIPSTART=\"TCP\",\"%s\",\"%d\"",sysInfo.sysData.servIP,sysInfo.sysData.port);
app.c:                           ^
app.c(1037): warning:  #167-D: argument of type "unsigned char *" is incompatible with parameter of type "char *"
app.c:                           QueueOut(&USART3Recieve, &recv_data[i]);
app.c:                                                    ^
app.c(905): warning:  #177-D: variable "msg" was declared but never referenced
app.c:       u8 msg[8];
app.c:          ^
app.c(907): warning:  #177-D: variable "strength" was declared but never referenced
app.c:       u8 strength=0;
app.c:          ^
app.c(908): warning:  #177-D: variable "strtmp" was declared but never referenced
app.c:       u8 *strtmp;
app.c:           ^
app.c(1071): warning:  #167-D: argument of type "unsigned char *" is incompatible with parameter of type "char *"
app.c:                   QueueOut(&USART1Recieve, &recv_data[i]);
app.c:                                            ^
app.c(1094): warning:  #167-D: argument of type "char *" is incompatible with parameter of type "unsigned char *"
app.c:           len_usart=ic_command(7,request,recv_data);
app.c:                                  ^
app.c(1103): warning:  #167-D: argument of type "char *" is incompatible with parameter of type "unsigned char *"
app.c:               len_usart=ic_command(6,stop,recv_data);
app.c:                                      ^
app.c(1109): warning:  #167-D: argument of type "char *" is incompatible with parameter of type "unsigned char *"
app.c:               len_usart=ic_command(12,crash,recv_data);
app.c:                                       ^
app.c(1121): warning:  #167-D: argument of type "unsigned char *" is incompatible with parameter of type "char *restrict"
app.c:                   sprintf(str, "card:%02X  %02X  %02X %02X ",card[0],card[1],card[2],card[3] );
app.c:                           ^
app.c(1133): warning:  #167-D: argument of type "char *" is incompatible with parameter of type "unsigned char *"
app.c:                       len_usart=ic_command(12,crash,recv_data);
app.c:                                               ^
app.c(1141): warning:  #167-D: argument of type "char *" is incompatible with parameter of type "unsigned char *"
app.c:               len_usart=ic_command(6,stop,recv_data);
app.c:                                      ^
app.c(1081): warning:  #177-D: variable "err" was declared but never referenced
app.c:      INT8U err;
app.c:            ^
app.c(1415): warning:  #177-D: variable "x" was declared but never referenced
app.c:       u8 x=0,y=20;
app.c:          ^
app.c(1427): warning:  #177-D: variable "msg" was declared but never referenced
app.c:       u8 msg[2]; 
app.c:          ^
app.c(1506): warning:  #167-D: argument of type "char *" is incompatible with parameter of type "unsigned char *"
app.c:       PutString(60, 90, sysInfo.sysData.guizi_id,LCD_ASC12_FONT);
app.c:                         ^
app.c(1610): warning:  #550-D: variable "dataLen" was set but never used
app.c:       int i=0,dataLen=0;
app.c:               ^
app.c(1697): warning:  #167-D: argument of type "u8 *" is incompatible with parameter of type "const char *"
app.c:           if(strstr(recv_data,str_cmcc)!=NULL)
app.c:                     ^
app.c(1697): warning:  #167-D: argument of type "u8 *" is incompatible with parameter of type "const char *"
app.c:           if(strstr(recv_data,str_cmcc)!=NULL)
app.c:                               ^
app.c(1701): warning:  #167-D: argument of type "u8 *" is incompatible with parameter of type "const char *"
app.c:           if(strstr(recv_data,str_unicom)!=NULL)
app.c:                     ^
app.c(1701): warning:  #167-D: argument of type "u8 *" is incompatible with parameter of type "const char *"
app.c:           if(strstr(recv_data,str_unicom)!=NULL)
app.c:                               ^
app.c(1685): warning:  #177-D: variable "msg" was declared but never referenced
app.c:       u8 msg[1];
app.c:          ^
app.c(1686): warning:  #177-D: variable "strength" was declared but never referenced
app.c:       u8 strength=0;
app.c:          ^
app.c(1687): warning:  #177-D: variable "strtmp" was declared but never referenced
app.c:       u8 *strtmp;
app.c:           ^
app.c(1692): warning:  #177-D: variable "i" was declared but never referenced
app.c:       int i;
app.c:           ^
app.c(1718): warning:  #167-D: argument of type "u8 *" is incompatible with parameter of type "const char *"
app.c:           strtmp=strstr(recv_data,"CSQ:");
app.c:                         ^
app.c(1718): warning:  #513-D: a value of type "char *" cannot be assigned to an entity of type "u8 *"
app.c:           strtmp=strstr(recv_data,"CSQ:");
app.c:                 ^
app.c(1767): warning:  #223-D: function "ISendStr" declared implicitly
app.c:               ISendStr(PCA9555_01W, 0x02, &buff2, 1);
app.c:               ^
app.c(1774): warning:  #223-D: function "ISendStr" declared implicitly
app.c:               ISendStr(PCA9555_02W, 0x02, &buff2, 1);
app.c:               ^
app.c(1781): warning:  #223-D: function "ISendStr" declared implicitly
app.c:               ISendStr(PCA9555_03W, 0x02, &buff2, 1);
app.c:               ^
app.c(1901): warning:  #167-D: argument of type "unsigned char *" is incompatible with parameter of type "char *"
app.c:               QueueOut(&USART2Recieve, &recv_data[i]);
app.c:                                        ^
app.c(1939): warning:  #167-D: argument of type "unsigned char *" is incompatible with parameter of type "char *"
app.c:               QueueOut(&USART3Recieve, &recv_data[i]);
app.c:                                        ^
app.c(1947): warning:  #513-D: a value of type "char *" cannot be assigned to an entity of type "u8 *"
app.c:           res=strstr((const char*)recv_data,(const char*)ack);   //得到有效数据
app.c:              ^
app.c(2109): warning:  #223-D: function "ISendStr" declared implicitly
app.c:       ISendStr(PCA9555_01W,0x06,&buff,1);// IO0为输出
app.c:       ^
app.c(2198): warning:  #167-D: argument of type "char *" is incompatible with parameter of type "unsigned char *"
app.c:       SST25_R_BLOCK(0, sysInfo.dataBuff, sizeof(sdata));
app.c:                        ^
app.c(2203): warning:  #167-D: argument of type "char *" is incompatible with parameter of type "u8 *"
app.c:           SST25_W_BLOCK(0, sysInfo.dataBuff, SST25_SECTOR_SIZE);
app.c:                            ^
app.c: app.c: 68 warnings, 0 errors
linking...
Program Size: Code=21578 RO-data=346 RW-data=208 ZI-data=14808  
FromELF: creating hex file...
"..\ObjFlash\STM32-FD-ucos.axf" - 0 Error(s), 68 Warning(s).
Load "..\\ObjFlash\\STM32-FD-ucos.AXF" 
Set JLink Project File to "Z:\Documents\Documents\P_项目\百帮家事系统\柜子\开发\STM32智能柜\APP\JLinkSettings.ini"
 
JLink info:
------------
DLL: V4.15n, compiled Jun 18 2010 19:55:09
Firmware: J-Link ARM V8 compiled May 20 2010 17:07:46
Hardware: V8.00
S/N : 286370559 
Feature(s) : RDI,FlashDL,FlashBP,JFlash 
 
* JLink Info: TotalIRLen = 9, IRPrint = 0x0011
* JLink Info: Found Cortex-M3 r1p1, Little endian.
* JLink Info: TPIU fitted.
* JLink Info: ETM fitted.
* JLink Info:   FPUnit: 6 code (BP) slots and 2 literal slots
ROMTableAddr = 0xE00FF003
 
Target info:
------------
Device: STM32F103VE
VTarget = 3.325V
State of Pins: 
TCK: 1, TDI: 0, TDO: 0, TMS: 0, TRES: 1, TRST: 1
* JLink Info: TotalIRLen = 9, IRPrint = 0x0011
* JLink Info: Found Cortex-M3 r1p1, Little endian.
* JLink Info: TPIU fitted.
* JLink Info: ETM fitted.
* JLink Info:   FPUnit: 6 code (BP) slots and 2 literal slots
Hardware-Breakpoints: 6
Software-Breakpoints: 2048
Watchpoints:          4
JTAG speed: 2000 kHz
 
Erase Done.
Programming Done.
Verify OK.
Build target 'STM32-FD-LED-ucos'
compiling app.c...
..\BSP\bsp.h(22): warning:  #1295-D: Deprecated declaration TIM2_Configeration - give arg types
..\BSP\bsp.h:   void TIM2_Configeration();
..\BSP\bsp.h:        ^
..\BSP\bsp.h(23): warning:  #1295-D: Deprecated declaration TIM4_Configeration - give arg types
..\BSP\bsp.h:   void TIM4_Configeration();
..\BSP\bsp.h:        ^
..\BSP\bsp.h(24): warning:  #1295-D: Deprecated declaration TIM3_Configeration - give arg types
..\BSP\bsp.h:   void TIM3_Configeration();
..\BSP\bsp.h:        ^
app.c(229): warning:  #1295-D: Deprecated declaration draw_gprs_status - give arg types
app.c:   void draw_gprs_status();
app.c:        ^
app.c(230): warning:  #1295-D: Deprecated declaration draw_adminMenu - give arg types
app.c:   void draw_adminMenu();
app.c:        ^
app.c(243): warning:  #1295-D: Deprecated declaration jump_modMain - give arg types
app.c:   void jump_modMain();
app.c:        ^
app.c(244): warning:  #1295-D: Deprecated declaration jump_modAdminMenu - give arg types
app.c:   void jump_modAdminMenu();
app.c:        ^
app.c(245): warning:  #1295-D: Deprecated declaration jump_modAdminPwdIn - give arg types
app.c:   void jump_modAdminPwdIn();
app.c:        ^
app.c(246): warning:  #1295-D: Deprecated declaration jump_modSetGuiziID - give arg types
app.c:   void jump_modSetGuiziID();
app.c:        ^
app.c(247): warning:  #1295-D: Deprecated declaration jump_modResetGPRS - give arg types
app.c:   void jump_modResetGPRS();
app.c:        ^
app.c(248): warning:  #1295-D: Deprecated declaration jump_modResetBar - give arg types
app.c:   void jump_modResetBar();
app.c:        ^
app.c(249): warning:  #1295-D: Deprecated declaration jump_modResetIC - give arg types
app.c:   void jump_modResetIC();
app.c:        ^
app.c(255): warning:  #1295-D: Deprecated declaration opendoorAll - give arg types
app.c:   void opendoorAll();
app.c:        ^
app.c(258): warning:  #1295-D: Deprecated declaration adjust_screen_light - give arg types
app.c:   void adjust_screen_light();
app.c:        ^
app.c(299): warning:  #550-D: variable "os_err" was set but never used
app.c:      CPU_INT08U os_err;
app.c:                 ^
app.c(456): warning:  #167-D: argument of type "unsigned char *" is incompatible with parameter of type "const char *"
app.c:                                   if(strstr(adminEnter,adminEnterCode)!=NULL){
app.c:                                             ^
app.c(456): warning:  #167-D: argument of type "unsigned char *" is incompatible with parameter of type "const char *"
app.c:                                   if(strstr(adminEnter,adminEnterCode)!=NULL){
app.c:                                                        ^
app.c(484): warning:  #167-D: argument of type "unsigned char *" is incompatible with parameter of type "const char *"
app.c:                           if(strstr(adminEnter,sysInfo.sysData.superAdminPwd)!=NULL){
app.c:                                     ^
app.c(571): warning:  #167-D: argument of type "unsigned char *" is incompatible with parameter of type "const char *restrict"
app.c:                               strcpy(sysInfo.sysData.guizi_id,guiziNum);
app.c:                                                               ^
app.c(391): warning:  #177-D: variable "doorNum" was declared but never referenced
app.c:       unsigned char doorNum[3];//柜门
app.c:                     ^
app.c(393): warning:  #177-D: variable "i" was declared but never referenced
app.c:       u8 i;
app.c:          ^
app.c(394): warning:  #177-D: variable "msg" was declared but never referenced
app.c:       u8 msg[2];
app.c:          ^
app.c(656): warning:  #167-D: argument of type "unsigned char *" is incompatible with parameter of type "char *restrict"
app.c:           sprintf(time_data, "%d-%02d-%02d %02d %02d %02d", sysInfo.sysData.year, sysInfo.sysData.month, sysInfo.sysData.day, sysInfo.sysData.hour, sysInfo.sysData.minute, sysInfo.sysData.second);
app.c:                   ^
app.c(663): warning:  #167-D: argument of type "unsigned char *" is incompatible with parameter of type "char *restrict"
app.c:           sprintf(time_data, "%d-%02d-%02d %02d:%02d:%02d", sysInfo.sysData.year, sysInfo.sysData.month, sysInfo.sysData.day, sysInfo.sysData.hour, sysInfo.sysData.minute, sysInfo.sysData.second);
app.c:                   ^
app.c(604): warning:  #177-D: variable "msg" was declared but never referenced
app.c:      u8 msg[2]={DIS_TIME, 0x00};
app.c:         ^
app.c(804): warning:  #167-D: argument of type "char *" is incompatible with parameter of type "u8 *"
app.c:           SST25_W_BLOCK(0, sysInfo.dataBuff, SST25_SECTOR_SIZE);
app.c:                            ^
app.c(822): warning:  #223-D: function "IRcvStr" declared implicitly
app.c:       IRcvStr(PCA9555_01W,0x01,&openstatus_01,1);
app.c:       ^
app.c(812): warning:  #177-D: variable "msg" was declared but never referenced
app.c:       unsigned char msg[10];
app.c:                     ^
app.c(817): warning:  #177-D: variable "str" was declared but never referenced
app.c:      unsigned char str[]="this is a test";
app.c:                    ^
app.c(882): warning:  #223-D: function "keyScan" declared implicitly
app.c:           KeyValue=keyScan();
app.c:                    ^
app.c(930): warning:  #167-D: argument of type "unsigned char *" is incompatible with parameter of type "char *"
app.c:               QueueOut(&USART3Recieve, &recv_data[i]);
app.c:                                        ^
app.c(1010): warning:  #167-D: argument of type "unsigned char *" is incompatible with parameter of type "char *restrict"
app.c:                       sprintf(cmd, "AT+CIPSTART=\"TCP\",\"%s\",\"%d\"",sysInfo.sysData.servIP,sysInfo.sysData.port);
app.c:                               ^
app.c(1023): warning:  #167-D: argument of type "unsigned char *" is incompatible with parameter of type "char *restrict"
app.c:                   sprintf(cmd, "AT+CIPSTART=\"TCP\",\"%s\",\"%d\"",sysInfo.sysData.servIP,sysInfo.sysData.port);
app.c:                           ^
app.c(1037): warning:  #167-D: argument of type "unsigned char *" is incompatible with parameter of type "char *"
app.c:                           QueueOut(&USART3Recieve, &recv_data[i]);
app.c:                                                    ^
app.c(905): warning:  #177-D: variable "msg" was declared but never referenced
app.c:       u8 msg[8];
app.c:          ^
app.c(907): warning:  #177-D: variable "strength" was declared but never referenced
app.c:       u8 strength=0;
app.c:          ^
app.c(908): warning:  #177-D: variable "strtmp" was declared but never referenced
app.c:       u8 *strtmp;
app.c:           ^
app.c(1071): warning:  #167-D: argument of type "unsigned char *" is incompatible with parameter of type "char *"
app.c:                   QueueOut(&USART1Recieve, &recv_data[i]);
app.c:                                            ^
app.c(1094): warning:  #167-D: argument of type "char *" is incompatible with parameter of type "unsigned char *"
app.c:           len_usart=ic_command(7,request,recv_data);
app.c:                                  ^
app.c(1103): warning:  #167-D: argument of type "char *" is incompatible with parameter of type "unsigned char *"
app.c:               len_usart=ic_command(6,stop,recv_data);
app.c:                                      ^
app.c(1109): warning:  #167-D: argument of type "char *" is incompatible with parameter of type "unsigned char *"
app.c:               len_usart=ic_command(12,crash,recv_data);
app.c:                                       ^
app.c(1121): warning:  #167-D: argument of type "unsigned char *" is incompatible with parameter of type "char *restrict"
app.c:                   sprintf(str, "card:%02X  %02X  %02X %02X ",card[0],card[1],card[2],card[3] );
app.c:                           ^
app.c(1133): warning:  #167-D: argument of type "char *" is incompatible with parameter of type "unsigned char *"
app.c:                       len_usart=ic_command(12,crash,recv_data);
app.c:                                               ^
app.c(1141): warning:  #167-D: argument of type "char *" is incompatible with parameter of type "unsigned char *"
app.c:               len_usart=ic_command(6,stop,recv_data);
app.c:                                      ^
app.c(1081): warning:  #177-D: variable "err" was declared but never referenced
app.c:      INT8U err;
app.c:            ^
app.c(1415): warning:  #177-D: variable "x" was declared but never referenced
app.c:       u8 x=0,y=20;
app.c:          ^
app.c(1427): warning:  #177-D: variable "msg" was declared but never referenced
app.c:       u8 msg[2]; 
app.c:          ^
app.c(1506): warning:  #167-D: argument of type "char *" is incompatible with parameter of type "unsigned char *"
app.c:       PutString(60, 90, sysInfo.sysData.guizi_id,LCD_ASC12_FONT);
app.c:                         ^
app.c(1610): warning:  #550-D: variable "dataLen" was set but never used
app.c:       int i=0,dataLen=0;
app.c:               ^
app.c(1697): warning:  #167-D: argument of type "u8 *" is incompatible with parameter of type "const char *"
app.c:           if(strstr(recv_data,str_cmcc)!=NULL)
app.c:                     ^
app.c(1697): warning:  #167-D: argument of type "u8 *" is incompatible with parameter of type "const char *"
app.c:           if(strstr(recv_data,str_cmcc)!=NULL)
app.c:                               ^
app.c(1701): warning:  #167-D: argument of type "u8 *" is incompatible with parameter of type "const char *"
app.c:           if(strstr(recv_data,str_unicom)!=NULL)
app.c:                     ^
app.c(1701): warning:  #167-D: argument of type "u8 *" is incompatible with parameter of type "const char *"
app.c:           if(strstr(recv_data,str_unicom)!=NULL)
app.c:                               ^
app.c(1685): warning:  #177-D: variable "msg" was declared but never referenced
app.c:       u8 msg[1];
app.c:          ^
app.c(1686): warning:  #177-D: variable "strength" was declared but never referenced
app.c:       u8 strength=0;
app.c:          ^
app.c(1687): warning:  #177-D: variable "strtmp" was declared but never referenced
app.c:       u8 *strtmp;
app.c:           ^
app.c(1692): warning:  #177-D: variable "i" was declared but never referenced
app.c:       int i;
app.c:           ^
app.c(1718): warning:  #167-D: argument of type "u8 *" is incompatible with parameter of type "const char *"
app.c:           strtmp=strstr(recv_data,"CSQ:");
app.c:                         ^
app.c(1718): warning:  #513-D: a value of type "char *" cannot be assigned to an entity of type "u8 *"
app.c:           strtmp=strstr(recv_data,"CSQ:");
app.c:                 ^
app.c(1767): warning:  #223-D: function "ISendStr" declared implicitly
app.c:               ISendStr(PCA9555_01W, 0x02, &buff2, 1);
app.c:               ^
app.c(1774): warning:  #223-D: function "ISendStr" declared implicitly
app.c:               ISendStr(PCA9555_02W, 0x02, &buff2, 1);
app.c:               ^
app.c(1781): warning:  #223-D: function "ISendStr" declared implicitly
app.c:               ISendStr(PCA9555_03W, 0x02, &buff2, 1);
app.c:               ^
app.c(1901): warning:  #167-D: argument of type "unsigned char *" is incompatible with parameter of type "char *"
app.c:               QueueOut(&USART2Recieve, &recv_data[i]);
app.c:                                        ^
app.c(1939): warning:  #167-D: argument of type "unsigned char *" is incompatible with parameter of type "char *"
app.c:               QueueOut(&USART3Recieve, &recv_data[i]);
app.c:                                        ^
app.c(1947): warning:  #513-D: a value of type "char *" cannot be assigned to an entity of type "u8 *"
app.c:           res=strstr((const char*)recv_data,(const char*)ack);   //得到有效数据
app.c:              ^
app.c(2109): warning:  #223-D: function "ISendStr" declared implicitly
app.c:       ISendStr(PCA9555_01W,0x06,&buff,1);// IO0为输出
app.c:       ^
app.c(2198): warning:  #167-D: argument of type "char *" is incompatible with parameter of type "unsigned char *"
app.c:       SST25_R_BLOCK(0, sysInfo.dataBuff, sizeof(sdata));
app.c:                        ^
app.c(2203): warning:  #167-D: argument of type "char *" is incompatible with parameter of type "u8 *"
app.c:           SST25_W_BLOCK(0, sysInfo.dataBuff, SST25_SECTOR_SIZE);
app.c:                            ^
app.c: app.c: 68 warnings, 0 errors
linking...
Program Size: Code=21578 RO-data=346 RW-data=208 ZI-data=14808  
FromELF: creating hex file...
"..\ObjFlash\STM32-FD-ucos.axf" - 0 Error(s), 68 Warning(s).
Load "..\\ObjFlash\\STM32-FD-ucos.AXF" 
Set JLink Project File to "Z:\Documents\Documents\P_项目\百帮家事系统\柜子\开发\STM32智能柜\APP\JLinkSettings.ini"
 
JLink info:
------------
DLL: V4.15n, compiled Jun 18 2010 19:55:09
Firmware: J-Link ARM V8 compiled May 20 2010 17:07:46
Hardware: V8.00
S/N : 286370559 
Feature(s) : RDI,FlashDL,FlashBP,JFlash 
 
* JLink Info: TotalIRLen = 9, IRPrint = 0x0011
* JLink Info: Found Cortex-M3 r1p1, Little endian.
* JLink Info: TPIU fitted.
* JLink Info: ETM fitted.
* JLink Info:   FPUnit: 6 code (BP) slots and 2 literal slots
ROMTableAddr = 0xE00FF003
 
Target info:
------------
Device: STM32F103VE
VTarget = 3.325V
State of Pins: 
TCK: 1, TDI: 0, TDO: 0, TMS: 0, TRES: 1, TRST: 1
* JLink Info: TotalIRLen = 9, IRPrint = 0x0011
* JLink Info: Found Cortex-M3 r1p1, Little endian.
* JLink Info: TPIU fitted.
* JLink Info: ETM fitted.
* JLink Info:   FPUnit: 6 code (BP) slots and 2 literal slots
Hardware-Breakpoints: 6
Software-Breakpoints: 2048
Watchpoints:          4
JTAG speed: 2000 kHz
 
Erase Done.
Programming Done.
Verify OK.
Build target 'STM32-FD-LED-ucos'
compiling app.c...
..\BSP\bsp.h(22): warning:  #1295-D: Deprecated declaration TIM2_Configeration - give arg types
..\BSP\bsp.h:   void TIM2_Configeration();
..\BSP\bsp.h:        ^
..\BSP\bsp.h(23): warning:  #1295-D: Deprecated declaration TIM4_Configeration - give arg types
..\BSP\bsp.h:   void TIM4_Configeration();
..\BSP\bsp.h:        ^
..\BSP\bsp.h(24): warning:  #1295-D: Deprecated declaration TIM3_Configeration - give arg types
..\BSP\bsp.h:   void TIM3_Configeration();
..\BSP\bsp.h:        ^
[...]
app.c:                       len_usart=ic_command(12,crash,recv_data);
app.c:                                               ^
app.c(1235): warning:  #167-D: argument of type "char *" is incompatible with parameter of type "unsigned char *"
app.c:               len_usart=ic_command(6,stop,recv_data);
app.c:                                      ^
app.c(1175): warning:  #177-D: variable "err" was declared but never referenced
app.c:      INT8U err;
app.c:            ^
app.c(1509): warning:  #177-D: variable "x" was declared but never referenced
app.c:       u8 x=0,y=20;
app.c:          ^
app.c(1521): warning:  #177-D: variable "msg" was declared but never referenced
app.c:       u8 msg[2]; 
app.c:          ^
app.c(1598): warning:  #167-D: argument of type "char *" is incompatible with parameter of type "unsigned char *"
app.c:       PutString(192, 90, sysInfo.sysData.guizi_id,LCD_ASC12_FONT);
app.c:                          ^
app.c(1716): warning:  #550-D: variable "dataLen" was set but never used
app.c:       int i=0,dataLen=0;
app.c:               ^
app.c(1803): warning:  #167-D: argument of type "u8 *" is incompatible with parameter of type "const char *"
app.c:           if(strstr(recv_data,str_cmcc)!=NULL)
app.c:                     ^
app.c(1803): warning:  #167-D: argument of type "u8 *" is incompatible with parameter of type "const char *"
app.c:           if(strstr(recv_data,str_cmcc)!=NULL)
app.c:                               ^
app.c(1807): warning:  #167-D: argument of type "u8 *" is incompatible with parameter of type "const char *"
app.c:           if(strstr(recv_data,str_unicom)!=NULL)
app.c:                     ^
app.c(1807): warning:  #167-D: argument of type "u8 *" is incompatible with parameter of type "const char *"
app.c:           if(strstr(recv_data,str_unicom)!=NULL)
app.c:                               ^
app.c(1791): warning:  #177-D: variable "msg" was declared but never referenced
app.c:       u8 msg[1];
app.c:          ^
app.c(1792): warning:  #177-D: variable "strength" was declared but never referenced
app.c:       u8 strength=0;
app.c:          ^
app.c(1793): warning:  #177-D: variable "strtmp" was declared but never referenced
app.c:       u8 *strtmp;
app.c:           ^
app.c(1798): warning:  #177-D: variable "i" was declared but never referenced
app.c:       int i;
app.c:           ^
app.c(1824): warning:  #167-D: argument of type "u8 *" is incompatible with parameter of type "const char *"
app.c:           strtmp=strstr(recv_data,"CSQ:");
app.c:                         ^
app.c(1824): warning:  #513-D: a value of type "char *" cannot be assigned to an entity of type "u8 *"
app.c:           strtmp=strstr(recv_data,"CSQ:");
app.c:                 ^
app.c(1873): warning:  #223-D: function "ISendStr" declared implicitly
app.c:               ISendStr(PCA9555_01W, 0x02, &buff2, 1);
app.c:               ^
app.c(1880): warning:  #223-D: function "ISendStr" declared implicitly
app.c:               ISendStr(PCA9555_02W, 0x02, &buff2, 1);
app.c:               ^
app.c(1887): warning:  #223-D: function "ISendStr" declared implicitly
app.c:               ISendStr(PCA9555_03W, 0x02, &buff2, 1);
app.c:               ^
app.c(2007): warning:  #167-D: argument of type "unsigned char *" is incompatible with parameter of type "char *"
app.c:               QueueOut(&USART2Recieve, &recv_data[i]);
app.c:                                        ^
app.c(2045): warning:  #167-D: argument of type "unsigned char *" is incompatible with parameter of type "char *"
app.c:               QueueOut(&USART3Recieve, &recv_data[i]);
app.c:                                        ^
app.c(2053): warning:  #513-D: a value of type "char *" cannot be assigned to an entity of type "u8 *"
app.c:           res=strstr((const char*)recv_data,(const char*)ack);   //得到有效数据
app.c:              ^
app.c(2215): warning:  #223-D: function "ISendStr" declared implicitly
app.c:       ISendStr(PCA9555_01W,0x06,&buff,1);// IO0为输出
app.c:       ^
app.c(2304): warning:  #167-D: argument of type "char *" is incompatible with parameter of type "unsigned char *"
app.c:       SST25_R_BLOCK(0, sysInfo.dataBuff, sizeof(sdata));
app.c:                        ^
app.c(2309): warning:  #167-D: argument of type "char *" is incompatible with parameter of type "u8 *"
app.c:           SST25_W_BLOCK(0, sysInfo.dataBuff, SST25_SECTOR_SIZE);
app.c:                            ^
app.c: app.c: 69 warnings, 0 errors
linking...
Program Size: Code=22170 RO-data=346 RW-data=208 ZI-data=14808  
FromELF: creating hex file...
"..\ObjFlash\STM32-FD-ucos.axf" - 0 Error(s), 69 Warning(s).
Load "..\\ObjFlash\\STM32-FD-ucos.AXF" 
Set JLink Project File to "Z:\Documents\Documents\P_项目\百帮家事系统\柜子\开发\STM32智能柜\APP\JLinkSettings.ini"
 
JLink info:
------------
DLL: V4.15n, compiled Jun 18 2010 19:55:09
Firmware: J-Link ARM V8 compiled May 20 2010 17:07:46
Hardware: V8.00
S/N : 286370559 
Feature(s) : RDI,FlashDL,FlashBP,JFlash 
 
* JLink Info: TotalIRLen = 9, IRPrint = 0x0011
* JLink Info: Found Cortex-M3 r1p1, Little endian.
* JLink Info: TPIU fitted.
* JLink Info: ETM fitted.
* JLink Info:   FPUnit: 6 code (BP) slots and 2 literal slots
ROMTableAddr = 0xE00FF003
 
Target info:
------------
Device: STM32F103VE
VTarget = 3.325V
State of Pins: 
TCK: 1, TDI: 0, TDO: 0, TMS: 0, TRES: 1, TRST: 1
* JLink Info: TotalIRLen = 9, IRPrint = 0x0011
* JLink Info: Found Cortex-M3 r1p1, Little endian.
* JLink Info: TPIU fitted.
* JLink Info: ETM fitted.
* JLink Info:   FPUnit: 6 code (BP) slots and 2 literal slots
Hardware-Breakpoints: 6
Software-Breakpoints: 2048
Watchpoints:          4
JTAG speed: 2000 kHz
 
Erase Done.
Programming Done.
Verify OK.
Build target 'STM32-FD-LED-ucos'
compiling app.c...
..\BSP\bsp.h(22): warning:  #1295-D: Deprecated declaration TIM2_Configeration - give arg types
..\BSP\bsp.h:   void TIM2_Configeration();
..\BSP\bsp.h:        ^
..\BSP\bsp.h(23): warning:  #1295-D: Deprecated declaration TIM4_Configeration - give arg types
..\BSP\bsp.h:   void TIM4_Configeration();
..\BSP\bsp.h:        ^
..\BSP\bsp.h(24): warning:  #1295-D: Deprecated declaration TIM3_Configeration - give arg types
..\BSP\bsp.h:   void TIM3_Configeration();
..\BSP\bsp.h:        ^
app.c(230): warning:  #1295-D: Deprecated declaration draw_gprs_status - give arg types
app.c:   void draw_gprs_status();
app.c:        ^
app.c(231): warning:  #1295-D: Deprecated declaration draw_adminMenu - give arg types
app.c:   void draw_adminMenu();
app.c:        ^
app.c(244): warning:  #1295-D: Deprecated declaration jump_modMain - give arg types
app.c:   void jump_modMain();
app.c:        ^
app.c(245): warning:  #1295-D: Deprecated declaration jump_modAdminMenu - give arg types
app.c:   void jump_modAdminMenu();
app.c:        ^
app.c(246): warning:  #1295-D: Deprecated declaration jump_modAdminPwdIn - give arg types
app.c:   void jump_modAdminPwdIn();
app.c:        ^
app.c(247): warning:  #1295-D: Deprecated declaration jump_modSetGuiziID - give arg types
app.c:   void jump_modSetGuiziID();
app.c:        ^
app.c(248): warning:  #1295-D: Deprecated declaration jump_modOpenDoor - give arg types
app.c:   void jump_modOpenDoor();
app.c:        ^
app.c(249): warning:  #1295-D: Deprecated declaration jump_modResetGPRS - give arg types
app.c:   void jump_modResetGPRS();
app.c:        ^
app.c(250): warning:  #1295-D: Deprecated declaration jump_modResetBar - give arg types
app.c:   void jump_modResetBar();
app.c:        ^
app.c(251): warning:  #1295-D: Deprecated declaration jump_modResetIC - give arg types
app.c:   void jump_modResetIC();
app.c:        ^
app.c(257): warning:  #1295-D: Deprecated declaration opendoorAll - give arg types
app.c:   void opendoorAll();
app.c:        ^
app.c(260): warning:  #1295-D: Deprecated declaration adjust_screen_light - give arg types
app.c:   void adjust_screen_light();
app.c:        ^
app.c(301): warning:  #550-D: variable "os_err" was set but never used
app.c:      CPU_INT08U os_err;
app.c:                 ^
app.c(459): warning:  #167-D: argument of type "unsigned char *" is incompatible with parameter of type "const char *"
app.c:                                   if(strstr(adminEnter,adminEnterCode)!=NULL){
app.c:                                             ^
app.c(459): warning:  #167-D: argument of type "unsigned char *" is incompatible with parameter of type "const char *"
app.c:                                   if(strstr(adminEnter,adminEnterCode)!=NULL){
app.c:                                                        ^
app.c(487): warning:  #167-D: argument of type "unsigned char *" is incompatible with parameter of type "const char *"
app.c:                           if(strstr(adminEnter,sysInfo.sysData.superAdminPwd)!=NULL){
app.c:                                     ^
app.c(578): warning:  #167-D: argument of type "unsigned char *" is incompatible with parameter of type "const char *restrict"
app.c:                               strcpy(sysInfo.sysData.guizi_id,guiziNum);
app.c:                                                               ^
app.c(580): warning:  #167-D: argument of type "char *" is incompatible with parameter of type "u8 *"
app.c:                               SST25_W_BLOCK(0, sysInfo.dataBuff, SST25_SECTOR_SIZE);//保存数据
app.c:                                                ^
app.c(396): warning:  #177-D: variable "i" was declared but never referenced
app.c:       u8 i;
app.c:          ^
app.c(397): warning:  #177-D: variable "msg" was declared but never referenced
app.c:       u8 msg[2];
app.c:          ^
app.c(752): warning:  #167-D: argument of type "unsigned char *" is incompatible with parameter of type "char *restrict"
app.c:           sprintf(time_data, "%d-%02d-%02d %02d %02d %02d", sysInfo.sysData.year, sysInfo.sysData.month, sysInfo.sysData.day, sysInfo.sysData.hour, sysInfo.sysData.minute, sysInfo.sysData.second);
app.c:                   ^
app.c(759): warning:  #167-D: argument of type "unsigned char *" is incompatible with parameter of type "char *restrict"
app.c:           sprintf(time_data, "%d-%02d-%02d %02d:%02d:%02d", sysInfo.sysData.year, sysInfo.sysData.month, sysInfo.sysData.day, sysInfo.sysData.hour, sysInfo.sysData.minute, sysInfo.sysData.second);
app.c:                   ^
app.c(700): warning:  #177-D: variable "msg" was declared but never referenced
app.c:      u8 msg[2]={DIS_TIME, 0x00};
app.c:         ^
app.c(900): warning:  #167-D: argument of type "char *" is incompatible with parameter of type "u8 *"
app.c:           SST25_W_BLOCK(0, sysInfo.dataBuff, SST25_SECTOR_SIZE);
app.c:                            ^
app.c(918): warning:  #223-D: function "IRcvStr" declared implicitly
app.c:       IRcvStr(PCA9555_01W,0x01,&openstatus_01,1);
app.c:       ^
app.c(908): warning:  #177-D: variable "msg" was declared but never referenced
app.c:       unsigned char msg[10];
app.c:                     ^
app.c(913): warning:  #177-D: variable "str" was declared but never referenced
app.c:      unsigned char str[]="this is a test";
app.c:                    ^
app.c(978): warning:  #223-D: function "keyScan" declared implicitly
app.c:           KeyValue=keyScan();
app.c:                    ^
app.c(1026): warning:  #167-D: argument of type "unsigned char *" is incompatible with parameter of type "char *"
app.c:               QueueOut(&USART3Recieve, &recv_data[i]);
app.c:                                        ^
app.c(1106): warning:  #167-D: argument of type "unsigned char *" is incompatible with parameter of type "char *restrict"
app.c:                       sprintf(cmd, "AT+CIPSTART=\"TCP\",\"%s\",\"%d\"",sysInfo.sysData.servIP,sysInfo.sysData.port);
app.c:                               ^
app.c(1119): warning:  #167-D: argument of type "unsigned char *" is incompatible with parameter of type "char *restrict"
app.c:                   sprintf(cmd, "AT+CIPSTART=\"TCP\",\"%s\",\"%d\"",sysInfo.sysData.servIP,sysInfo.sysData.port);
app.c:                           ^
app.c(1133): warning:  #167-D: argument of type "unsigned char *" is incompatible with parameter of type "char *"
app.c:                           QueueOut(&USART3Recieve, &recv_data[i]);
app.c:                                                    ^
app.c(1001): warning:  #177-D: variable "msg" was declared but never referenced
app.c:       u8 msg[8];
app.c:          ^
app.c(1003): warning:  #177-D: variable "strength" was declared but never referenced
app.c:       u8 strength=0;
app.c:          ^
app.c(1004): warning:  #177-D: variable "strtmp" was declared but never referenced
app.c:       u8 *strtmp;
app.c:           ^
app.c(1167): warning:  #167-D: argument of type "unsigned char *" is incompatible with parameter of type "char *"
app.c:                   QueueOut(&USART1Recieve, &recv_data[i]);
app.c:                                            ^
app.c(1190): warning:  #167-D: argument of type "char *" is incompatible with parameter of type "unsigned char *"
app.c:           len_usart=ic_command(7,request,recv_data);
app.c:                                  ^
app.c(1199): warning:  #167-D: argument of type "char *" is incompatible with parameter of type "unsigned char *"
app.c:               len_usart=ic_command(6,stop,recv_data);
app.c:                                      ^
app.c(1205): warning:  #167-D: argument of type "char *" is incompatible with parameter of type "unsigned char *"
app.c:               len_usart=ic_command(12,crash,recv_data);
app.c:                                       ^
app.c(1217): warning:  #167-D: argument of type "unsigned char *" is incompatible with parameter of type "char *restrict"
app.c:                   sprintf(str, "card:%02X  %02X  %02X %02X ",card[0],card[1],card[2],card[3] );
app.c:                           ^
app.c(1229): warning:  #167-D: argument of type "char *" is incompatible with parameter of type "unsigned char *"
app.c:                       len_usart=ic_command(12,crash,recv_data);
app.c:                                               ^
app.c(1237): warning:  #167-D: argument of type "char *" is incompatible with parameter of type "unsigned char *"
app.c:               len_usart=ic_command(6,stop,recv_data);
app.c:                                      ^
app.c(1177): warning:  #177-D: variable "err" was declared but never referenced
app.c:      INT8U err;
app.c:            ^
app.c(1511): warning:  #177-D: variable "x" was declared but never referenced
app.c:       u8 x=0,y=20;
app.c:          ^
app.c(1523): warning:  #177-D: variable "msg" was declared but never referenced
app.c:       u8 msg[2]; 
app.c:          ^
app.c(1600): warning:  #167-D: argument of type "char *" is incompatible with parameter of type "unsigned char *"
app.c:       PutString(192, 90, sysInfo.sysData.guizi_id,LCD_ASC12_FONT);
app.c:                          ^
app.c(1718): warning:  #550-D: variable "dataLen" was set but never used
app.c:       int i=0,dataLen=0;
app.c:               ^
app.c(1805): warning:  #167-D: argument of type "u8 *" is incompatible with parameter of type "const char *"
app.c:           if(strstr(recv_data,str_cmcc)!=NULL)
app.c:                     ^
app.c(1805): warning:  #167-D: argument of type "u8 *" is incompatible with parameter of type "const char *"
app.c:           if(strstr(recv_data,str_cmcc)!=NULL)
app.c:                               ^
app.c(1809): warning:  #167-D: argument of type "u8 *" is incompatible with parameter of type "const char *"
app.c:           if(strstr(recv_data,str_unicom)!=NULL)
app.c:                     ^
app.c(1809): warning:  #167-D: argument of type "u8 *" is incompatible with parameter of type "const char *"
app.c:           if(strstr(recv_data,str_unicom)!=NULL)
app.c:                               ^
app.c(1793): warning:  #177-D: variable "msg" was declared but never referenced
app.c:       u8 msg[1];
app.c:          ^
app.c(1794): warning:  #177-D: variable "strength" was declared but never referenced
app.c:       u8 strength=0;
app.c:          ^
app.c(1795): warning:  #177-D: variable "strtmp" was declared but never referenced
app.c:       u8 *strtmp;
app.c:           ^
app.c(1800): warning:  #177-D: variable "i" was declared but never referenced
app.c:       int i;
app.c:           ^
app.c(1826): warning:  #167-D: argument of type "u8 *" is incompatible with parameter of type "const char *"
app.c:           strtmp=strstr(recv_data,"CSQ:");
app.c:                         ^
app.c(1826): warning:  #513-D: a value of type "char *" cannot be assigned to an entity of type "u8 *"
app.c:           strtmp=strstr(recv_data,"CSQ:");
app.c:                 ^
app.c(1875): warning:  #223-D: function "ISendStr" declared implicitly
app.c:               ISendStr(PCA9555_01W, 0x02, &buff2, 1);
app.c:               ^
app.c(1882): warning:  #223-D: function "ISendStr" declared implicitly
app.c:               ISendStr(PCA9555_02W, 0x02, &buff2, 1);
app.c:               ^
app.c(1889): warning:  #223-D: function "ISendStr" declared implicitly
app.c:               ISendStr(PCA9555_03W, 0x02, &buff2, 1);
app.c:               ^
app.c(2009): warning:  #167-D: argument of type "unsigned char *" is incompatible with parameter of type "char *"
app.c:               QueueOut(&USART2Recieve, &recv_data[i]);
app.c:                                        ^
app.c(2047): warning:  #167-D: argument of type "unsigned char *" is incompatible with parameter of type "char *"
app.c:               QueueOut(&USART3Recieve, &recv_data[i]);
app.c:                                        ^
app.c(2055): warning:  #513-D: a value of type "char *" cannot be assigned to an entity of type "u8 *"
app.c:           res=strstr((const char*)recv_data,(const char*)ack);   //得到有效数据
app.c:              ^
app.c(2217): warning:  #223-D: function "ISendStr" declared implicitly
app.c:       ISendStr(PCA9555_01W,0x06,&buff,1);// IO0为输出
app.c:       ^
app.c(2306): warning:  #167-D: argument of type "char *" is incompatible with parameter of type "unsigned char *"
app.c:       SST25_R_BLOCK(0, sysInfo.dataBuff, sizeof(sdata));
app.c:                        ^
app.c(2311): warning:  #167-D: argument of type "char *" is incompatible with parameter of type "u8 *"
app.c:           SST25_W_BLOCK(0, sysInfo.dataBuff, SST25_SECTOR_SIZE);
app.c:                            ^
app.c: app.c: 69 warnings, 0 errors
linking...
Program Size: Code=22170 RO-data=346 RW-data=208 ZI-data=14808  
FromELF: creating hex file...
"..\ObjFlash\STM32-FD-ucos.axf" - 0 Error(s), 69 Warning(s).
Load "..\\ObjFlash\\STM32-FD-ucos.AXF" 
Set JLink Project File to "Z:\Documents\Documents\P_项目\百帮家事系统\柜子\开发\STM32智能柜\APP\JLinkSettings.ini"
 
JLink info:
------------
DLL: V4.15n, compiled Jun 18 2010 19:55:09
Firmware: J-Link ARM V8 compiled May 20 2010 17:07:46
Hardware: V8.00
S/N : 286370559 
Feature(s) : RDI,FlashDL,FlashBP,JFlash 
 
* JLink Info: TotalIRLen = 9, IRPrint = 0x0011
* JLink Info: Found Cortex-M3 r1p1, Little endian.
* JLink Info: TPIU fitted.
* JLink Info: ETM fitted.
* JLink Info:   FPUnit: 6 code (BP) slots and 2 literal slots
ROMTableAddr = 0xE00FF003
 
Target info:
------------
Device: STM32F103VE
VTarget = 3.325V
State of Pins: 
TCK: 1, TDI: 0, TDO: 0, TMS: 0, TRES: 1, TRST: 1
* JLink Info: TotalIRLen = 9, IRPrint = 0x0011
* JLink Info: Found Cortex-M3 r1p1, Little endian.
* JLink Info: TPIU fitted.
* JLink Info: ETM fitted.
* JLink Info:   FPUnit: 6 code (BP) slots and 2 literal slots
Hardware-Breakpoints: 6
Software-Breakpoints: 2048
Watchpoints:          4
JTAG speed: 2000 kHz
 
Erase Done.
Programming Done.
Verify OK.
